-------------- DATA PROCESSOR SEQUENCE START --------------
Sat Jul 26 14:27:43 CDT 2025: Running data processors in sequence
1. Running MongoDB Merger...
Traceback (most recent call last):
  File [35m"/Users/sim/selora-clean/mongodb_merger.py"[0m, line [35m18[0m, in [35m<module>[0m
    import pymongo
[1;35mModuleNotFoundError[0m: [35mNo module named 'pymongo'[0m
MongoDB Merger completed.
2. Running Employee Utilization Analyzer...
Traceback (most recent call last):
  File [35m"/Users/sim/selora-clean/employee_utilization_analyzer.py"[0m, line [35m5[0m, in [35m<module>[0m
    from pymongo import MongoClient, UpdateOne
[1;35mModuleNotFoundError[0m: [35mNo module named 'pymongo'[0m
Employee Utilization Analyzer completed.
3. Running Attrition Score Analyzer...
Traceback (most recent call last):
  File [35m"/Users/sim/selora-clean/attrition_score.py"[0m, line [35m6[0m, in [35m<module>[0m
    import numpy as np
[1;35mModuleNotFoundError[0m: [35mNo module named 'numpy'[0m
Attrition Score Analyzer completed.
4. Running Successor Identification...
Traceback (most recent call last):
  File [35m"/Users/sim/selora-clean/successor_identification.py"[0m, line [35m6[0m, in [35m<module>[0m
    import numpy as np
[1;35mModuleNotFoundError[0m: [35mNo module named 'numpy'[0m
Successor Identification completed.
-------------- DATA PROCESSOR SEQUENCE COMPLETE --------------
Sat Jul 26 14:27:43 CDT 2025: All data processors have completed

Note: The successor script is scheduled to run every 24 hours via successor_cron.js
The other scripts will update automatically when database changes occur.
