2025-07-06 16:14:53,103 - INFO - ================================================================================
2025-07-06 16:14:53,103 - INFO - Successor Identification System starting up...
2025-07-06 16:14:53,103 - INFO - Python version: 3.13.5 (main, Jun 11 2025, 15:36:57) [Clang 17.0.0 (clang-1700.0.13.3)]
2025-07-06 16:14:53,128 - INFO - Platform: macOS-15.5-arm64-arm-64bit-Mach-O
2025-07-06 16:14:53,128 - INFO - Process ID: 75290
2025-07-06 16:14:53,390 - INFO - [Memory] Initial memory usage | RSS: 389.89MB | VMS: 401880.38MB | CPU: 0.0% | GC Objects: 375,797
2025-07-06 16:14:53,396 - INFO - MongoDB URI loaded: mongodb+srv://simarjotsingh5244:NUMotMgntP7AcNrQ@cluster0.nen0dzs.mongodb.net/
2025-07-06 16:14:53,607 - INFO - [Memory] Application startup | RSS: 392.81MB | VMS: 401880.38MB | CPU: 0.0% | GC Objects: 375,816
2025-07-06 16:14:53,819 - INFO - [Memory] Before database connection | RSS: 392.88MB | VMS: 401880.38MB | CPU: 0.0% | GC Objects: 375,852
2025-07-06 16:14:53,819 - INFO - [Resource] Starting connect_db...
2025-07-06 16:14:54,028 - INFO - [Memory] Before connect_db | RSS: 393.12MB | VMS: 401880.38MB | CPU: 0.0% | GC Objects: 375,852
2025-07-06 16:14:54,028 - INFO - Connecting to MongoDB at mongodb+srv://simarjotsingh5244:NUMotMgntP7AcNrQ@cluster0.nen0dzs.mongodb.net/... (attempt 1/3)
2025-07-06 16:14:54,865 - INFO - MongoDB connection successful.
2025-07-06 16:14:54,923 - INFO - Found 4 databases: company_pyat1tbz, company_ry0iwbpw, org_sim_db, test
2025-07-06 16:14:55,047 - INFO - Added database company_pyat1tbz to active databases
2025-07-06 16:14:55,168 - INFO - Added database company_ry0iwbpw to active databases
2025-07-06 16:14:55,218 - INFO - Skipping database org_sim_db: No 'users' collection
2025-07-06 16:14:55,362 - INFO - Added database test to active databases
2025-07-06 16:14:55,363 - INFO - Active databases for processing: 3
2025-07-06 16:14:55,591 - INFO - [Memory] After connect_db (1.34s) | RSS: 400.47MB | VMS: 402031.14MB | CPU: 0.5% | GC Objects: 381,535
2025-07-06 16:14:55,819 - INFO - [Memory] After database connection | RSS: 400.47MB | VMS: 402031.14MB | CPU: 0.1% | GC Objects: 381,523
2025-07-06 16:14:56,036 - INFO - [Memory] Before model loading | RSS: 400.48MB | VMS: 402031.14MB | CPU: 0.1% | GC Objects: 381,523
2025-07-06 16:14:56,036 - INFO - [Resource] Starting load_model...
2025-07-06 16:14:56,252 - INFO - [Memory] Before load_model | RSS: 403.53MB | VMS: 402168.14MB | CPU: 0.0% | GC Objects: 381,523
2025-07-06 16:14:56,253 - INFO - Loading sentence transformer model...
2025-07-06 16:14:56,465 - INFO - [Memory] Before model loading | RSS: 405.64MB | VMS: 402168.14MB | CPU: 0.1% | GC Objects: 381,523
2025-07-06 16:14:56,486 - INFO - Use pytorch device_name: mps
2025-07-06 16:14:56,486 - INFO - Load pretrained SentenceTransformer: all-MiniLM-L6-v2
2025-07-06 16:14:59,433 - INFO - [Memory] After model loading (2.95s) | RSS: 449.12MB | VMS: 403504.27MB | CPU: 0.2% | GC Objects: 398,229
2025-07-06 16:14:59,762 - INFO - [Memory] After GC | RSS: 449.16MB | VMS: 403504.27MB | CPU: 0.2% | GC Objects: 398,229
2025-07-06 16:14:59,987 - INFO - [Memory] After load_model (3.51s) | RSS: 449.16MB | VMS: 403504.27MB | CPU: 0.1% | GC Objects: 398,229
2025-07-06 16:15:00,220 - INFO - [Memory] After model loading | RSS: 449.19MB | VMS: 403504.27MB | CPU: 0.3% | GC Objects: 398,229
2025-07-06 16:15:00,220 - INFO - [Resource] Starting refresh_successor_analysis...
2025-07-06 16:15:00,445 - INFO - [Memory] Before refresh_successor_analysis | RSS: 449.19MB | VMS: 403504.25MB | CPU: 0.2% | GC Objects: 398,229
2025-07-06 16:15:00,665 - INFO - [Memory] Starting refresh_successor_analysis | RSS: 449.19MB | VMS: 403498.25MB | CPU: 0.2% | GC Objects: 398,229
2025-07-06 16:15:00,728 - INFO - Found 4 databases: company_pyat1tbz, company_ry0iwbpw, org_sim_db, test
2025-07-06 16:15:00,776 - INFO - Skipping database org_sim_db: No 'users' collection
2025-07-06 16:15:00,776 - INFO - Active databases for processing: 3
2025-07-06 16:15:00,776 - INFO - Processing successor analysis in company_pyat1tbz database...
2025-07-06 16:15:01,037 - INFO - [Memory] Starting processing database: company_pyat1tbz | RSS: 449.19MB | VMS: 403498.25MB | CPU: 0.1% | GC Objects: 398,231
2025-07-06 16:15:01,089 - INFO - Processing 1 employees in database: company_pyat1tbz
2025-07-06 16:15:01,187 - WARNING - Employee with email kanthony010@gmail.com not found in database company_pyat1tbz
2025-07-06 16:15:01,417 - INFO - [Memory] company_pyat1tbz: 1/1 (100.0%) - 10.3 docs/sec | RSS: 449.41MB | VMS: 403498.25MB | CPU: 0.4% | GC Objects: 398,265
2025-07-06 16:15:01,417 - INFO - Completed processing 1 employees in company_pyat1tbz in 0.3 seconds
2025-07-06 16:15:01,417 - INFO - Processing successor analysis in company_ry0iwbpw database...
2025-07-06 16:15:01,637 - INFO - [Memory] Starting processing database: company_ry0iwbpw | RSS: 449.41MB | VMS: 403498.25MB | CPU: 0.1% | GC Objects: 398,261
2025-07-06 16:15:01,690 - INFO - Processing 12 employees in database: company_ry0iwbpw
2025-07-06 16:15:01,947 - WARNING - Employee with email user1@testingdemo.com not found in database company_ry0iwbpw
2025-07-06 16:15:02,168 - INFO - [Memory] company_ry0iwbpw: 1/12 (8.3%) - 3.9 docs/sec | RSS: 449.42MB | VMS: 403498.25MB | CPU: 0.1% | GC Objects: 398,904
2025-07-06 16:15:02,221 - WARNING - Employee with email user2@testingdemo.com not found in database company_ry0iwbpw
2025-07-06 16:15:02,269 - WARNING - Employee with email user3@testingdemo.com not found in database company_ry0iwbpw
2025-07-06 16:15:02,318 - WARNING - Employee with email user4@testingdemo.com not found in database company_ry0iwbpw
2025-07-06 16:15:02,366 - WARNING - Employee with email user10@testingdemo.com not found in database company_ry0iwbpw
2025-07-06 16:15:02,416 - WARNING - Employee with email user11@testingdemo.com not found in database company_ry0iwbpw
2025-07-06 16:15:02,466 - WARNING - Employee with email user5@testingdemo.com not found in database company_ry0iwbpw
2025-07-06 16:15:02,515 - WARNING - Employee with email user6@testingdemo.com not found in database company_ry0iwbpw
2025-07-06 16:15:02,565 - WARNING - Employee with email user7@testingdemo.com not found in database company_ry0iwbpw
2025-07-06 16:15:02,615 - WARNING - Employee with email user12@testingdemo.com not found in database company_ry0iwbpw
2025-07-06 16:15:02,840 - INFO - [Memory] company_ry0iwbpw: 10/12 (83.3%) - 20.2 docs/sec | RSS: 452.22MB | VMS: 403498.25MB | CPU: 0.5% | GC Objects: 398,409
2025-07-06 16:15:02,889 - WARNING - Employee with email user13@testingdemo.com not found in database company_ry0iwbpw
2025-07-06 16:15:02,937 - WARNING - Employee with email user8@testingdemo.com not found in database company_ry0iwbpw
2025-07-06 16:15:02,937 - INFO - Completed processing 12 employees in company_ry0iwbpw in 1.2 seconds
2025-07-06 16:15:02,937 - INFO - Processing successor analysis in test database...
2025-07-06 16:15:03,169 - INFO - [Memory] Starting processing database: test | RSS: 452.22MB | VMS: 403498.25MB | CPU: 0.1% | GC Objects: 398,291
2025-07-06 16:15:03,222 - INFO - Processing 0 employees in database: test
2025-07-06 16:15:03,271 - INFO - Completed processing 0 employees in test in 0.0 seconds
2025-07-06 16:15:03,271 - INFO - Completed refresh_successor_analysis in 2.6 seconds. Processed 13 employees with 0 errors.
2025-07-06 16:15:03,497 - INFO - [Memory] Completed refresh_successor_analysis | RSS: 452.22MB | VMS: 403498.25MB | CPU: 0.3% | GC Objects: 398,289
2025-07-06 16:15:03,716 - INFO - [Memory] After refresh_successor_analysis (3.05s) | RSS: 452.23MB | VMS: 403498.25MB | CPU: 0.1% | GC Objects: 398,229
