[2025-08-01T19:25:36.329Z] [INFO] 🚀 Starting data update daemon... {
  "nodeVersion": "v20.19.3",
  "platform": "darwin",
  "arch": "arm64",
  "pid": 32580,
  "cwd": "/Users/sim/selora-clean",
  "system": {
    "cpus": 8,
    "memory": {
      "total": "16.00 GB",
      "free": "0.08 GB",
      "usage": "99.52%"
    },
    "load": [
      2.42333984375,
      4.23291015625,
      3.09228515625
    ]
  },
  "env": "production"
}
[2025-08-01T19:25:36.332Z] [INFO] [RESOURCE] Memory: 4.25MB used, 4.56MB total, 38.22MB RSS | Load: 2.42, 4.23, 3.09
[2025-08-01T19:25:36.332Z] [WARN] [WARNING] High memory usage: 93.3% of heap used
[2025-08-01T19:25:36.332Z] [WARN] [WARNING] Critical memory usage - consider increasing Node.js memory limit
[2025-08-01T19:25:36.332Z] [INFO] Performing initial data update...
[2025-08-01T19:25:36.333Z] [INFO] 🚀 Starting scheduled data updates... {
  "system": {
    "platform": "darwin",
    "arch": "arm64",
    "node": "v20.19.3",
    "pid": 32580,
    "cpus": 8,
    "memory": {
      "total": "16.00 GB",
      "free": "0.08 GB",
      "usage": "99.49%"
    }
  },
  "totalScripts": 3,
  "logLevel": "INFO"
}
[2025-08-01T19:25:36.333Z] [INFO] 
📋 [1/3] Starting script: Employee Utilization Analysis {
  "script": "employee_utilization_analyzer.py",
  "args": "",
  "timeout": "1800s",
  "maxRetries": 2,
  "retryDelay": "10000ms"
}
[2025-08-01T19:25:36.333Z] [DEBUG] Executing script: employee_utilization_analyzer.py {
  "args": [],
  "pid": 32580,
  "cwd": "/Users/sim/selora-clean",
  "pythonPath": "python3",
  "timeout": 1800000,
  "maxRetries": 2
}
[2025-08-01T19:25:36.400Z] [WARN] Script attempt 1 failed, will retry: employee_utilization_analyzer.py {
  "script": "employee_utilization_analyzer.py",
  "duration": "67ms",
  "exitCode": 1,
  "signal": null,
  "attempt": 1,
  "maxAttempts": 3,
  "error": "Command failed: \"python3\" \"/Users/sim/selora-clean/employee_utilization_analyzer.py\"\nTraceback (most recent call last):\n  File \u001b[35m\"/Users/sim/selora-clean/employee_utilization_analyzer.py\"\u001b[0m, line \u001b[35m5\u001b[0m, in \u001b[35m<module>\u001b[0m\n    from pymongo import MongoClient, UpdateOne\n\u001b[1;35mModuleNotFoundError\u001b[0m: \u001b[35mNo module named 'pymongo'\u001b[0m\n"
}
[2025-08-01T19:25:36.400Z] [WARN] Retry attempt 2 of 2 after 10000ms... {
  "script": "employee_utilization_analyzer.py",
  "previousError": "Command failed: \"python3\" \"/Users/sim/selora-clean/employee_utilization_analyzer.py\"\nTraceback (most recent call last):\n  File \u001b[35m\"/Users/sim/selora-clean/employee_utilization_analyzer.py\"\u001b[0m, line \u001b[35m5\u001b[0m, in \u001b[35m<module>\u001b[0m\n    from pymongo import MongoClient, UpdateOne\n\u001b[1;35mModuleNotFoundError\u001b[0m: \u001b[35mNo module named 'pymongo'\u001b[0m\n"
}
[2025-08-01T19:25:46.456Z] [WARN] Script attempt 2 failed, will retry: employee_utilization_analyzer.py {
  "script": "employee_utilization_analyzer.py",
  "duration": "10123ms",
  "exitCode": 1,
  "signal": null,
  "attempt": 2,
  "maxAttempts": 3,
  "error": "Command failed: \"python3\" \"/Users/sim/selora-clean/employee_utilization_analyzer.py\"\nTraceback (most recent call last):\n  File \u001b[35m\"/Users/sim/selora-clean/employee_utilization_analyzer.py\"\u001b[0m, line \u001b[35m5\u001b[0m, in \u001b[35m<module>\u001b[0m\n    from pymongo import MongoClient, UpdateOne\n\u001b[1;35mModuleNotFoundError\u001b[0m: \u001b[35mNo module named 'pymongo'\u001b[0m\n"
}
[2025-08-01T19:25:46.457Z] [WARN] Retry attempt 3 of 2 after 10000ms... {
  "script": "employee_utilization_analyzer.py",
  "previousError": "Command failed: \"python3\" \"/Users/sim/selora-clean/employee_utilization_analyzer.py\"\nTraceback (most recent call last):\n  File \u001b[35m\"/Users/sim/selora-clean/employee_utilization_analyzer.py\"\u001b[0m, line \u001b[35m5\u001b[0m, in \u001b[35m<module>\u001b[0m\n    from pymongo import MongoClient, UpdateOne\n\u001b[1;35mModuleNotFoundError\u001b[0m: \u001b[35mNo module named 'pymongo'\u001b[0m\n"
}
[2025-08-01T19:25:56.538Z] [ERROR] Script failed after 3 attempts: employee_utilization_analyzer.py {
  "script": "employee_utilization_analyzer.py",
  "duration": "20205ms",
  "exitCode": 1,
  "signal": null,
  "attempt": 3,
  "maxAttempts": 3,
  "error": "Command failed: \"python3\" \"/Users/sim/selora-clean/employee_utilization_analyzer.py\"\nTraceback (most recent call last):\n  File \u001b[35m\"/Users/sim/selora-clean/employee_utilization_analyzer.py\"\u001b[0m, line \u001b[35m5\u001b[0m, in \u001b[35m<module>\u001b[0m\n    from pymongo import MongoClient, UpdateOne\n\u001b[1;35mModuleNotFoundError\u001b[0m: \u001b[35mNo module named 'pymongo'\u001b[0m\n"
}
[2025-08-01T19:25:56.539Z] [ERROR] [employee_utilization_analyzer.py STDERR] Traceback (most recent call last):
  File [35m"/Users/sim/selora-clean/employee_utilization_analyzer.py"[0m, line [35m5[0m, in [35m<module>[0m
    from pymongo import MongoClient, UpdateOne
[1;35mModuleNotFoundError[0m: [35mNo module named 'pymongo'[0m

[2025-08-01T19:25:56.539Z] [ERROR] ❌ [1/3] Employee Utilization Analysis failed after 20.2s (attempt 1) {
  "script": "employee_utilization_analyzer.py",
  "duration": "20206ms",
  "attempts": 1,
  "startTime": "2025-08-01T19:25:36.333Z",
  "endTime": "2025-08-01T19:25:56.539Z"
}
[2025-08-01T19:25:56.539Z] [ERROR] 💥 Script failed: employee_utilization_analyzer.py (attempt 1/3) {
  "duration": "20206ms",
  "error": "Script failed after 3 attempts: Command failed: \"python3\" \"/Users/sim/selora-clean/employee_utilization_analyzer.py\"\nTraceback (most recent call last):\n  File \u001b[35m\"/Users/sim/selora-clean/employee_utilization_analyzer.py\"\u001b[0m, line \u001b[35m5\u001b[0m, in \u001b[35m<module>\u001b[0m\n    from pymongo import MongoClient, UpdateOne\n\u001b[1;35mModuleNotFoundError\u001b[0m: \u001b[35mNo module named 'pymongo'\u001b[0m\n",
  "code": "N/A",
  "signal": "N/A"
}
[2025-08-01T19:25:56.539Z] [INFO] ⏳ Waiting 5s before next script...
[2025-08-01T19:26:01.541Z] [INFO] [RESOURCE] Memory: 3.90MB used, 5.06MB total, 31.72MB RSS | Load: 2.28, 4.05, 3.06
[2025-08-01T19:26:01.543Z] [WARN] [WARNING] High memory usage: 77.0% of heap used
[2025-08-01T19:26:01.543Z] [INFO] 
📋 [2/3] Starting script: Attrition Score Calculation {
  "script": "attrition_score.py",
  "args": "",
  "timeout": "3600s",
  "maxRetries": 2,
  "retryDelay": "15000ms"
}
[2025-08-01T19:26:01.545Z] [DEBUG] Executing script: attrition_score.py {
  "args": [],
  "pid": 32580,
  "cwd": "/Users/sim/selora-clean",
  "pythonPath": "python3",
  "timeout": 3600000,
  "maxRetries": 2
}
[2025-08-01T19:26:01.620Z] [WARN] Script attempt 1 failed, will retry: attrition_score.py {
  "script": "attrition_score.py",
  "duration": "76ms",
  "exitCode": 1,
  "signal": null,
  "attempt": 1,
  "maxAttempts": 3,
  "error": "Command failed: \"python3\" \"/Users/sim/selora-clean/attrition_score.py\"\nTraceback (most recent call last):\n  File \u001b[35m\"/Users/sim/selora-clean/attrition_score.py\"\u001b[0m, line \u001b[35m6\u001b[0m, in \u001b[35m<module>\u001b[0m\n    import numpy as np\n\u001b[1;35mModuleNotFoundError\u001b[0m: \u001b[35mNo module named 'numpy'\u001b[0m\n"
}
[2025-08-01T19:26:01.620Z] [WARN] Retry attempt 2 of 2 after 15000ms... {
  "script": "attrition_score.py",
  "previousError": "Command failed: \"python3\" \"/Users/sim/selora-clean/attrition_score.py\"\nTraceback (most recent call last):\n  File \u001b[35m\"/Users/sim/selora-clean/attrition_score.py\"\u001b[0m, line \u001b[35m6\u001b[0m, in \u001b[35m<module>\u001b[0m\n    import numpy as np\n\u001b[1;35mModuleNotFoundError\u001b[0m: \u001b[35mNo module named 'numpy'\u001b[0m\n"
}
[2025-08-01T19:26:16.707Z] [WARN] Script attempt 2 failed, will retry: attrition_score.py {
  "script": "attrition_score.py",
  "duration": "15163ms",
  "exitCode": 1,
  "signal": null,
  "attempt": 2,
  "maxAttempts": 3,
  "error": "Command failed: \"python3\" \"/Users/sim/selora-clean/attrition_score.py\"\nTraceback (most recent call last):\n  File \u001b[35m\"/Users/sim/selora-clean/attrition_score.py\"\u001b[0m, line \u001b[35m6\u001b[0m, in \u001b[35m<module>\u001b[0m\n    import numpy as np\n\u001b[1;35mModuleNotFoundError\u001b[0m: \u001b[35mNo module named 'numpy'\u001b[0m\n"
}
[2025-08-01T19:26:16.707Z] [WARN] Retry attempt 3 of 2 after 15000ms... {
  "script": "attrition_score.py",
  "previousError": "Command failed: \"python3\" \"/Users/sim/selora-clean/attrition_score.py\"\nTraceback (most recent call last):\n  File \u001b[35m\"/Users/sim/selora-clean/attrition_score.py\"\u001b[0m, line \u001b[35m6\u001b[0m, in \u001b[35m<module>\u001b[0m\n    import numpy as np\n\u001b[1;35mModuleNotFoundError\u001b[0m: \u001b[35mNo module named 'numpy'\u001b[0m\n"
}
[2025-08-01T19:26:31.792Z] [ERROR] Script failed after 3 attempts: attrition_score.py {
  "script": "attrition_score.py",
  "duration": "30248ms",
  "exitCode": 1,
  "signal": null,
  "attempt": 3,
  "maxAttempts": 3,
  "error": "Command failed: \"python3\" \"/Users/sim/selora-clean/attrition_score.py\"\nTraceback (most recent call last):\n  File \u001b[35m\"/Users/sim/selora-clean/attrition_score.py\"\u001b[0m, line \u001b[35m6\u001b[0m, in \u001b[35m<module>\u001b[0m\n    import numpy as np\n\u001b[1;35mModuleNotFoundError\u001b[0m: \u001b[35mNo module named 'numpy'\u001b[0m\n"
}
[2025-08-01T19:26:31.793Z] [INFO] [RESOURCE] Memory: 4.38MB used, 5.31MB total, 34.78MB RSS | Load: 2.70, 4.00, 3.07
[2025-08-01T19:26:31.793Z] [WARN] [WARNING] High memory usage: 82.4% of heap used
[2025-08-01T19:26:31.793Z] [ERROR] [attrition_score.py STDERR] Traceback (most recent call last):
  File [35m"/Users/sim/selora-clean/attrition_score.py"[0m, line [35m6[0m, in [35m<module>[0m
    import numpy as np
[1;35mModuleNotFoundError[0m: [35mNo module named 'numpy'[0m

[2025-08-01T19:26:31.793Z] [ERROR] ❌ [2/3] Attrition Score Calculation failed after 30.3s (attempt 1) {
  "script": "attrition_score.py",
  "duration": "30250ms",
  "attempts": 1,
  "startTime": "2025-08-01T19:26:01.544Z",
  "endTime": "2025-08-01T19:26:31.793Z"
}
[2025-08-01T19:26:31.793Z] [ERROR] 💥 Script failed: attrition_score.py (attempt 1/3) {
  "duration": "30250ms",
  "error": "Script failed after 3 attempts: Command failed: \"python3\" \"/Users/sim/selora-clean/attrition_score.py\"\nTraceback (most recent call last):\n  File \u001b[35m\"/Users/sim/selora-clean/attrition_score.py\"\u001b[0m, line \u001b[35m6\u001b[0m, in \u001b[35m<module>\u001b[0m\n    import numpy as np\n\u001b[1;35mModuleNotFoundError\u001b[0m: \u001b[35mNo module named 'numpy'\u001b[0m\n",
  "code": "N/A",
  "signal": "N/A"
}
[2025-08-01T19:26:31.793Z] [INFO] ⏳ Waiting 5s before next script...
[2025-08-01T19:26:36.795Z] [INFO] [RESOURCE] Memory: 4.41MB used, 5.31MB total, 35.02MB RSS | Load: 2.56, 3.95, 3.06
[2025-08-01T19:26:36.796Z] [WARN] [WARNING] High memory usage: 83.1% of heap used
[2025-08-01T19:26:36.797Z] [INFO] 
📋 [3/3] Starting script: Successor Identification {
  "script": "successor_identification.py",
  "args": "--refresh --batch-size=10",
  "timeout": "2700s",
  "maxRetries": 1,
  "retryDelay": "20000ms"
}
[2025-08-01T19:26:36.798Z] [DEBUG] Executing script: successor_identification.py {
  "args": [
    "--refresh",
    "--batch-size=10"
  ],
  "pid": 32580,
  "cwd": "/Users/sim/selora-clean",
  "pythonPath": "python3",
  "timeout": 2700000,
  "maxRetries": 1
}
[2025-08-01T19:26:36.873Z] [WARN] Script attempt 1 failed, will retry: successor_identification.py {
  "script": "successor_identification.py",
  "duration": "75ms",
  "exitCode": 1,
  "signal": null,
  "attempt": 1,
  "maxAttempts": 2,
  "error": "Command failed: \"python3\" \"/Users/sim/selora-clean/successor_identification.py\" \"--refresh\" \"--batch-size=10\"\nTraceback (most recent call last):\n  File \u001b[35m\"/Users/sim/selora-clean/successor_identification.py\"\u001b[0m, line \u001b[35m6\u001b[0m, in \u001b[35m<module>\u001b[0m\n    import numpy as np\n\u001b[1;35mModuleNotFoundError\u001b[0m: \u001b[35mNo module named 'numpy'\u001b[0m\n"
}
[2025-08-01T19:26:36.873Z] [WARN] Retry attempt 2 of 1 after 20000ms... {
  "script": "successor_identification.py",
  "previousError": "Command failed: \"python3\" \"/Users/sim/selora-clean/successor_identification.py\" \"--refresh\" \"--batch-size=10\"\nTraceback (most recent call last):\n  File \u001b[35m\"/Users/sim/selora-clean/successor_identification.py\"\u001b[0m, line \u001b[35m6\u001b[0m, in \u001b[35m<module>\u001b[0m\n    import numpy as np\n\u001b[1;35mModuleNotFoundError\u001b[0m: \u001b[35mNo module named 'numpy'\u001b[0m\n"
}
[2025-08-01T19:26:56.962Z] [ERROR] Script failed after 2 attempts: successor_identification.py {
  "script": "successor_identification.py",
  "duration": "20164ms",
  "exitCode": 1,
  "signal": null,
  "attempt": 2,
  "maxAttempts": 2,
  "error": "Command failed: \"python3\" \"/Users/sim/selora-clean/successor_identification.py\" \"--refresh\" \"--batch-size=10\"\nTraceback (most recent call last):\n  File \u001b[35m\"/Users/sim/selora-clean/successor_identification.py\"\u001b[0m, line \u001b[35m6\u001b[0m, in \u001b[35m<module>\u001b[0m\n    import numpy as np\n\u001b[1;35mModuleNotFoundError\u001b[0m: \u001b[35mNo module named 'numpy'\u001b[0m\n"
}
[2025-08-01T19:26:56.962Z] [ERROR] [successor_identification.py STDERR] Traceback (most recent call last):
  File [35m"/Users/sim/selora-clean/successor_identification.py"[0m, line [35m6[0m, in [35m<module>[0m
    import numpy as np
[1;35mModuleNotFoundError[0m: [35mNo module named 'numpy'[0m

[2025-08-01T19:26:56.962Z] [ERROR] ❌ [3/3] Successor Identification failed after 20.2s (attempt 1) {
  "script": "successor_identification.py",
  "duration": "20165ms",
  "attempts": 1,
  "startTime": "2025-08-01T19:26:36.797Z",
  "endTime": "2025-08-01T19:26:56.962Z"
}
[2025-08-01T19:26:56.962Z] [ERROR] 💥 Script failed: successor_identification.py (attempt 1/2) {
  "duration": "20165ms",
  "error": "Script failed after 2 attempts: Command failed: \"python3\" \"/Users/sim/selora-clean/successor_identification.py\" \"--refresh\" \"--batch-size=10\"\nTraceback (most recent call last):\n  File \u001b[35m\"/Users/sim/selora-clean/successor_identification.py\"\u001b[0m, line \u001b[35m6\u001b[0m, in \u001b[35m<module>\u001b[0m\n    import numpy as np\n\u001b[1;35mModuleNotFoundError\u001b[0m: \u001b[35mNo module named 'numpy'\u001b[0m\n",
  "code": "N/A",
  "signal": "N/A"
}
[2025-08-01T19:26:56.962Z] [INFO] ⏳ Waiting 5s before next script...
[2025-08-01T19:27:01.963Z] [INFO] [RESOURCE] Memory: 4.63MB used, 5.31MB total, 35.56MB RSS | Load: 2.28, 3.77, 3.02
[2025-08-01T19:27:01.964Z] [WARN] [WARNING] High memory usage: 87.2% of heap used
[2025-08-01T19:27:01.965Z] [INFO] 
📊 ====== DATA UPDATE SUMMARY ======
[2025-08-01T19:27:01.965Z] [INFO] 📅 Started: 2025-08-01T19:25:36.333Z
[2025-08-01T19:27:01.965Z] [INFO] 🏁 Finished: 2025-08-01T19:27:01.964Z
[2025-08-01T19:27:01.965Z] [INFO] ⏱️  Total Duration: 1.4 minutes
[2025-08-01T19:27:01.965Z] [INFO] 📋 Scripts: 3 total, 0 successful, 3 failed
[2025-08-01T19:27:01.965Z] [INFO] 📈 Success Rate: 0.0%
[2025-08-01T19:27:01.965Z] [INFO] 
📋 SCRIPT EXECUTION STATUS:
[2025-08-01T19:27:01.969Z] [INFO] 
💾 SYSTEM RESOURCE USAGE:
[2025-08-01T19:27:01.969Z] [INFO] Memory: 4.74MB used / 5.31MB total
[2025-08-01T19:27:01.969Z] [INFO] RSS: 36.38MB
[2025-08-01T19:27:01.969Z] [INFO] Load: 2.28, 3.77, 3.02
[2025-08-01T19:27:01.969Z] [WARN] 
⚠️  COMPLETED WITH 3 OF 3 SCRIPTS FAILING
[2025-08-01T19:27:01.970Z] [INFO] [RESOURCE] Memory: 4.76MB used, 5.31MB total, 36.41MB RSS | Load: 2.28, 3.77, 3.02
[2025-08-01T19:27:01.970Z] [WARN] [WARNING] High memory usage: 89.6% of heap used
[2025-08-01T19:27:01.970Z] [WARN] Initial update completed with 3 failures
[2025-08-01T19:27:01.970Z] [INFO] Initial update completed. Next update in 1440 minutes.
[2025-08-01T20:27:01.930Z] [DEBUG] [2025-08-01T20:27:01.929Z] Daemon is running...
[2025-08-01T20:27:01.932Z] [INFO] [RESOURCE] Memory: 4.02MB used, 5.31MB total, 24.06MB RSS | Load: 1.75, 1.91, 2.08
[2025-08-01T20:27:01.933Z] [WARN] [WARNING] High memory usage: 75.7% of heap used
[2025-08-01T21:27:01.787Z] [DEBUG] [2025-08-01T21:27:01.786Z] Daemon is running...
[2025-08-01T21:27:01.788Z] [INFO] [RESOURCE] Memory: 4.04MB used, 5.31MB total, 23.45MB RSS | Load: 3.05, 3.14, 2.85
[2025-08-01T21:27:01.789Z] [WARN] [WARNING] High memory usage: 76.0% of heap used
[2025-08-01T22:27:01.994Z] [DEBUG] [2025-08-01T22:27:01.993Z] Daemon is running...
[2025-08-01T22:27:01.994Z] [INFO] [RESOURCE] Memory: 4.05MB used, 5.31MB total, 17.03MB RSS | Load: 2.62, 2.92, 3.00
[2025-08-01T22:27:01.995Z] [WARN] [WARNING] High memory usage: 76.3% of heap used
[2025-08-01T23:27:02.006Z] [DEBUG] [2025-08-01T23:27:02.006Z] Daemon is running...
[2025-08-01T23:27:02.008Z] [INFO] [RESOURCE] Memory: 4.06MB used, 5.31MB total, 12.94MB RSS | Load: 4.91, 3.37, 3.01
[2025-08-01T23:27:02.008Z] [WARN] [WARNING] High memory usage: 76.5% of heap used
