[2025-07-28T00:10:59.069Z] [DEBUG] [2025-07-28T00:10:59.069Z] Daemon is running...
[2025-07-28T00:10:59.069Z] [INFO] [RESOURCE] Memory: 4.07MB used, 5.31MB total, 30.67MB RSS | Load: 4.61, 3.93, 2.95
[2025-07-28T00:10:59.069Z] [WARN] [WARNING] High memory usage: 76.5% of heap used
[2025-07-28T01:10:59.145Z] [DEBUG] [2025-07-28T01:10:59.145Z] Daemon is running...
[2025-07-28T01:10:59.147Z] [INFO] [RESOURCE] Memory: 4.08MB used, 5.31MB total, 30.81MB RSS | Load: 1.21, 1.45, 1.86
[2025-07-28T01:10:59.148Z] [WARN] [WARNING] High memory usage: 76.8% of heap used
[2025-07-28T01:46:06.440Z] [INFO] 🚀 Starting data update daemon... {
  "nodeVersion": "v20.19.3",
  "platform": "darwin",
  "arch": "arm64",
  "pid": 86551,
  "cwd": "/Users/sim/selora-clean",
  "system": {
    "cpus": 8,
    "memory": {
      "total": "16.00 GB",
      "free": "0.07 GB",
      "usage": "99.57%"
    },
    "load": [
      1.8173828125,
      1.87890625,
      1.7353515625
    ]
  },
  "env": "production"
}
[2025-07-28T01:46:06.442Z] [INFO] [RESOURCE] Memory: 4.25MB used, 4.56MB total, 36.56MB RSS | Load: 1.82, 1.88, 1.74
[2025-07-28T01:46:06.442Z] [WARN] [WARNING] High memory usage: 93.3% of heap used
[2025-07-28T01:46:06.443Z] [WARN] [WARNING] Critical memory usage - consider increasing Node.js memory limit
[2025-07-28T01:46:06.443Z] [INFO] Performing initial data update...
[2025-07-28T01:46:06.444Z] [INFO] 🚀 Starting scheduled data updates... {
  "system": {
    "platform": "darwin",
    "arch": "arm64",
    "node": "v20.19.3",
    "pid": 86551,
    "cpus": 8,
    "memory": {
      "total": "16.00 GB",
      "free": "0.07 GB",
      "usage": "99.57%"
    }
  },
  "totalScripts": 3,
  "logLevel": "INFO"
}
[2025-07-28T01:46:06.444Z] [INFO] 
📋 [1/3] Starting script: Employee Utilization Analysis {
  "script": "employee_utilization_analyzer.py",
  "args": "",
  "timeout": "1800s",
  "maxRetries": 2,
  "retryDelay": "10000ms"
}
[2025-07-28T01:46:06.444Z] [DEBUG] Executing script: employee_utilization_analyzer.py {
  "args": [],
  "pid": 86551,
  "cwd": "/Users/sim/selora-clean",
  "pythonPath": "python3",
  "timeout": 1800000,
  "maxRetries": 2
}
[2025-07-28T01:46:06.509Z] [WARN] Script attempt 1 failed, will retry: employee_utilization_analyzer.py {
  "script": "employee_utilization_analyzer.py",
  "duration": "65ms",
  "exitCode": 1,
  "signal": null,
  "attempt": 1,
  "maxAttempts": 3,
  "error": "Command failed: \"python3\" \"/Users/sim/selora-clean/employee_utilization_analyzer.py\"\nTraceback (most recent call last):\n  File \u001b[35m\"/Users/sim/selora-clean/employee_utilization_analyzer.py\"\u001b[0m, line \u001b[35m5\u001b[0m, in \u001b[35m<module>\u001b[0m\n    from pymongo import MongoClient, UpdateOne\n\u001b[1;35mModuleNotFoundError\u001b[0m: \u001b[35mNo module named 'pymongo'\u001b[0m\n"
}
[2025-07-28T01:46:06.510Z] [WARN] Retry attempt 2 of 2 after 10000ms... {
  "script": "employee_utilization_analyzer.py",
  "previousError": "Command failed: \"python3\" \"/Users/sim/selora-clean/employee_utilization_analyzer.py\"\nTraceback (most recent call last):\n  File \u001b[35m\"/Users/sim/selora-clean/employee_utilization_analyzer.py\"\u001b[0m, line \u001b[35m5\u001b[0m, in \u001b[35m<module>\u001b[0m\n    from pymongo import MongoClient, UpdateOne\n\u001b[1;35mModuleNotFoundError\u001b[0m: \u001b[35mNo module named 'pymongo'\u001b[0m\n"
}
[2025-07-28T01:46:16.566Z] [WARN] Script attempt 2 failed, will retry: employee_utilization_analyzer.py {
  "script": "employee_utilization_analyzer.py",
  "duration": "10122ms",
  "exitCode": 1,
  "signal": null,
  "attempt": 2,
  "maxAttempts": 3,
  "error": "Command failed: \"python3\" \"/Users/sim/selora-clean/employee_utilization_analyzer.py\"\nTraceback (most recent call last):\n  File \u001b[35m\"/Users/sim/selora-clean/employee_utilization_analyzer.py\"\u001b[0m, line \u001b[35m5\u001b[0m, in \u001b[35m<module>\u001b[0m\n    from pymongo import MongoClient, UpdateOne\n\u001b[1;35mModuleNotFoundError\u001b[0m: \u001b[35mNo module named 'pymongo'\u001b[0m\n"
}
[2025-07-28T01:46:16.566Z] [WARN] Retry attempt 3 of 2 after 10000ms... {
  "script": "employee_utilization_analyzer.py",
  "previousError": "Command failed: \"python3\" \"/Users/sim/selora-clean/employee_utilization_analyzer.py\"\nTraceback (most recent call last):\n  File \u001b[35m\"/Users/sim/selora-clean/employee_utilization_analyzer.py\"\u001b[0m, line \u001b[35m5\u001b[0m, in \u001b[35m<module>\u001b[0m\n    from pymongo import MongoClient, UpdateOne\n\u001b[1;35mModuleNotFoundError\u001b[0m: \u001b[35mNo module named 'pymongo'\u001b[0m\n"
}
[2025-07-28T01:46:26.632Z] [ERROR] Script failed after 3 attempts: employee_utilization_analyzer.py {
  "script": "employee_utilization_analyzer.py",
  "duration": "20188ms",
  "exitCode": 1,
  "signal": null,
  "attempt": 3,
  "maxAttempts": 3,
  "error": "Command failed: \"python3\" \"/Users/sim/selora-clean/employee_utilization_analyzer.py\"\nTraceback (most recent call last):\n  File \u001b[35m\"/Users/sim/selora-clean/employee_utilization_analyzer.py\"\u001b[0m, line \u001b[35m5\u001b[0m, in \u001b[35m<module>\u001b[0m\n    from pymongo import MongoClient, UpdateOne\n\u001b[1;35mModuleNotFoundError\u001b[0m: \u001b[35mNo module named 'pymongo'\u001b[0m\n"
}
[2025-07-28T01:46:26.633Z] [ERROR] [employee_utilization_analyzer.py STDERR] Traceback (most recent call last):
  File [35m"/Users/sim/selora-clean/employee_utilization_analyzer.py"[0m, line [35m5[0m, in [35m<module>[0m
    from pymongo import MongoClient, UpdateOne
[1;35mModuleNotFoundError[0m: [35mNo module named 'pymongo'[0m

[2025-07-28T01:46:26.633Z] [ERROR] ❌ [1/3] Employee Utilization Analysis failed after 20.2s (attempt 1) {
  "script": "employee_utilization_analyzer.py",
  "duration": "20189ms",
  "attempts": 1,
  "startTime": "2025-07-28T01:46:06.444Z",
  "endTime": "2025-07-28T01:46:26.633Z"
}
[2025-07-28T01:46:26.633Z] [ERROR] 💥 Script failed: employee_utilization_analyzer.py (attempt 1/3) {
  "duration": "20189ms",
  "error": "Script failed after 3 attempts: Command failed: \"python3\" \"/Users/sim/selora-clean/employee_utilization_analyzer.py\"\nTraceback (most recent call last):\n  File \u001b[35m\"/Users/sim/selora-clean/employee_utilization_analyzer.py\"\u001b[0m, line \u001b[35m5\u001b[0m, in \u001b[35m<module>\u001b[0m\n    from pymongo import MongoClient, UpdateOne\n\u001b[1;35mModuleNotFoundError\u001b[0m: \u001b[35mNo module named 'pymongo'\u001b[0m\n",
  "code": "N/A",
  "signal": "N/A"
}
[2025-07-28T01:46:26.633Z] [INFO] ⏳ Waiting 5s before next script...
[2025-07-28T01:47:47.677Z] [INFO] 🚀 Starting data update daemon... {
  "nodeVersion": "v20.19.3",
  "platform": "darwin",
  "arch": "arm64",
  "pid": 87424,
  "cwd": "/Users/sim/selora-clean",
  "system": {
    "cpus": 8,
    "memory": {
      "total": "16.00 GB",
      "free": "3.11 GB",
      "usage": "80.55%"
    },
    "load": [
      2.5166015625,
      2.06494140625,
      1.8173828125
    ]
  },
  "env": "production"
}
[2025-07-28T01:47:47.678Z] [INFO] [RESOURCE] Memory: 4.25MB used, 4.56MB total, 38.36MB RSS | Load: 2.52, 2.06, 1.82
[2025-07-28T01:47:47.678Z] [WARN] [WARNING] High memory usage: 93.3% of heap used
[2025-07-28T01:47:47.678Z] [WARN] [WARNING] Critical memory usage - consider increasing Node.js memory limit
[2025-07-28T01:47:47.678Z] [INFO] Performing initial data update...
[2025-07-28T01:47:47.678Z] [INFO] 🚀 Starting scheduled data updates... {
  "system": {
    "platform": "darwin",
    "arch": "arm64",
    "node": "v20.19.3",
    "pid": 87424,
    "cpus": 8,
    "memory": {
      "total": "16.00 GB",
      "free": "3.11 GB",
      "usage": "80.58%"
    }
  },
  "totalScripts": 3,
  "logLevel": "INFO"
}
[2025-07-28T01:47:47.679Z] [INFO] 
📋 [1/3] Starting script: Employee Utilization Analysis {
  "script": "employee_utilization_analyzer.py",
  "args": "",
  "timeout": "1800s",
  "maxRetries": 2,
  "retryDelay": "10000ms"
}
[2025-07-28T01:47:47.679Z] [DEBUG] Executing script: employee_utilization_analyzer.py {
  "args": [],
  "pid": 87424,
  "cwd": "/Users/sim/selora-clean",
  "pythonPath": "python3",
  "timeout": 1800000,
  "maxRetries": 2
}
[2025-07-28T01:47:47.731Z] [WARN] Script attempt 1 failed, will retry: employee_utilization_analyzer.py {
  "script": "employee_utilization_analyzer.py",
  "duration": "52ms",
  "exitCode": 1,
  "signal": null,
  "attempt": 1,
  "maxAttempts": 3,
  "error": "Command failed: \"python3\" \"/Users/sim/selora-clean/employee_utilization_analyzer.py\"\nTraceback (most recent call last):\n  File \u001b[35m\"/Users/sim/selora-clean/employee_utilization_analyzer.py\"\u001b[0m, line \u001b[35m5\u001b[0m, in \u001b[35m<module>\u001b[0m\n    from pymongo import MongoClient, UpdateOne\n\u001b[1;35mModuleNotFoundError\u001b[0m: \u001b[35mNo module named 'pymongo'\u001b[0m\n"
}
[2025-07-28T01:47:47.732Z] [WARN] Retry attempt 2 of 2 after 10000ms... {
  "script": "employee_utilization_analyzer.py",
  "previousError": "Command failed: \"python3\" \"/Users/sim/selora-clean/employee_utilization_analyzer.py\"\nTraceback (most recent call last):\n  File \u001b[35m\"/Users/sim/selora-clean/employee_utilization_analyzer.py\"\u001b[0m, line \u001b[35m5\u001b[0m, in \u001b[35m<module>\u001b[0m\n    from pymongo import MongoClient, UpdateOne\n\u001b[1;35mModuleNotFoundError\u001b[0m: \u001b[35mNo module named 'pymongo'\u001b[0m\n"
}
[2025-07-28T01:47:57.770Z] [WARN] Script attempt 2 failed, will retry: employee_utilization_analyzer.py {
  "script": "employee_utilization_analyzer.py",
  "duration": "10091ms",
  "exitCode": 1,
  "signal": null,
  "attempt": 2,
  "maxAttempts": 3,
  "error": "Command failed: \"python3\" \"/Users/sim/selora-clean/employee_utilization_analyzer.py\"\nTraceback (most recent call last):\n  File \u001b[35m\"/Users/sim/selora-clean/employee_utilization_analyzer.py\"\u001b[0m, line \u001b[35m5\u001b[0m, in \u001b[35m<module>\u001b[0m\n    from pymongo import MongoClient, UpdateOne\n\u001b[1;35mModuleNotFoundError\u001b[0m: \u001b[35mNo module named 'pymongo'\u001b[0m\n"
}
[2025-07-28T01:47:57.770Z] [WARN] Retry attempt 3 of 2 after 10000ms... {
  "script": "employee_utilization_analyzer.py",
  "previousError": "Command failed: \"python3\" \"/Users/sim/selora-clean/employee_utilization_analyzer.py\"\nTraceback (most recent call last):\n  File \u001b[35m\"/Users/sim/selora-clean/employee_utilization_analyzer.py\"\u001b[0m, line \u001b[35m5\u001b[0m, in \u001b[35m<module>\u001b[0m\n    from pymongo import MongoClient, UpdateOne\n\u001b[1;35mModuleNotFoundError\u001b[0m: \u001b[35mNo module named 'pymongo'\u001b[0m\n"
}
[2025-07-28T01:48:07.841Z] [ERROR] Script failed after 3 attempts: employee_utilization_analyzer.py {
  "script": "employee_utilization_analyzer.py",
  "duration": "20162ms",
  "exitCode": 1,
  "signal": null,
  "attempt": 3,
  "maxAttempts": 3,
  "error": "Command failed: \"python3\" \"/Users/sim/selora-clean/employee_utilization_analyzer.py\"\nTraceback (most recent call last):\n  File \u001b[35m\"/Users/sim/selora-clean/employee_utilization_analyzer.py\"\u001b[0m, line \u001b[35m5\u001b[0m, in \u001b[35m<module>\u001b[0m\n    from pymongo import MongoClient, UpdateOne\n\u001b[1;35mModuleNotFoundError\u001b[0m: \u001b[35mNo module named 'pymongo'\u001b[0m\n"
}
[2025-07-28T01:48:07.841Z] [ERROR] [employee_utilization_analyzer.py STDERR] Traceback (most recent call last):
  File [35m"/Users/sim/selora-clean/employee_utilization_analyzer.py"[0m, line [35m5[0m, in [35m<module>[0m
    from pymongo import MongoClient, UpdateOne
[1;35mModuleNotFoundError[0m: [35mNo module named 'pymongo'[0m

[2025-07-28T01:48:07.841Z] [ERROR] ❌ [1/3] Employee Utilization Analysis failed after 20.2s (attempt 1) {
  "script": "employee_utilization_analyzer.py",
  "duration": "20162ms",
  "attempts": 1,
  "startTime": "2025-07-28T01:47:47.679Z",
  "endTime": "2025-07-28T01:48:07.841Z"
}
[2025-07-28T01:48:07.842Z] [ERROR] 💥 Script failed: employee_utilization_analyzer.py (attempt 1/3) {
  "duration": "20162ms",
  "error": "Script failed after 3 attempts: Command failed: \"python3\" \"/Users/sim/selora-clean/employee_utilization_analyzer.py\"\nTraceback (most recent call last):\n  File \u001b[35m\"/Users/sim/selora-clean/employee_utilization_analyzer.py\"\u001b[0m, line \u001b[35m5\u001b[0m, in \u001b[35m<module>\u001b[0m\n    from pymongo import MongoClient, UpdateOne\n\u001b[1;35mModuleNotFoundError\u001b[0m: \u001b[35mNo module named 'pymongo'\u001b[0m\n",
  "code": "N/A",
  "signal": "N/A"
}
[2025-07-28T01:48:07.842Z] [INFO] ⏳ Waiting 5s before next script...
[2025-07-28T01:48:12.843Z] [INFO] [RESOURCE] Memory: 3.91MB used, 5.06MB total, 39.28MB RSS | Load: 2.66, 2.14, 1.85
[2025-07-28T01:48:12.845Z] [WARN] [WARNING] High memory usage: 77.2% of heap used
[2025-07-28T01:48:12.845Z] [INFO] 
📋 [2/3] Starting script: Attrition Score Calculation {
  "script": "attrition_score.py",
  "args": "",
  "timeout": "3600s",
  "maxRetries": 2,
  "retryDelay": "15000ms"
}
[2025-07-28T01:48:12.847Z] [DEBUG] Executing script: attrition_score.py {
  "args": [],
  "pid": 87424,
  "cwd": "/Users/sim/selora-clean",
  "pythonPath": "python3",
  "timeout": 3600000,
  "maxRetries": 2
}
[2025-07-28T01:48:12.914Z] [WARN] Script attempt 1 failed, will retry: attrition_score.py {
  "script": "attrition_score.py",
  "duration": "68ms",
  "exitCode": 1,
  "signal": null,
  "attempt": 1,
  "maxAttempts": 3,
  "error": "Command failed: \"python3\" \"/Users/sim/selora-clean/attrition_score.py\"\nTraceback (most recent call last):\n  File \u001b[35m\"/Users/sim/selora-clean/attrition_score.py\"\u001b[0m, line \u001b[35m6\u001b[0m, in \u001b[35m<module>\u001b[0m\n    import numpy as np\n\u001b[1;35mModuleNotFoundError\u001b[0m: \u001b[35mNo module named 'numpy'\u001b[0m\n"
}
[2025-07-28T01:48:12.915Z] [WARN] Retry attempt 2 of 2 after 15000ms... {
  "script": "attrition_score.py",
  "previousError": "Command failed: \"python3\" \"/Users/sim/selora-clean/attrition_score.py\"\nTraceback (most recent call last):\n  File \u001b[35m\"/Users/sim/selora-clean/attrition_score.py\"\u001b[0m, line \u001b[35m6\u001b[0m, in \u001b[35m<module>\u001b[0m\n    import numpy as np\n\u001b[1;35mModuleNotFoundError\u001b[0m: \u001b[35mNo module named 'numpy'\u001b[0m\n"
}
[2025-07-28T01:48:27.984Z] [WARN] Script attempt 2 failed, will retry: attrition_score.py {
  "script": "attrition_score.py",
  "duration": "15138ms",
  "exitCode": 1,
  "signal": null,
  "attempt": 2,
  "maxAttempts": 3,
  "error": "Command failed: \"python3\" \"/Users/sim/selora-clean/attrition_score.py\"\nTraceback (most recent call last):\n  File \u001b[35m\"/Users/sim/selora-clean/attrition_score.py\"\u001b[0m, line \u001b[35m6\u001b[0m, in \u001b[35m<module>\u001b[0m\n    import numpy as np\n\u001b[1;35mModuleNotFoundError\u001b[0m: \u001b[35mNo module named 'numpy'\u001b[0m\n"
}
[2025-07-28T01:48:27.984Z] [WARN] Retry attempt 3 of 2 after 15000ms... {
  "script": "attrition_score.py",
  "previousError": "Command failed: \"python3\" \"/Users/sim/selora-clean/attrition_score.py\"\nTraceback (most recent call last):\n  File \u001b[35m\"/Users/sim/selora-clean/attrition_score.py\"\u001b[0m, line \u001b[35m6\u001b[0m, in \u001b[35m<module>\u001b[0m\n    import numpy as np\n\u001b[1;35mModuleNotFoundError\u001b[0m: \u001b[35mNo module named 'numpy'\u001b[0m\n"
}
[2025-07-28T01:48:43.068Z] [ERROR] Script failed after 3 attempts: attrition_score.py {
  "script": "attrition_score.py",
  "duration": "30222ms",
  "exitCode": 1,
  "signal": null,
  "attempt": 3,
  "maxAttempts": 3,
  "error": "Command failed: \"python3\" \"/Users/sim/selora-clean/attrition_score.py\"\nTraceback (most recent call last):\n  File \u001b[35m\"/Users/sim/selora-clean/attrition_score.py\"\u001b[0m, line \u001b[35m6\u001b[0m, in \u001b[35m<module>\u001b[0m\n    import numpy as np\n\u001b[1;35mModuleNotFoundError\u001b[0m: \u001b[35mNo module named 'numpy'\u001b[0m\n"
}
[2025-07-28T01:48:43.068Z] [INFO] [RESOURCE] Memory: 4.39MB used, 5.31MB total, 39.70MB RSS | Load: 2.27, 2.09, 1.84
[2025-07-28T01:48:43.068Z] [WARN] [WARNING] High memory usage: 82.6% of heap used
[2025-07-28T01:48:43.068Z] [ERROR] [attrition_score.py STDERR] Traceback (most recent call last):
  File [35m"/Users/sim/selora-clean/attrition_score.py"[0m, line [35m6[0m, in [35m<module>[0m
    import numpy as np
[1;35mModuleNotFoundError[0m: [35mNo module named 'numpy'[0m

[2025-07-28T01:48:43.069Z] [ERROR] ❌ [2/3] Attrition Score Calculation failed after 30.2s (attempt 1) {
  "script": "attrition_score.py",
  "duration": "30224ms",
  "attempts": 1,
  "startTime": "2025-07-28T01:48:12.846Z",
  "endTime": "2025-07-28T01:48:43.069Z"
}
[2025-07-28T01:48:43.069Z] [ERROR] 💥 Script failed: attrition_score.py (attempt 1/3) {
  "duration": "30224ms",
  "error": "Script failed after 3 attempts: Command failed: \"python3\" \"/Users/sim/selora-clean/attrition_score.py\"\nTraceback (most recent call last):\n  File \u001b[35m\"/Users/sim/selora-clean/attrition_score.py\"\u001b[0m, line \u001b[35m6\u001b[0m, in \u001b[35m<module>\u001b[0m\n    import numpy as np\n\u001b[1;35mModuleNotFoundError\u001b[0m: \u001b[35mNo module named 'numpy'\u001b[0m\n",
  "code": "N/A",
  "signal": "N/A"
}
[2025-07-28T01:48:43.069Z] [INFO] ⏳ Waiting 5s before next script...
[2025-07-28T01:48:48.070Z] [INFO] [RESOURCE] Memory: 4.43MB used, 5.31MB total, 39.72MB RSS | Load: 2.24, 2.09, 1.84
[2025-07-28T01:48:48.071Z] [WARN] [WARNING] High memory usage: 83.3% of heap used
[2025-07-28T01:48:48.072Z] [INFO] 
📋 [3/3] Starting script: Successor Identification {
  "script": "successor_identification.py",
  "args": "--refresh --batch-size=10",
  "timeout": "2700s",
  "maxRetries": 1,
  "retryDelay": "20000ms"
}
[2025-07-28T01:48:48.073Z] [DEBUG] Executing script: successor_identification.py {
  "args": [
    "--refresh",
    "--batch-size=10"
  ],
  "pid": 87424,
  "cwd": "/Users/sim/selora-clean",
  "pythonPath": "python3",
  "timeout": 2700000,
  "maxRetries": 1
}
[2025-07-28T01:48:48.141Z] [WARN] Script attempt 1 failed, will retry: successor_identification.py {
  "script": "successor_identification.py",
  "duration": "68ms",
  "exitCode": 1,
  "signal": null,
  "attempt": 1,
  "maxAttempts": 2,
  "error": "Command failed: \"python3\" \"/Users/sim/selora-clean/successor_identification.py\" \"--refresh\" \"--batch-size=10\"\nTraceback (most recent call last):\n  File \u001b[35m\"/Users/sim/selora-clean/successor_identification.py\"\u001b[0m, line \u001b[35m6\u001b[0m, in \u001b[35m<module>\u001b[0m\n    import numpy as np\n\u001b[1;35mModuleNotFoundError\u001b[0m: \u001b[35mNo module named 'numpy'\u001b[0m\n"
}
[2025-07-28T01:48:48.141Z] [WARN] Retry attempt 2 of 1 after 20000ms... {
  "script": "successor_identification.py",
  "previousError": "Command failed: \"python3\" \"/Users/sim/selora-clean/successor_identification.py\" \"--refresh\" \"--batch-size=10\"\nTraceback (most recent call last):\n  File \u001b[35m\"/Users/sim/selora-clean/successor_identification.py\"\u001b[0m, line \u001b[35m6\u001b[0m, in \u001b[35m<module>\u001b[0m\n    import numpy as np\n\u001b[1;35mModuleNotFoundError\u001b[0m: \u001b[35mNo module named 'numpy'\u001b[0m\n"
}
[2025-07-28T01:49:08.230Z] [ERROR] Script failed after 2 attempts: successor_identification.py {
  "script": "successor_identification.py",
  "duration": "20157ms",
  "exitCode": 1,
  "signal": null,
  "attempt": 2,
  "maxAttempts": 2,
  "error": "Command failed: \"python3\" \"/Users/sim/selora-clean/successor_identification.py\" \"--refresh\" \"--batch-size=10\"\nTraceback (most recent call last):\n  File \u001b[35m\"/Users/sim/selora-clean/successor_identification.py\"\u001b[0m, line \u001b[35m6\u001b[0m, in \u001b[35m<module>\u001b[0m\n    import numpy as np\n\u001b[1;35mModuleNotFoundError\u001b[0m: \u001b[35mNo module named 'numpy'\u001b[0m\n"
}
[2025-07-28T01:49:08.230Z] [ERROR] [successor_identification.py STDERR] Traceback (most recent call last):
  File [35m"/Users/sim/selora-clean/successor_identification.py"[0m, line [35m6[0m, in [35m<module>[0m
    import numpy as np
[1;35mModuleNotFoundError[0m: [35mNo module named 'numpy'[0m

[2025-07-28T01:49:08.230Z] [ERROR] ❌ [3/3] Successor Identification failed after 20.2s (attempt 1) {
  "script": "successor_identification.py",
  "duration": "20158ms",
  "attempts": 1,
  "startTime": "2025-07-28T01:48:48.072Z",
  "endTime": "2025-07-28T01:49:08.230Z"
}
[2025-07-28T01:49:08.230Z] [ERROR] 💥 Script failed: successor_identification.py (attempt 1/2) {
  "duration": "20158ms",
  "error": "Script failed after 2 attempts: Command failed: \"python3\" \"/Users/sim/selora-clean/successor_identification.py\" \"--refresh\" \"--batch-size=10\"\nTraceback (most recent call last):\n  File \u001b[35m\"/Users/sim/selora-clean/successor_identification.py\"\u001b[0m, line \u001b[35m6\u001b[0m, in \u001b[35m<module>\u001b[0m\n    import numpy as np\n\u001b[1;35mModuleNotFoundError\u001b[0m: \u001b[35mNo module named 'numpy'\u001b[0m\n",
  "code": "N/A",
  "signal": "N/A"
}
[2025-07-28T01:49:08.230Z] [INFO] ⏳ Waiting 5s before next script...
[2025-07-28T01:49:13.232Z] [INFO] [RESOURCE] Memory: 4.65MB used, 5.31MB total, 40.06MB RSS | Load: 1.89, 2.02, 1.82
[2025-07-28T01:49:13.234Z] [WARN] [WARNING] High memory usage: 87.5% of heap used
[2025-07-28T01:49:13.235Z] [INFO] 
📊 ====== DATA UPDATE SUMMARY ======
[2025-07-28T01:49:13.235Z] [INFO] 📅 Started: 2025-07-28T01:47:47.679Z
[2025-07-28T01:49:13.236Z] [INFO] 🏁 Finished: 2025-07-28T01:49:13.235Z
[2025-07-28T01:49:13.236Z] [INFO] ⏱️  Total Duration: 1.4 minutes
[2025-07-28T01:49:13.237Z] [INFO] 📋 Scripts: 3 total, 0 successful, 3 failed
[2025-07-28T01:49:13.237Z] [INFO] 📈 Success Rate: 0.0%
[2025-07-28T01:49:13.238Z] [INFO] 
📋 SCRIPT EXECUTION STATUS:
[2025-07-28T01:49:13.245Z] [INFO] 
💾 SYSTEM RESOURCE USAGE:
[2025-07-28T01:49:13.246Z] [INFO] Memory: 4.75MB used / 5.31MB total
[2025-07-28T01:49:13.246Z] [INFO] RSS: 40.59MB
[2025-07-28T01:49:13.247Z] [INFO] Load: 1.89, 2.02, 1.82
[2025-07-28T01:49:13.247Z] [WARN] 
⚠️  COMPLETED WITH 3 OF 3 SCRIPTS FAILING
[2025-07-28T01:49:13.247Z] [INFO] [RESOURCE] Memory: 4.77MB used, 5.31MB total, 40.63MB RSS | Load: 1.89, 2.02, 1.82
[2025-07-28T01:49:13.248Z] [WARN] [WARNING] High memory usage: 89.8% of heap used
[2025-07-28T01:49:13.248Z] [WARN] Initial update completed with 3 failures
[2025-07-28T01:49:13.249Z] [INFO] Initial update completed. Next update in 1440 minutes.
[2025-07-28T02:49:13.203Z] [DEBUG] [2025-07-28T02:49:13.203Z] Daemon is running...
[2025-07-28T02:49:13.205Z] [INFO] [RESOURCE] Memory: 4.05MB used, 5.31MB total, 17.77MB RSS | Load: 1.99, 1.95, 1.93
[2025-07-28T02:49:13.206Z] [WARN] [WARNING] High memory usage: 76.2% of heap used
[2025-07-28T03:49:13.228Z] [DEBUG] [2025-07-28T03:49:13.228Z] Daemon is running...
[2025-07-28T03:49:13.232Z] [INFO] [RESOURCE] Memory: 4.06MB used, 5.31MB total, 16.94MB RSS | Load: 1.91, 2.24, 2.30
[2025-07-28T03:49:13.233Z] [WARN] [WARNING] High memory usage: 76.4% of heap used
[2025-07-28T04:49:13.217Z] [DEBUG] [2025-07-28T04:49:13.217Z] Daemon is running...
[2025-07-28T04:49:13.220Z] [INFO] [RESOURCE] Memory: 4.07MB used, 5.31MB total, 16.78MB RSS | Load: 1.41, 1.89, 2.08
[2025-07-28T04:49:13.221Z] [WARN] [WARNING] High memory usage: 76.7% of heap used
[2025-07-28T05:49:13.227Z] [DEBUG] [2025-07-28T05:49:13.227Z] Daemon is running...
[2025-07-28T05:49:13.229Z] [INFO] [RESOURCE] Memory: 4.09MB used, 5.31MB total, 16.63MB RSS | Load: 4.72, 3.96, 3.11
[2025-07-28T05:49:13.230Z] [WARN] [WARNING] High memory usage: 76.9% of heap used
