[2025-07-10T00:13:45.018Z] [INFO] 🚀 Starting data update daemon... {
  "nodeVersion": "v20.19.3",
  "platform": "darwin",
  "arch": "arm64",
  "pid": 68580,
  "cwd": "/Users/sim/TestingPig",
  "system": {
    "cpus": 8,
    "memory": {
      "total": "16.00 GB",
      "free": "5.89 GB",
      "usage": "63.21%"
    },
    "load": [
      3.515625,
      4.60302734375,
      4.86572265625
    ]
  },
  "env": "production"
}
[2025-07-10T00:13:45.020Z] [INFO] [RESOURCE] Memory: 4.26MB used, 4.56MB total, 38.48MB RSS | Load: 3.52, 4.60, 4.87
[2025-07-10T00:13:45.020Z] [WARN] [WARNING] High memory usage: 93.3% of heap used
[2025-07-10T00:13:45.020Z] [WARN] [WARNING] Critical memory usage - consider increasing Node.js memory limit
[2025-07-10T00:13:45.020Z] [INFO] Performing initial data update...
[2025-07-10T00:13:45.021Z] [INFO] 🚀 Starting scheduled data updates... {
  "system": {
    "platform": "darwin",
    "arch": "arm64",
    "node": "v20.19.3",
    "pid": 68580,
    "cpus": 8,
    "memory": {
      "total": "16.00 GB",
      "free": "5.89 GB",
      "usage": "63.21%"
    }
  },
  "totalScripts": 3,
  "logLevel": "INFO"
}
[2025-07-10T00:13:45.021Z] [INFO] 
📋 [1/3] Starting script: Employee Utilization Analysis {
  "script": "employee_utilization_analyzer.py",
  "args": "",
  "timeout": "1800s",
  "maxRetries": 2,
  "retryDelay": "10000ms"
}
[2025-07-10T00:13:45.022Z] [DEBUG] Executing script: employee_utilization_analyzer.py {
  "args": [],
  "pid": 68580,
  "cwd": "/Users/sim/TestingPig",
  "pythonPath": "python3",
  "timeout": 1800000,
  "maxRetries": 2
}
[2025-07-10T00:13:45.106Z] [WARN] Script attempt 1 failed, will retry: employee_utilization_analyzer.py {
  "script": "employee_utilization_analyzer.py",
  "duration": "85ms",
  "exitCode": 1,
  "signal": null,
  "attempt": 1,
  "maxAttempts": 3,
  "error": "Command failed: \"python3\" \"/Users/sim/TestingPig/employee_utilization_analyzer.py\"\nTraceback (most recent call last):\n  File \u001b[35m\"/Users/sim/TestingPig/employee_utilization_analyzer.py\"\u001b[0m, line \u001b[35m5\u001b[0m, in \u001b[35m<module>\u001b[0m\n    from pymongo import MongoClient, UpdateOne\n\u001b[1;35mModuleNotFoundError\u001b[0m: \u001b[35mNo module named 'pymongo'\u001b[0m\n"
}
[2025-07-10T00:13:45.107Z] [WARN] Retry attempt 2 of 2 after 10000ms... {
  "script": "employee_utilization_analyzer.py",
  "previousError": "Command failed: \"python3\" \"/Users/sim/TestingPig/employee_utilization_analyzer.py\"\nTraceback (most recent call last):\n  File \u001b[35m\"/Users/sim/TestingPig/employee_utilization_analyzer.py\"\u001b[0m, line \u001b[35m5\u001b[0m, in \u001b[35m<module>\u001b[0m\n    from pymongo import MongoClient, UpdateOne\n\u001b[1;35mModuleNotFoundError\u001b[0m: \u001b[35mNo module named 'pymongo'\u001b[0m\n"
}
[2025-07-10T00:13:55.164Z] [WARN] Script attempt 2 failed, will retry: employee_utilization_analyzer.py {
  "script": "employee_utilization_analyzer.py",
  "duration": "10143ms",
  "exitCode": 1,
  "signal": null,
  "attempt": 2,
  "maxAttempts": 3,
  "error": "Command failed: \"python3\" \"/Users/sim/TestingPig/employee_utilization_analyzer.py\"\nTraceback (most recent call last):\n  File \u001b[35m\"/Users/sim/TestingPig/employee_utilization_analyzer.py\"\u001b[0m, line \u001b[35m5\u001b[0m, in \u001b[35m<module>\u001b[0m\n    from pymongo import MongoClient, UpdateOne\n\u001b[1;35mModuleNotFoundError\u001b[0m: \u001b[35mNo module named 'pymongo'\u001b[0m\n"
}
[2025-07-10T00:13:55.164Z] [WARN] Retry attempt 3 of 2 after 10000ms... {
  "script": "employee_utilization_analyzer.py",
  "previousError": "Command failed: \"python3\" \"/Users/sim/TestingPig/employee_utilization_analyzer.py\"\nTraceback (most recent call last):\n  File \u001b[35m\"/Users/sim/TestingPig/employee_utilization_analyzer.py\"\u001b[0m, line \u001b[35m5\u001b[0m, in \u001b[35m<module>\u001b[0m\n    from pymongo import MongoClient, UpdateOne\n\u001b[1;35mModuleNotFoundError\u001b[0m: \u001b[35mNo module named 'pymongo'\u001b[0m\n"
}
[2025-07-10T00:14:05.237Z] [ERROR] Script failed after 3 attempts: employee_utilization_analyzer.py {
  "script": "employee_utilization_analyzer.py",
  "duration": "20216ms",
  "exitCode": 1,
  "signal": null,
  "attempt": 3,
  "maxAttempts": 3,
  "error": "Command failed: \"python3\" \"/Users/sim/TestingPig/employee_utilization_analyzer.py\"\nTraceback (most recent call last):\n  File \u001b[35m\"/Users/sim/TestingPig/employee_utilization_analyzer.py\"\u001b[0m, line \u001b[35m5\u001b[0m, in \u001b[35m<module>\u001b[0m\n    from pymongo import MongoClient, UpdateOne\n\u001b[1;35mModuleNotFoundError\u001b[0m: \u001b[35mNo module named 'pymongo'\u001b[0m\n"
}
[2025-07-10T00:14:05.238Z] [ERROR] [employee_utilization_analyzer.py STDERR] Traceback (most recent call last):
  File [35m"/Users/sim/TestingPig/employee_utilization_analyzer.py"[0m, line [35m5[0m, in [35m<module>[0m
    from pymongo import MongoClient, UpdateOne
[1;35mModuleNotFoundError[0m: [35mNo module named 'pymongo'[0m

[2025-07-10T00:14:05.238Z] [ERROR] ❌ [1/3] Employee Utilization Analysis failed after 20.2s (attempt 1) {
  "script": "employee_utilization_analyzer.py",
  "duration": "20217ms",
  "attempts": 1,
  "startTime": "2025-07-10T00:13:45.021Z",
  "endTime": "2025-07-10T00:14:05.238Z"
}
[2025-07-10T00:14:05.239Z] [ERROR] 💥 Script failed: employee_utilization_analyzer.py (attempt 1/3) {
  "duration": "20217ms",
  "error": "Script failed after 3 attempts: Command failed: \"python3\" \"/Users/sim/TestingPig/employee_utilization_analyzer.py\"\nTraceback (most recent call last):\n  File \u001b[35m\"/Users/sim/TestingPig/employee_utilization_analyzer.py\"\u001b[0m, line \u001b[35m5\u001b[0m, in \u001b[35m<module>\u001b[0m\n    from pymongo import MongoClient, UpdateOne\n\u001b[1;35mModuleNotFoundError\u001b[0m: \u001b[35mNo module named 'pymongo'\u001b[0m\n",
  "code": "N/A",
  "signal": "N/A"
}
[2025-07-10T00:14:05.239Z] [INFO] ⏳ Waiting 5s before next script...
[2025-07-10T00:14:10.240Z] [INFO] [RESOURCE] Memory: 3.86MB used, 4.81MB total, 39.33MB RSS | Load: 3.40, 4.48, 4.81
[2025-07-10T00:14:10.241Z] [WARN] [WARNING] High memory usage: 80.2% of heap used
[2025-07-10T00:14:10.241Z] [INFO] 
📋 [2/3] Starting script: Attrition Score Calculation {
  "script": "attrition_score.py",
  "args": "",
  "timeout": "3600s",
  "maxRetries": 2,
  "retryDelay": "15000ms"
}
[2025-07-10T00:14:10.242Z] [DEBUG] Executing script: attrition_score.py {
  "args": [],
  "pid": 68580,
  "cwd": "/Users/sim/TestingPig",
  "pythonPath": "python3",
  "timeout": 3600000,
  "maxRetries": 2
}
[2025-07-10T00:14:10.309Z] [WARN] Script attempt 1 failed, will retry: attrition_score.py {
  "script": "attrition_score.py",
  "duration": "67ms",
  "exitCode": 1,
  "signal": null,
  "attempt": 1,
  "maxAttempts": 3,
  "error": "Command failed: \"python3\" \"/Users/sim/TestingPig/attrition_score.py\"\nTraceback (most recent call last):\n  File \u001b[35m\"/Users/sim/TestingPig/attrition_score.py\"\u001b[0m, line \u001b[35m6\u001b[0m, in \u001b[35m<module>\u001b[0m\n    import numpy as np\n\u001b[1;35mModuleNotFoundError\u001b[0m: \u001b[35mNo module named 'numpy'\u001b[0m\n"
}
[2025-07-10T00:14:10.309Z] [WARN] Retry attempt 2 of 2 after 15000ms... {
  "script": "attrition_score.py",
  "previousError": "Command failed: \"python3\" \"/Users/sim/TestingPig/attrition_score.py\"\nTraceback (most recent call last):\n  File \u001b[35m\"/Users/sim/TestingPig/attrition_score.py\"\u001b[0m, line \u001b[35m6\u001b[0m, in \u001b[35m<module>\u001b[0m\n    import numpy as np\n\u001b[1;35mModuleNotFoundError\u001b[0m: \u001b[35mNo module named 'numpy'\u001b[0m\n"
}
[2025-07-10T00:14:25.395Z] [WARN] Script attempt 2 failed, will retry: attrition_score.py {
  "script": "attrition_score.py",
  "duration": "15153ms",
  "exitCode": 1,
  "signal": null,
  "attempt": 2,
  "maxAttempts": 3,
  "error": "Command failed: \"python3\" \"/Users/sim/TestingPig/attrition_score.py\"\nTraceback (most recent call last):\n  File \u001b[35m\"/Users/sim/TestingPig/attrition_score.py\"\u001b[0m, line \u001b[35m6\u001b[0m, in \u001b[35m<module>\u001b[0m\n    import numpy as np\n\u001b[1;35mModuleNotFoundError\u001b[0m: \u001b[35mNo module named 'numpy'\u001b[0m\n"
}
[2025-07-10T00:14:25.395Z] [WARN] Retry attempt 3 of 2 after 15000ms... {
  "script": "attrition_score.py",
  "previousError": "Command failed: \"python3\" \"/Users/sim/TestingPig/attrition_score.py\"\nTraceback (most recent call last):\n  File \u001b[35m\"/Users/sim/TestingPig/attrition_score.py\"\u001b[0m, line \u001b[35m6\u001b[0m, in \u001b[35m<module>\u001b[0m\n    import numpy as np\n\u001b[1;35mModuleNotFoundError\u001b[0m: \u001b[35mNo module named 'numpy'\u001b[0m\n"
}
[2025-07-10T00:14:40.470Z] [ERROR] Script failed after 3 attempts: attrition_score.py {
  "script": "attrition_score.py",
  "duration": "30228ms",
  "exitCode": 1,
  "signal": null,
  "attempt": 3,
  "maxAttempts": 3,
  "error": "Command failed: \"python3\" \"/Users/sim/TestingPig/attrition_score.py\"\nTraceback (most recent call last):\n  File \u001b[35m\"/Users/sim/TestingPig/attrition_score.py\"\u001b[0m, line \u001b[35m6\u001b[0m, in \u001b[35m<module>\u001b[0m\n    import numpy as np\n\u001b[1;35mModuleNotFoundError\u001b[0m: \u001b[35mNo module named 'numpy'\u001b[0m\n"
}
[2025-07-10T00:14:40.470Z] [INFO] [RESOURCE] Memory: 4.34MB used, 5.06MB total, 39.80MB RSS | Load: 3.46, 4.41, 4.77
[2025-07-10T00:14:40.471Z] [WARN] [WARNING] High memory usage: 85.7% of heap used
[2025-07-10T00:14:40.471Z] [ERROR] [attrition_score.py STDERR] Traceback (most recent call last):
  File [35m"/Users/sim/TestingPig/attrition_score.py"[0m, line [35m6[0m, in [35m<module>[0m
    import numpy as np
[1;35mModuleNotFoundError[0m: [35mNo module named 'numpy'[0m

[2025-07-10T00:14:40.471Z] [ERROR] ❌ [2/3] Attrition Score Calculation failed after 30.2s (attempt 1) {
  "script": "attrition_score.py",
  "duration": "30230ms",
  "attempts": 1,
  "startTime": "2025-07-10T00:14:10.242Z",
  "endTime": "2025-07-10T00:14:40.471Z"
}
[2025-07-10T00:14:40.471Z] [ERROR] 💥 Script failed: attrition_score.py (attempt 1/3) {
  "duration": "30230ms",
  "error": "Script failed after 3 attempts: Command failed: \"python3\" \"/Users/sim/TestingPig/attrition_score.py\"\nTraceback (most recent call last):\n  File \u001b[35m\"/Users/sim/TestingPig/attrition_score.py\"\u001b[0m, line \u001b[35m6\u001b[0m, in \u001b[35m<module>\u001b[0m\n    import numpy as np\n\u001b[1;35mModuleNotFoundError\u001b[0m: \u001b[35mNo module named 'numpy'\u001b[0m\n",
  "code": "N/A",
  "signal": "N/A"
}
[2025-07-10T00:14:40.471Z] [INFO] ⏳ Waiting 5s before next script...
[2025-07-10T00:14:45.472Z] [INFO] [RESOURCE] Memory: 4.38MB used, 5.06MB total, 39.83MB RSS | Load: 3.34, 4.37, 4.76
[2025-07-10T00:14:45.473Z] [WARN] [WARNING] High memory usage: 86.4% of heap used
[2025-07-10T00:14:45.474Z] [INFO] 
📋 [3/3] Starting script: Successor Identification {
  "script": "successor_identification.py",
  "args": "--refresh --batch-size=10",
  "timeout": "2700s",
  "maxRetries": 1,
  "retryDelay": "20000ms"
}
[2025-07-10T00:14:45.475Z] [DEBUG] Executing script: successor_identification.py {
  "args": [
    "--refresh",
    "--batch-size=10"
  ],
  "pid": 68580,
  "cwd": "/Users/sim/TestingPig",
  "pythonPath": "python3",
  "timeout": 2700000,
  "maxRetries": 1
}
[2025-07-10T00:14:45.548Z] [WARN] Script attempt 1 failed, will retry: successor_identification.py {
  "script": "successor_identification.py",
  "duration": "73ms",
  "exitCode": 1,
  "signal": null,
  "attempt": 1,
  "maxAttempts": 2,
  "error": "Command failed: \"python3\" \"/Users/sim/TestingPig/successor_identification.py\" \"--refresh\" \"--batch-size=10\"\nTraceback (most recent call last):\n  File \u001b[35m\"/Users/sim/TestingPig/successor_identification.py\"\u001b[0m, line \u001b[35m6\u001b[0m, in \u001b[35m<module>\u001b[0m\n    import numpy as np\n\u001b[1;35mModuleNotFoundError\u001b[0m: \u001b[35mNo module named 'numpy'\u001b[0m\n"
}
[2025-07-10T00:14:45.548Z] [WARN] Retry attempt 2 of 1 after 20000ms... {
  "script": "successor_identification.py",
  "previousError": "Command failed: \"python3\" \"/Users/sim/TestingPig/successor_identification.py\" \"--refresh\" \"--batch-size=10\"\nTraceback (most recent call last):\n  File \u001b[35m\"/Users/sim/TestingPig/successor_identification.py\"\u001b[0m, line \u001b[35m6\u001b[0m, in \u001b[35m<module>\u001b[0m\n    import numpy as np\n\u001b[1;35mModuleNotFoundError\u001b[0m: \u001b[35mNo module named 'numpy'\u001b[0m\n"
}
[2025-07-10T00:15:05.623Z] [ERROR] Script failed after 2 attempts: successor_identification.py {
  "script": "successor_identification.py",
  "duration": "20148ms",
  "exitCode": 1,
  "signal": null,
  "attempt": 2,
  "maxAttempts": 2,
  "error": "Command failed: \"python3\" \"/Users/sim/TestingPig/successor_identification.py\" \"--refresh\" \"--batch-size=10\"\nTraceback (most recent call last):\n  File \u001b[35m\"/Users/sim/TestingPig/successor_identification.py\"\u001b[0m, line \u001b[35m6\u001b[0m, in \u001b[35m<module>\u001b[0m\n    import numpy as np\n\u001b[1;35mModuleNotFoundError\u001b[0m: \u001b[35mNo module named 'numpy'\u001b[0m\n"
}
[2025-07-10T00:15:05.623Z] [ERROR] [successor_identification.py STDERR] Traceback (most recent call last):
  File [35m"/Users/sim/TestingPig/successor_identification.py"[0m, line [35m6[0m, in [35m<module>[0m
    import numpy as np
[1;35mModuleNotFoundError[0m: [35mNo module named 'numpy'[0m

[2025-07-10T00:15:05.623Z] [ERROR] ❌ [3/3] Successor Identification failed after 20.1s (attempt 1) {
  "script": "successor_identification.py",
  "duration": "20149ms",
  "attempts": 1,
  "startTime": "2025-07-10T00:14:45.474Z",
  "endTime": "2025-07-10T00:15:05.623Z"
}
[2025-07-10T00:15:05.624Z] [ERROR] 💥 Script failed: successor_identification.py (attempt 1/2) {
  "duration": "20149ms",
  "error": "Script failed after 2 attempts: Command failed: \"python3\" \"/Users/sim/TestingPig/successor_identification.py\" \"--refresh\" \"--batch-size=10\"\nTraceback (most recent call last):\n  File \u001b[35m\"/Users/sim/TestingPig/successor_identification.py\"\u001b[0m, line \u001b[35m6\u001b[0m, in \u001b[35m<module>\u001b[0m\n    import numpy as np\n\u001b[1;35mModuleNotFoundError\u001b[0m: \u001b[35mNo module named 'numpy'\u001b[0m\n",
  "code": "N/A",
  "signal": "N/A"
}
[2025-07-10T00:15:05.624Z] [INFO] ⏳ Waiting 5s before next script...
[2025-07-10T00:15:10.625Z] [INFO] [RESOURCE] Memory: 4.59MB used, 5.06MB total, 40.09MB RSS | Load: 2.67, 4.13, 4.66
[2025-07-10T00:15:10.626Z] [WARN] [WARNING] High memory usage: 90.8% of heap used
[2025-07-10T00:15:10.627Z] [WARN] [WARNING] Critical memory usage - consider increasing Node.js memory limit
[2025-07-10T00:15:10.628Z] [INFO] 
📊 ====== DATA UPDATE SUMMARY ======
[2025-07-10T00:15:10.628Z] [INFO] 📅 Started: 2025-07-10T00:13:45.021Z
[2025-07-10T00:15:10.628Z] [INFO] 🏁 Finished: 2025-07-10T00:15:10.627Z
[2025-07-10T00:15:10.629Z] [INFO] ⏱️  Total Duration: 1.4 minutes
[2025-07-10T00:15:10.629Z] [INFO] 📋 Scripts: 3 total, 0 successful, 3 failed
[2025-07-10T00:15:10.630Z] [INFO] 📈 Success Rate: 0.0%
[2025-07-10T00:15:10.630Z] [INFO] 
📋 SCRIPT EXECUTION STATUS:
[2025-07-10T00:15:10.636Z] [INFO] 
💾 SYSTEM RESOURCE USAGE:
[2025-07-10T00:15:10.636Z] [INFO] Memory: 4.70MB used / 5.06MB total
[2025-07-10T00:15:10.636Z] [INFO] RSS: 40.50MB
[2025-07-10T00:15:10.637Z] [INFO] Load: 2.67, 4.13, 4.66
[2025-07-10T00:15:10.637Z] [WARN] 
⚠️  COMPLETED WITH 3 OF 3 SCRIPTS FAILING
[2025-07-10T00:15:10.638Z] [INFO] [RESOURCE] Memory: 4.72MB used, 5.06MB total, 40.53MB RSS | Load: 2.67, 4.13, 4.66
[2025-07-10T00:15:10.638Z] [WARN] [WARNING] High memory usage: 93.3% of heap used
[2025-07-10T00:15:10.639Z] [WARN] [WARNING] Critical memory usage - consider increasing Node.js memory limit
[2025-07-10T00:15:10.639Z] [WARN] Initial update completed with 3 failures
[2025-07-10T00:15:10.639Z] [INFO] Initial update completed. Next update in 1440 minutes.
[2025-07-10T01:36:48.595Z] [DEBUG] [2025-07-10T01:36:48.595Z] Daemon is running...
[2025-07-10T01:36:48.597Z] [INFO] [RESOURCE] Memory: 4.00MB used, 5.06MB total, 31.16MB RSS | Load: 2.11, 1.54, 1.56
[2025-07-10T01:36:48.599Z] [WARN] [WARNING] High memory usage: 79.0% of heap used
[2025-07-10T02:36:48.618Z] [DEBUG] [2025-07-10T02:36:48.618Z] Daemon is running...
[2025-07-10T02:36:48.620Z] [INFO] [RESOURCE] Memory: 4.01MB used, 5.06MB total, 30.63MB RSS | Load: 2.28, 2.26, 1.97
[2025-07-10T02:36:48.621Z] [WARN] [WARNING] High memory usage: 79.3% of heap used
[2025-07-10T03:36:48.562Z] [DEBUG] [2025-07-10T03:36:48.562Z] Daemon is running...
[2025-07-10T03:36:48.564Z] [INFO] [RESOURCE] Memory: 4.03MB used, 5.06MB total, 30.72MB RSS | Load: 1.09, 1.57, 1.84
[2025-07-10T03:36:48.565Z] [WARN] [WARNING] High memory usage: 79.5% of heap used
