[2025-08-15T10:30:18.128Z] [INFO] 🚀 Starting data update daemon... {
  "nodeVersion": "v20.19.3",
  "platform": "darwin",
  "arch": "arm64",
  "pid": 61410,
  "cwd": "/Users/sim/selora-clean",
  "system": {
    "cpus": 8,
    "memory": {
      "total": "16.00 GB",
      "free": "0.14 GB",
      "usage": "99.15%"
    },
    "load": [
      1.806640625,
      2.32470703125,
      3.244140625
    ]
  },
  "env": "production"
}
[2025-08-15T10:30:18.129Z] [INFO] [RESOURCE] Memory: 4.26MB used, 4.56MB total, 38.05MB RSS | Load: 1.81, 2.32, 3.24
[2025-08-15T10:30:18.130Z] [WARN] [WARNING] High memory usage: 93.3% of heap used
[2025-08-15T10:30:18.130Z] [WARN] [WARNING] Critical memory usage - consider increasing Node.js memory limit
[2025-08-15T10:30:18.130Z] [INFO] Performing initial data update...
[2025-08-15T10:30:18.131Z] [INFO] 🚀 Starting scheduled data updates... {
  "system": {
    "platform": "darwin",
    "arch": "arm64",
    "node": "v20.19.3",
    "pid": 61410,
    "cpus": 8,
    "memory": {
      "total": "16.00 GB",
      "free": "0.13 GB",
      "usage": "99.20%"
    }
  },
  "totalScripts": 3,
  "logLevel": "INFO"
}
[2025-08-15T10:30:18.131Z] [INFO] 
📋 [1/3] Starting script: Employee Utilization Analysis {
  "script": "employee_utilization_analyzer.py",
  "args": "",
  "timeout": "1800s",
  "maxRetries": 2,
  "retryDelay": "10000ms"
}
[2025-08-15T10:30:18.131Z] [DEBUG] Executing script: employee_utilization_analyzer.py {
  "args": [],
  "pid": 61410,
  "cwd": "/Users/sim/selora-clean",
  "pythonPath": "python3",
  "timeout": 1800000,
  "maxRetries": 2
}
[2025-08-15T10:30:18.189Z] [WARN] Script attempt 1 failed, will retry: employee_utilization_analyzer.py {
  "script": "employee_utilization_analyzer.py",
  "duration": "58ms",
  "exitCode": 1,
  "signal": null,
  "attempt": 1,
  "maxAttempts": 3,
  "error": "Command failed: \"python3\" \"/Users/sim/selora-clean/employee_utilization_analyzer.py\"\nTraceback (most recent call last):\n  File \u001b[35m\"/Users/sim/selora-clean/employee_utilization_analyzer.py\"\u001b[0m, line \u001b[35m5\u001b[0m, in \u001b[35m<module>\u001b[0m\n    from pymongo import MongoClient, UpdateOne\n\u001b[1;35mModuleNotFoundError\u001b[0m: \u001b[35mNo module named 'pymongo'\u001b[0m\n"
}
[2025-08-15T10:30:18.189Z] [WARN] Retry attempt 2 of 2 after 10000ms... {
  "script": "employee_utilization_analyzer.py",
  "previousError": "Command failed: \"python3\" \"/Users/sim/selora-clean/employee_utilization_analyzer.py\"\nTraceback (most recent call last):\n  File \u001b[35m\"/Users/sim/selora-clean/employee_utilization_analyzer.py\"\u001b[0m, line \u001b[35m5\u001b[0m, in \u001b[35m<module>\u001b[0m\n    from pymongo import MongoClient, UpdateOne\n\u001b[1;35mModuleNotFoundError\u001b[0m: \u001b[35mNo module named 'pymongo'\u001b[0m\n"
}
[2025-08-15T10:30:28.281Z] [WARN] Script attempt 2 failed, will retry: employee_utilization_analyzer.py {
  "script": "employee_utilization_analyzer.py",
  "duration": "10150ms",
  "exitCode": 1,
  "signal": null,
  "attempt": 2,
  "maxAttempts": 3,
  "error": "Command failed: \"python3\" \"/Users/sim/selora-clean/employee_utilization_analyzer.py\"\nTraceback (most recent call last):\n  File \u001b[35m\"/Users/sim/selora-clean/employee_utilization_analyzer.py\"\u001b[0m, line \u001b[35m5\u001b[0m, in \u001b[35m<module>\u001b[0m\n    from pymongo import MongoClient, UpdateOne\n\u001b[1;35mModuleNotFoundError\u001b[0m: \u001b[35mNo module named 'pymongo'\u001b[0m\n"
}
[2025-08-15T10:30:28.281Z] [WARN] Retry attempt 3 of 2 after 10000ms... {
  "script": "employee_utilization_analyzer.py",
  "previousError": "Command failed: \"python3\" \"/Users/sim/selora-clean/employee_utilization_analyzer.py\"\nTraceback (most recent call last):\n  File \u001b[35m\"/Users/sim/selora-clean/employee_utilization_analyzer.py\"\u001b[0m, line \u001b[35m5\u001b[0m, in \u001b[35m<module>\u001b[0m\n    from pymongo import MongoClient, UpdateOne\n\u001b[1;35mModuleNotFoundError\u001b[0m: \u001b[35mNo module named 'pymongo'\u001b[0m\n"
}
[2025-08-15T10:30:38.362Z] [ERROR] Script failed after 3 attempts: employee_utilization_analyzer.py {
  "script": "employee_utilization_analyzer.py",
  "duration": "20231ms",
  "exitCode": 1,
  "signal": null,
  "attempt": 3,
  "maxAttempts": 3,
  "error": "Command failed: \"python3\" \"/Users/sim/selora-clean/employee_utilization_analyzer.py\"\nTraceback (most recent call last):\n  File \u001b[35m\"/Users/sim/selora-clean/employee_utilization_analyzer.py\"\u001b[0m, line \u001b[35m5\u001b[0m, in \u001b[35m<module>\u001b[0m\n    from pymongo import MongoClient, UpdateOne\n\u001b[1;35mModuleNotFoundError\u001b[0m: \u001b[35mNo module named 'pymongo'\u001b[0m\n"
}
[2025-08-15T10:30:38.363Z] [ERROR] [employee_utilization_analyzer.py STDERR] Traceback (most recent call last):
  File [35m"/Users/sim/selora-clean/employee_utilization_analyzer.py"[0m, line [35m5[0m, in [35m<module>[0m
    from pymongo import MongoClient, UpdateOne
[1;35mModuleNotFoundError[0m: [35mNo module named 'pymongo'[0m

[2025-08-15T10:30:38.363Z] [ERROR] ❌ [1/3] Employee Utilization Analysis failed after 20.2s (attempt 1) {
  "script": "employee_utilization_analyzer.py",
  "duration": "20232ms",
  "attempts": 1,
  "startTime": "2025-08-15T10:30:18.131Z",
  "endTime": "2025-08-15T10:30:38.363Z"
}
[2025-08-15T10:30:38.363Z] [ERROR] 💥 Script failed: employee_utilization_analyzer.py (attempt 1/3) {
  "duration": "20232ms",
  "error": "Script failed after 3 attempts: Command failed: \"python3\" \"/Users/sim/selora-clean/employee_utilization_analyzer.py\"\nTraceback (most recent call last):\n  File \u001b[35m\"/Users/sim/selora-clean/employee_utilization_analyzer.py\"\u001b[0m, line \u001b[35m5\u001b[0m, in \u001b[35m<module>\u001b[0m\n    from pymongo import MongoClient, UpdateOne\n\u001b[1;35mModuleNotFoundError\u001b[0m: \u001b[35mNo module named 'pymongo'\u001b[0m\n",
  "code": "N/A",
  "signal": "N/A"
}
[2025-08-15T10:30:38.363Z] [INFO] ⏳ Waiting 5s before next script...
[2025-08-15T10:30:43.364Z] [INFO] [RESOURCE] Memory: 3.91MB used, 5.06MB total, 36.39MB RSS | Load: 2.33, 2.40, 3.24
[2025-08-15T10:30:43.365Z] [WARN] [WARNING] High memory usage: 77.2% of heap used
[2025-08-15T10:30:43.365Z] [INFO] 
📋 [2/3] Starting script: Attrition Score Calculation {
  "script": "attrition_score.py",
  "args": "",
  "timeout": "3600s",
  "maxRetries": 2,
  "retryDelay": "15000ms"
}
[2025-08-15T10:30:43.366Z] [DEBUG] Executing script: attrition_score.py {
  "args": [],
  "pid": 61410,
  "cwd": "/Users/sim/selora-clean",
  "pythonPath": "python3",
  "timeout": 3600000,
  "maxRetries": 2
}
[2025-08-15T10:30:43.403Z] [WARN] Script attempt 1 failed, will retry: attrition_score.py {
  "script": "attrition_score.py",
  "duration": "37ms",
  "exitCode": 1,
  "signal": null,
  "attempt": 1,
  "maxAttempts": 3,
  "error": "Command failed: \"python3\" \"/Users/sim/selora-clean/attrition_score.py\"\nTraceback (most recent call last):\n  File \u001b[35m\"/Users/sim/selora-clean/attrition_score.py\"\u001b[0m, line \u001b[35m6\u001b[0m, in \u001b[35m<module>\u001b[0m\n    import numpy as np\n\u001b[1;35mModuleNotFoundError\u001b[0m: \u001b[35mNo module named 'numpy'\u001b[0m\n"
}
[2025-08-15T10:30:43.403Z] [WARN] Retry attempt 2 of 2 after 15000ms... {
  "script": "attrition_score.py",
  "previousError": "Command failed: \"python3\" \"/Users/sim/selora-clean/attrition_score.py\"\nTraceback (most recent call last):\n  File \u001b[35m\"/Users/sim/selora-clean/attrition_score.py\"\u001b[0m, line \u001b[35m6\u001b[0m, in \u001b[35m<module>\u001b[0m\n    import numpy as np\n\u001b[1;35mModuleNotFoundError\u001b[0m: \u001b[35mNo module named 'numpy'\u001b[0m\n"
}
[2025-08-15T10:30:58.494Z] [WARN] Script attempt 2 failed, will retry: attrition_score.py {
  "script": "attrition_score.py",
  "duration": "15128ms",
  "exitCode": 1,
  "signal": null,
  "attempt": 2,
  "maxAttempts": 3,
  "error": "Command failed: \"python3\" \"/Users/sim/selora-clean/attrition_score.py\"\nTraceback (most recent call last):\n  File \u001b[35m\"/Users/sim/selora-clean/attrition_score.py\"\u001b[0m, line \u001b[35m6\u001b[0m, in \u001b[35m<module>\u001b[0m\n    import numpy as np\n\u001b[1;35mModuleNotFoundError\u001b[0m: \u001b[35mNo module named 'numpy'\u001b[0m\n"
}
[2025-08-15T10:30:58.494Z] [WARN] Retry attempt 3 of 2 after 15000ms... {
  "script": "attrition_score.py",
  "previousError": "Command failed: \"python3\" \"/Users/sim/selora-clean/attrition_score.py\"\nTraceback (most recent call last):\n  File \u001b[35m\"/Users/sim/selora-clean/attrition_score.py\"\u001b[0m, line \u001b[35m6\u001b[0m, in \u001b[35m<module>\u001b[0m\n    import numpy as np\n\u001b[1;35mModuleNotFoundError\u001b[0m: \u001b[35mNo module named 'numpy'\u001b[0m\n"
}
[2025-08-15T10:31:13.567Z] [ERROR] Script failed after 3 attempts: attrition_score.py {
  "script": "attrition_score.py",
  "duration": "30201ms",
  "exitCode": 1,
  "signal": null,
  "attempt": 3,
  "maxAttempts": 3,
  "error": "Command failed: \"python3\" \"/Users/sim/selora-clean/attrition_score.py\"\nTraceback (most recent call last):\n  File \u001b[35m\"/Users/sim/selora-clean/attrition_score.py\"\u001b[0m, line \u001b[35m6\u001b[0m, in \u001b[35m<module>\u001b[0m\n    import numpy as np\n\u001b[1;35mModuleNotFoundError\u001b[0m: \u001b[35mNo module named 'numpy'\u001b[0m\n"
}
[2025-08-15T10:31:13.567Z] [INFO] [RESOURCE] Memory: 4.39MB used, 5.31MB total, 37.14MB RSS | Load: 2.60, 2.45, 3.23
[2025-08-15T10:31:13.567Z] [WARN] [WARNING] High memory usage: 82.6% of heap used
[2025-08-15T10:31:13.567Z] [ERROR] [attrition_score.py STDERR] Traceback (most recent call last):
  File [35m"/Users/sim/selora-clean/attrition_score.py"[0m, line [35m6[0m, in [35m<module>[0m
    import numpy as np
[1;35mModuleNotFoundError[0m: [35mNo module named 'numpy'[0m

[2025-08-15T10:31:13.568Z] [ERROR] ❌ [2/3] Attrition Score Calculation failed after 30.2s (attempt 1) {
  "script": "attrition_score.py",
  "duration": "30203ms",
  "attempts": 1,
  "startTime": "2025-08-15T10:30:43.366Z",
  "endTime": "2025-08-15T10:31:13.568Z"
}
[2025-08-15T10:31:13.568Z] [ERROR] 💥 Script failed: attrition_score.py (attempt 1/3) {
  "duration": "30203ms",
  "error": "Script failed after 3 attempts: Command failed: \"python3\" \"/Users/sim/selora-clean/attrition_score.py\"\nTraceback (most recent call last):\n  File \u001b[35m\"/Users/sim/selora-clean/attrition_score.py\"\u001b[0m, line \u001b[35m6\u001b[0m, in \u001b[35m<module>\u001b[0m\n    import numpy as np\n\u001b[1;35mModuleNotFoundError\u001b[0m: \u001b[35mNo module named 'numpy'\u001b[0m\n",
  "code": "N/A",
  "signal": "N/A"
}
[2025-08-15T10:31:13.568Z] [INFO] ⏳ Waiting 5s before next script...
[2025-08-15T10:31:18.569Z] [INFO] [RESOURCE] Memory: 4.43MB used, 5.31MB total, 37.17MB RSS | Load: 2.55, 2.44, 3.23
[2025-08-15T10:31:18.570Z] [WARN] [WARNING] High memory usage: 83.3% of heap used
[2025-08-15T10:31:18.570Z] [INFO] 
📋 [3/3] Starting script: Successor Identification {
  "script": "successor_identification.py",
  "args": "--refresh --batch-size=10",
  "timeout": "2700s",
  "maxRetries": 1,
  "retryDelay": "20000ms"
}
[2025-08-15T10:31:18.571Z] [DEBUG] Executing script: successor_identification.py {
  "args": [
    "--refresh",
    "--batch-size=10"
  ],
  "pid": 61410,
  "cwd": "/Users/sim/selora-clean",
  "pythonPath": "python3",
  "timeout": 2700000,
  "maxRetries": 1
}
[2025-08-15T10:31:18.637Z] [WARN] Script attempt 1 failed, will retry: successor_identification.py {
  "script": "successor_identification.py",
  "duration": "66ms",
  "exitCode": 1,
  "signal": null,
  "attempt": 1,
  "maxAttempts": 2,
  "error": "Command failed: \"python3\" \"/Users/sim/selora-clean/successor_identification.py\" \"--refresh\" \"--batch-size=10\"\nTraceback (most recent call last):\n  File \u001b[35m\"/Users/sim/selora-clean/successor_identification.py\"\u001b[0m, line \u001b[35m6\u001b[0m, in \u001b[35m<module>\u001b[0m\n    import numpy as np\n\u001b[1;35mModuleNotFoundError\u001b[0m: \u001b[35mNo module named 'numpy'\u001b[0m\n"
}
[2025-08-15T10:31:18.637Z] [WARN] Retry attempt 2 of 1 after 20000ms... {
  "script": "successor_identification.py",
  "previousError": "Command failed: \"python3\" \"/Users/sim/selora-clean/successor_identification.py\" \"--refresh\" \"--batch-size=10\"\nTraceback (most recent call last):\n  File \u001b[35m\"/Users/sim/selora-clean/successor_identification.py\"\u001b[0m, line \u001b[35m6\u001b[0m, in \u001b[35m<module>\u001b[0m\n    import numpy as np\n\u001b[1;35mModuleNotFoundError\u001b[0m: \u001b[35mNo module named 'numpy'\u001b[0m\n"
}
[2025-08-15T10:31:38.711Z] [ERROR] Script failed after 2 attempts: successor_identification.py {
  "script": "successor_identification.py",
  "duration": "20140ms",
  "exitCode": 1,
  "signal": null,
  "attempt": 2,
  "maxAttempts": 2,
  "error": "Command failed: \"python3\" \"/Users/sim/selora-clean/successor_identification.py\" \"--refresh\" \"--batch-size=10\"\nTraceback (most recent call last):\n  File \u001b[35m\"/Users/sim/selora-clean/successor_identification.py\"\u001b[0m, line \u001b[35m6\u001b[0m, in \u001b[35m<module>\u001b[0m\n    import numpy as np\n\u001b[1;35mModuleNotFoundError\u001b[0m: \u001b[35mNo module named 'numpy'\u001b[0m\n"
}
[2025-08-15T10:31:38.711Z] [ERROR] [successor_identification.py STDERR] Traceback (most recent call last):
  File [35m"/Users/sim/selora-clean/successor_identification.py"[0m, line [35m6[0m, in [35m<module>[0m
    import numpy as np
[1;35mModuleNotFoundError[0m: [35mNo module named 'numpy'[0m

[2025-08-15T10:31:38.711Z] [ERROR] ❌ [3/3] Successor Identification failed after 20.1s (attempt 1) {
  "script": "successor_identification.py",
  "duration": "20141ms",
  "attempts": 1,
  "startTime": "2025-08-15T10:31:18.570Z",
  "endTime": "2025-08-15T10:31:38.711Z"
}
[2025-08-15T10:31:38.711Z] [ERROR] 💥 Script failed: successor_identification.py (attempt 1/2) {
  "duration": "20141ms",
  "error": "Script failed after 2 attempts: Command failed: \"python3\" \"/Users/sim/selora-clean/successor_identification.py\" \"--refresh\" \"--batch-size=10\"\nTraceback (most recent call last):\n  File \u001b[35m\"/Users/sim/selora-clean/successor_identification.py\"\u001b[0m, line \u001b[35m6\u001b[0m, in \u001b[35m<module>\u001b[0m\n    import numpy as np\n\u001b[1;35mModuleNotFoundError\u001b[0m: \u001b[35mNo module named 'numpy'\u001b[0m\n",
  "code": "N/A",
  "signal": "N/A"
}
[2025-08-15T10:31:38.711Z] [INFO] ⏳ Waiting 5s before next script...
[2025-08-15T10:31:43.713Z] [INFO] [RESOURCE] Memory: 4.65MB used, 5.31MB total, 37.52MB RSS | Load: 2.17, 2.36, 3.17
[2025-08-15T10:31:43.714Z] [WARN] [WARNING] High memory usage: 87.5% of heap used
[2025-08-15T10:31:43.715Z] [INFO] 
📊 ====== DATA UPDATE SUMMARY ======
[2025-08-15T10:31:43.715Z] [INFO] 📅 Started: 2025-08-15T10:30:18.131Z
[2025-08-15T10:31:43.716Z] [INFO] 🏁 Finished: 2025-08-15T10:31:43.715Z
[2025-08-15T10:31:43.716Z] [INFO] ⏱️  Total Duration: 1.4 minutes
[2025-08-15T10:31:43.716Z] [INFO] 📋 Scripts: 3 total, 0 successful, 3 failed
[2025-08-15T10:31:43.717Z] [INFO] 📈 Success Rate: 0.0%
[2025-08-15T10:31:43.717Z] [INFO] 
📋 SCRIPT EXECUTION STATUS:
[2025-08-15T10:31:43.722Z] [INFO] 
💾 SYSTEM RESOURCE USAGE:
[2025-08-15T10:31:43.722Z] [INFO] Memory: 4.75MB used / 5.31MB total
[2025-08-15T10:31:43.723Z] [INFO] RSS: 38.09MB
[2025-08-15T10:31:43.723Z] [INFO] Load: 2.17, 2.36, 3.17
[2025-08-15T10:31:43.723Z] [WARN] 
⚠️  COMPLETED WITH 3 OF 3 SCRIPTS FAILING
[2025-08-15T10:31:43.724Z] [INFO] [RESOURCE] Memory: 4.77MB used, 5.31MB total, 38.13MB RSS | Load: 2.17, 2.36, 3.17
[2025-08-15T10:31:43.724Z] [WARN] [WARNING] High memory usage: 89.8% of heap used
[2025-08-15T10:31:43.724Z] [WARN] Initial update completed with 3 failures
[2025-08-15T10:31:43.725Z] [INFO] Initial update completed. Next update in 1440 minutes.
[2025-08-15T15:57:56.387Z] [INFO] 🚀 Starting data update daemon... {
  "nodeVersion": "v20.19.3",
  "platform": "darwin",
  "arch": "arm64",
  "pid": 65156,
  "cwd": "/Users/sim/selora-clean",
  "system": {
    "cpus": 8,
    "memory": {
      "total": "16.00 GB",
      "free": "3.78 GB",
      "usage": "76.39%"
    },
    "load": [
      3.0224609375,
      3.2412109375,
      2.70751953125
    ]
  },
  "env": "production"
}
[2025-08-15T15:57:56.388Z] [INFO] [RESOURCE] Memory: 4.26MB used, 4.56MB total, 38.08MB RSS | Load: 3.02, 3.24, 2.71
[2025-08-15T15:57:56.388Z] [WARN] [WARNING] High memory usage: 93.3% of heap used
[2025-08-15T15:57:56.388Z] [WARN] [WARNING] Critical memory usage - consider increasing Node.js memory limit
[2025-08-15T15:57:56.388Z] [INFO] Performing initial data update...
[2025-08-15T15:57:56.389Z] [INFO] 🚀 Starting scheduled data updates... {
  "system": {
    "platform": "darwin",
    "arch": "arm64",
    "node": "v20.19.3",
    "pid": 65156,
    "cpus": 8,
    "memory": {
      "total": "16.00 GB",
      "free": "3.77 GB",
      "usage": "76.46%"
    }
  },
  "totalScripts": 3,
  "logLevel": "INFO"
}
[2025-08-15T15:57:56.389Z] [INFO] 
📋 [1/3] Starting script: Employee Utilization Analysis {
  "script": "employee_utilization_analyzer.py",
  "args": "",
  "timeout": "1800s",
  "maxRetries": 2,
  "retryDelay": "10000ms"
}
[2025-08-15T15:57:56.390Z] [DEBUG] Executing script: employee_utilization_analyzer.py {
  "args": [],
  "pid": 65156,
  "cwd": "/Users/sim/selora-clean",
  "pythonPath": "python3",
  "timeout": 1800000,
  "maxRetries": 2
}
[2025-08-15T15:57:56.441Z] [WARN] Script attempt 1 failed, will retry: employee_utilization_analyzer.py {
  "script": "employee_utilization_analyzer.py",
  "duration": "51ms",
  "exitCode": 1,
  "signal": null,
  "attempt": 1,
  "maxAttempts": 3,
  "error": "Command failed: \"python3\" \"/Users/sim/selora-clean/employee_utilization_analyzer.py\"\nTraceback (most recent call last):\n  File \u001b[35m\"/Users/sim/selora-clean/employee_utilization_analyzer.py\"\u001b[0m, line \u001b[35m5\u001b[0m, in \u001b[35m<module>\u001b[0m\n    from pymongo import MongoClient, UpdateOne\n\u001b[1;35mModuleNotFoundError\u001b[0m: \u001b[35mNo module named 'pymongo'\u001b[0m\n"
}
[2025-08-15T15:57:56.441Z] [WARN] Retry attempt 2 of 2 after 10000ms... {
  "script": "employee_utilization_analyzer.py",
  "previousError": "Command failed: \"python3\" \"/Users/sim/selora-clean/employee_utilization_analyzer.py\"\nTraceback (most recent call last):\n  File \u001b[35m\"/Users/sim/selora-clean/employee_utilization_analyzer.py\"\u001b[0m, line \u001b[35m5\u001b[0m, in \u001b[35m<module>\u001b[0m\n    from pymongo import MongoClient, UpdateOne\n\u001b[1;35mModuleNotFoundError\u001b[0m: \u001b[35mNo module named 'pymongo'\u001b[0m\n"
}
[2025-08-15T15:58:06.505Z] [WARN] Script attempt 2 failed, will retry: employee_utilization_analyzer.py {
  "script": "employee_utilization_analyzer.py",
  "duration": "10115ms",
  "exitCode": 1,
  "signal": null,
  "attempt": 2,
  "maxAttempts": 3,
  "error": "Command failed: \"python3\" \"/Users/sim/selora-clean/employee_utilization_analyzer.py\"\nTraceback (most recent call last):\n  File \u001b[35m\"/Users/sim/selora-clean/employee_utilization_analyzer.py\"\u001b[0m, line \u001b[35m5\u001b[0m, in \u001b[35m<module>\u001b[0m\n    from pymongo import MongoClient, UpdateOne\n\u001b[1;35mModuleNotFoundError\u001b[0m: \u001b[35mNo module named 'pymongo'\u001b[0m\n"
}
[2025-08-15T15:58:06.505Z] [WARN] Retry attempt 3 of 2 after 10000ms... {
  "script": "employee_utilization_analyzer.py",
  "previousError": "Command failed: \"python3\" \"/Users/sim/selora-clean/employee_utilization_analyzer.py\"\nTraceback (most recent call last):\n  File \u001b[35m\"/Users/sim/selora-clean/employee_utilization_analyzer.py\"\u001b[0m, line \u001b[35m5\u001b[0m, in \u001b[35m<module>\u001b[0m\n    from pymongo import MongoClient, UpdateOne\n\u001b[1;35mModuleNotFoundError\u001b[0m: \u001b[35mNo module named 'pymongo'\u001b[0m\n"
}
[2025-08-15T15:58:16.552Z] [ERROR] Script failed after 3 attempts: employee_utilization_analyzer.py {
  "script": "employee_utilization_analyzer.py",
  "duration": "20162ms",
  "exitCode": 1,
  "signal": null,
  "attempt": 3,
  "maxAttempts": 3,
  "error": "Command failed: \"python3\" \"/Users/sim/selora-clean/employee_utilization_analyzer.py\"\nTraceback (most recent call last):\n  File \u001b[35m\"/Users/sim/selora-clean/employee_utilization_analyzer.py\"\u001b[0m, line \u001b[35m5\u001b[0m, in \u001b[35m<module>\u001b[0m\n    from pymongo import MongoClient, UpdateOne\n\u001b[1;35mModuleNotFoundError\u001b[0m: \u001b[35mNo module named 'pymongo'\u001b[0m\n"
}
[2025-08-15T15:58:16.552Z] [ERROR] [employee_utilization_analyzer.py STDERR] Traceback (most recent call last):
  File [35m"/Users/sim/selora-clean/employee_utilization_analyzer.py"[0m, line [35m5[0m, in [35m<module>[0m
    from pymongo import MongoClient, UpdateOne
[1;35mModuleNotFoundError[0m: [35mNo module named 'pymongo'[0m

[2025-08-15T15:58:16.553Z] [ERROR] ❌ [1/3] Employee Utilization Analysis failed after 20.2s (attempt 1) {
  "script": "employee_utilization_analyzer.py",
  "duration": "20164ms",
  "attempts": 1,
  "startTime": "2025-08-15T15:57:56.389Z",
  "endTime": "2025-08-15T15:58:16.553Z"
}
[2025-08-15T15:58:16.553Z] [ERROR] 💥 Script failed: employee_utilization_analyzer.py (attempt 1/3) {
  "duration": "20164ms",
  "error": "Script failed after 3 attempts: Command failed: \"python3\" \"/Users/sim/selora-clean/employee_utilization_analyzer.py\"\nTraceback (most recent call last):\n  File \u001b[35m\"/Users/sim/selora-clean/employee_utilization_analyzer.py\"\u001b[0m, line \u001b[35m5\u001b[0m, in \u001b[35m<module>\u001b[0m\n    from pymongo import MongoClient, UpdateOne\n\u001b[1;35mModuleNotFoundError\u001b[0m: \u001b[35mNo module named 'pymongo'\u001b[0m\n",
  "code": "N/A",
  "signal": "N/A"
}
[2025-08-15T15:58:16.553Z] [INFO] ⏳ Waiting 5s before next script...
[2025-08-15T15:58:21.554Z] [INFO] [RESOURCE] Memory: 3.86MB used, 4.81MB total, 39.14MB RSS | Load: 2.75, 3.16, 2.69
[2025-08-15T15:58:21.555Z] [WARN] [WARNING] High memory usage: 80.3% of heap used
[2025-08-15T15:58:21.555Z] [INFO] 
📋 [2/3] Starting script: Attrition Score Calculation {
  "script": "attrition_score.py",
  "args": "",
  "timeout": "3600s",
  "maxRetries": 2,
  "retryDelay": "15000ms"
}
[2025-08-15T15:58:21.557Z] [DEBUG] Executing script: attrition_score.py {
  "args": [],
  "pid": 65156,
  "cwd": "/Users/sim/selora-clean",
  "pythonPath": "python3",
  "timeout": 3600000,
  "maxRetries": 2
}
[2025-08-15T15:58:21.619Z] [WARN] Script attempt 1 failed, will retry: attrition_score.py {
  "script": "attrition_score.py",
  "duration": "63ms",
  "exitCode": 1,
  "signal": null,
  "attempt": 1,
  "maxAttempts": 3,
  "error": "Command failed: \"python3\" \"/Users/sim/selora-clean/attrition_score.py\"\nTraceback (most recent call last):\n  File \u001b[35m\"/Users/sim/selora-clean/attrition_score.py\"\u001b[0m, line \u001b[35m6\u001b[0m, in \u001b[35m<module>\u001b[0m\n    import numpy as np\n\u001b[1;35mModuleNotFoundError\u001b[0m: \u001b[35mNo module named 'numpy'\u001b[0m\n"
}
[2025-08-15T15:58:21.619Z] [WARN] Retry attempt 2 of 2 after 15000ms... {
  "script": "attrition_score.py",
  "previousError": "Command failed: \"python3\" \"/Users/sim/selora-clean/attrition_score.py\"\nTraceback (most recent call last):\n  File \u001b[35m\"/Users/sim/selora-clean/attrition_score.py\"\u001b[0m, line \u001b[35m6\u001b[0m, in \u001b[35m<module>\u001b[0m\n    import numpy as np\n\u001b[1;35mModuleNotFoundError\u001b[0m: \u001b[35mNo module named 'numpy'\u001b[0m\n"
}
[2025-08-15T15:58:36.673Z] [WARN] Script attempt 2 failed, will retry: attrition_score.py {
  "script": "attrition_score.py",
  "duration": "15117ms",
  "exitCode": 1,
  "signal": null,
  "attempt": 2,
  "maxAttempts": 3,
  "error": "Command failed: \"python3\" \"/Users/sim/selora-clean/attrition_score.py\"\nTraceback (most recent call last):\n  File \u001b[35m\"/Users/sim/selora-clean/attrition_score.py\"\u001b[0m, line \u001b[35m6\u001b[0m, in \u001b[35m<module>\u001b[0m\n    import numpy as np\n\u001b[1;35mModuleNotFoundError\u001b[0m: \u001b[35mNo module named 'numpy'\u001b[0m\n"
}
[2025-08-15T15:58:36.673Z] [WARN] Retry attempt 3 of 2 after 15000ms... {
  "script": "attrition_score.py",
  "previousError": "Command failed: \"python3\" \"/Users/sim/selora-clean/attrition_score.py\"\nTraceback (most recent call last):\n  File \u001b[35m\"/Users/sim/selora-clean/attrition_score.py\"\u001b[0m, line \u001b[35m6\u001b[0m, in \u001b[35m<module>\u001b[0m\n    import numpy as np\n\u001b[1;35mModuleNotFoundError\u001b[0m: \u001b[35mNo module named 'numpy'\u001b[0m\n"
}
[2025-08-15T15:58:51.744Z] [ERROR] Script failed after 3 attempts: attrition_score.py {
  "script": "attrition_score.py",
  "duration": "30188ms",
  "exitCode": 1,
  "signal": null,
  "attempt": 3,
  "maxAttempts": 3,
  "error": "Command failed: \"python3\" \"/Users/sim/selora-clean/attrition_score.py\"\nTraceback (most recent call last):\n  File \u001b[35m\"/Users/sim/selora-clean/attrition_score.py\"\u001b[0m, line \u001b[35m6\u001b[0m, in \u001b[35m<module>\u001b[0m\n    import numpy as np\n\u001b[1;35mModuleNotFoundError\u001b[0m: \u001b[35mNo module named 'numpy'\u001b[0m\n"
}
[2025-08-15T15:58:51.745Z] [INFO] [RESOURCE] Memory: 4.34MB used, 5.06MB total, 39.59MB RSS | Load: 2.76, 3.12, 2.69
[2025-08-15T15:58:51.745Z] [WARN] [WARNING] High memory usage: 85.7% of heap used
[2025-08-15T15:58:51.745Z] [ERROR] [attrition_score.py STDERR] Traceback (most recent call last):
  File [35m"/Users/sim/selora-clean/attrition_score.py"[0m, line [35m6[0m, in [35m<module>[0m
    import numpy as np
[1;35mModuleNotFoundError[0m: [35mNo module named 'numpy'[0m

[2025-08-15T15:58:51.745Z] [ERROR] ❌ [2/3] Attrition Score Calculation failed after 30.2s (attempt 1) {
  "script": "attrition_score.py",
  "duration": "30190ms",
  "attempts": 1,
  "startTime": "2025-08-15T15:58:21.556Z",
  "endTime": "2025-08-15T15:58:51.745Z"
}
[2025-08-15T15:58:51.745Z] [ERROR] 💥 Script failed: attrition_score.py (attempt 1/3) {
  "duration": "30190ms",
  "error": "Script failed after 3 attempts: Command failed: \"python3\" \"/Users/sim/selora-clean/attrition_score.py\"\nTraceback (most recent call last):\n  File \u001b[35m\"/Users/sim/selora-clean/attrition_score.py\"\u001b[0m, line \u001b[35m6\u001b[0m, in \u001b[35m<module>\u001b[0m\n    import numpy as np\n\u001b[1;35mModuleNotFoundError\u001b[0m: \u001b[35mNo module named 'numpy'\u001b[0m\n",
  "code": "N/A",
  "signal": "N/A"
}
[2025-08-15T15:58:51.745Z] [INFO] ⏳ Waiting 5s before next script...
[2025-08-15T15:58:56.746Z] [INFO] [RESOURCE] Memory: 4.38MB used, 5.06MB total, 39.63MB RSS | Load: 2.86, 3.14, 2.70
[2025-08-15T15:58:56.747Z] [WARN] [WARNING] High memory usage: 86.5% of heap used
[2025-08-15T15:58:56.748Z] [INFO] 
📋 [3/3] Starting script: Successor Identification {
  "script": "successor_identification.py",
  "args": "--refresh --batch-size=10",
  "timeout": "2700s",
  "maxRetries": 1,
  "retryDelay": "20000ms"
}
[2025-08-15T15:58:56.748Z] [DEBUG] Executing script: successor_identification.py {
  "args": [
    "--refresh",
    "--batch-size=10"
  ],
  "pid": 65156,
  "cwd": "/Users/sim/selora-clean",
  "pythonPath": "python3",
  "timeout": 2700000,
  "maxRetries": 1
}
[2025-08-15T15:58:56.790Z] [WARN] Script attempt 1 failed, will retry: successor_identification.py {
  "script": "successor_identification.py",
  "duration": "42ms",
  "exitCode": 1,
  "signal": null,
  "attempt": 1,
  "maxAttempts": 2,
  "error": "Command failed: \"python3\" \"/Users/sim/selora-clean/successor_identification.py\" \"--refresh\" \"--batch-size=10\"\nTraceback (most recent call last):\n  File \u001b[35m\"/Users/sim/selora-clean/successor_identification.py\"\u001b[0m, line \u001b[35m6\u001b[0m, in \u001b[35m<module>\u001b[0m\n    import numpy as np\n\u001b[1;35mModuleNotFoundError\u001b[0m: \u001b[35mNo module named 'numpy'\u001b[0m\n"
}
[2025-08-15T15:58:56.791Z] [WARN] Retry attempt 2 of 1 after 20000ms... {
  "script": "successor_identification.py",
  "previousError": "Command failed: \"python3\" \"/Users/sim/selora-clean/successor_identification.py\" \"--refresh\" \"--batch-size=10\"\nTraceback (most recent call last):\n  File \u001b[35m\"/Users/sim/selora-clean/successor_identification.py\"\u001b[0m, line \u001b[35m6\u001b[0m, in \u001b[35m<module>\u001b[0m\n    import numpy as np\n\u001b[1;35mModuleNotFoundError\u001b[0m: \u001b[35mNo module named 'numpy'\u001b[0m\n"
}
[2025-08-15T15:59:16.845Z] [ERROR] Script failed after 2 attempts: successor_identification.py {
  "script": "successor_identification.py",
  "duration": "20097ms",
  "exitCode": 1,
  "signal": null,
  "attempt": 2,
  "maxAttempts": 2,
  "error": "Command failed: \"python3\" \"/Users/sim/selora-clean/successor_identification.py\" \"--refresh\" \"--batch-size=10\"\nTraceback (most recent call last):\n  File \u001b[35m\"/Users/sim/selora-clean/successor_identification.py\"\u001b[0m, line \u001b[35m6\u001b[0m, in \u001b[35m<module>\u001b[0m\n    import numpy as np\n\u001b[1;35mModuleNotFoundError\u001b[0m: \u001b[35mNo module named 'numpy'\u001b[0m\n"
}
[2025-08-15T15:59:16.845Z] [ERROR] [successor_identification.py STDERR] Traceback (most recent call last):
  File [35m"/Users/sim/selora-clean/successor_identification.py"[0m, line [35m6[0m, in [35m<module>[0m
    import numpy as np
[1;35mModuleNotFoundError[0m: [35mNo module named 'numpy'[0m

[2025-08-15T15:59:16.845Z] [ERROR] ❌ [3/3] Successor Identification failed after 20.1s (attempt 1) {
  "script": "successor_identification.py",
  "duration": "20097ms",
  "attempts": 1,
  "startTime": "2025-08-15T15:58:56.748Z",
  "endTime": "2025-08-15T15:59:16.845Z"
}
[2025-08-15T15:59:16.845Z] [ERROR] 💥 Script failed: successor_identification.py (attempt 1/2) {
  "duration": "20097ms",
  "error": "Script failed after 2 attempts: Command failed: \"python3\" \"/Users/sim/selora-clean/successor_identification.py\" \"--refresh\" \"--batch-size=10\"\nTraceback (most recent call last):\n  File \u001b[35m\"/Users/sim/selora-clean/successor_identification.py\"\u001b[0m, line \u001b[35m6\u001b[0m, in \u001b[35m<module>\u001b[0m\n    import numpy as np\n\u001b[1;35mModuleNotFoundError\u001b[0m: \u001b[35mNo module named 'numpy'\u001b[0m\n",
  "code": "N/A",
  "signal": "N/A"
}
[2025-08-15T15:59:16.845Z] [INFO] ⏳ Waiting 5s before next script...
[2025-08-15T15:59:21.847Z] [INFO] [RESOURCE] Memory: 4.60MB used, 5.06MB total, 39.89MB RSS | Load: 2.74, 3.09, 2.70
[2025-08-15T15:59:21.847Z] [WARN] [WARNING] High memory usage: 90.8% of heap used
[2025-08-15T15:59:21.848Z] [WARN] [WARNING] Critical memory usage - consider increasing Node.js memory limit
[2025-08-15T15:59:21.848Z] [INFO] 
📊 ====== DATA UPDATE SUMMARY ======
[2025-08-15T15:59:21.848Z] [INFO] 📅 Started: 2025-08-15T15:57:56.389Z
[2025-08-15T15:59:21.848Z] [INFO] 🏁 Finished: 2025-08-15T15:59:21.848Z
[2025-08-15T15:59:21.849Z] [INFO] ⏱️  Total Duration: 1.4 minutes
[2025-08-15T15:59:21.849Z] [INFO] 📋 Scripts: 3 total, 0 successful, 3 failed
[2025-08-15T15:59:21.849Z] [INFO] 📈 Success Rate: 0.0%
[2025-08-15T15:59:21.849Z] [INFO] 
📋 SCRIPT EXECUTION STATUS:
[2025-08-15T15:59:21.853Z] [INFO] 
💾 SYSTEM RESOURCE USAGE:
[2025-08-15T15:59:21.853Z] [INFO] Memory: 4.70MB used / 5.06MB total
[2025-08-15T15:59:21.854Z] [INFO] RSS: 40.44MB
[2025-08-15T15:59:21.854Z] [INFO] Load: 2.74, 3.09, 2.70
[2025-08-15T15:59:21.854Z] [WARN] 
⚠️  COMPLETED WITH 3 OF 3 SCRIPTS FAILING
[2025-08-15T15:59:21.854Z] [INFO] [RESOURCE] Memory: 4.73MB used, 5.06MB total, 40.45MB RSS | Load: 2.74, 3.09, 2.70
[2025-08-15T15:59:21.855Z] [WARN] [WARNING] High memory usage: 93.3% of heap used
[2025-08-15T15:59:21.855Z] [WARN] [WARNING] Critical memory usage - consider increasing Node.js memory limit
[2025-08-15T15:59:21.855Z] [WARN] Initial update completed with 3 failures
[2025-08-15T15:59:21.855Z] [INFO] Initial update completed. Next update in 1440 minutes.
[2025-08-15T22:49:57.237Z] [INFO] 🚀 Starting data update daemon... {
  "nodeVersion": "v20.19.3",
  "platform": "darwin",
  "arch": "arm64",
  "pid": 68055,
  "cwd": "/Users/sim/selora-clean",
  "system": {
    "cpus": 8,
    "memory": {
      "total": "16.00 GB",
      "free": "1.43 GB",
      "usage": "91.08%"
    },
    "load": [
      5.26953125,
      3.3486328125,
      2.72607421875
    ]
  },
  "env": "production"
}
[2025-08-15T22:49:57.239Z] [INFO] [RESOURCE] Memory: 4.26MB used, 4.56MB total, 38.36MB RSS | Load: 5.27, 3.35, 2.73
[2025-08-15T22:49:57.239Z] [WARN] [WARNING] High memory usage: 93.3% of heap used
[2025-08-15T22:49:57.240Z] [WARN] [WARNING] Critical memory usage - consider increasing Node.js memory limit
[2025-08-15T22:49:57.240Z] [INFO] Performing initial data update...
[2025-08-15T22:49:57.241Z] [INFO] 🚀 Starting scheduled data updates... {
  "system": {
    "platform": "darwin",
    "arch": "arm64",
    "node": "v20.19.3",
    "pid": 68055,
    "cpus": 8,
    "memory": {
      "total": "16.00 GB",
      "free": "1.42 GB",
      "usage": "91.13%"
    }
  },
  "totalScripts": 3,
  "logLevel": "INFO"
}
[2025-08-15T22:49:57.241Z] [INFO] 
📋 [1/3] Starting script: Employee Utilization Analysis {
  "script": "employee_utilization_analyzer.py",
  "args": "",
  "timeout": "1800s",
  "maxRetries": 2,
  "retryDelay": "10000ms"
}
[2025-08-15T22:49:57.242Z] [DEBUG] Executing script: employee_utilization_analyzer.py {
  "args": [],
  "pid": 68055,
  "cwd": "/Users/sim/selora-clean",
  "pythonPath": "python3",
  "timeout": 1800000,
  "maxRetries": 2
}
[2025-08-15T22:49:57.296Z] [WARN] Script attempt 1 failed, will retry: employee_utilization_analyzer.py {
  "script": "employee_utilization_analyzer.py",
  "duration": "54ms",
  "exitCode": 1,
  "signal": null,
  "attempt": 1,
  "maxAttempts": 3,
  "error": "Command failed: \"python3\" \"/Users/sim/selora-clean/employee_utilization_analyzer.py\"\nTraceback (most recent call last):\n  File \u001b[35m\"/Users/sim/selora-clean/employee_utilization_analyzer.py\"\u001b[0m, line \u001b[35m5\u001b[0m, in \u001b[35m<module>\u001b[0m\n    from pymongo import MongoClient, UpdateOne\n\u001b[1;35mModuleNotFoundError\u001b[0m: \u001b[35mNo module named 'pymongo'\u001b[0m\n"
}
[2025-08-15T22:49:57.296Z] [WARN] Retry attempt 2 of 2 after 10000ms... {
  "script": "employee_utilization_analyzer.py",
  "previousError": "Command failed: \"python3\" \"/Users/sim/selora-clean/employee_utilization_analyzer.py\"\nTraceback (most recent call last):\n  File \u001b[35m\"/Users/sim/selora-clean/employee_utilization_analyzer.py\"\u001b[0m, line \u001b[35m5\u001b[0m, in \u001b[35m<module>\u001b[0m\n    from pymongo import MongoClient, UpdateOne\n\u001b[1;35mModuleNotFoundError\u001b[0m: \u001b[35mNo module named 'pymongo'\u001b[0m\n"
}
[2025-08-15T22:50:07.371Z] [WARN] Script attempt 2 failed, will retry: employee_utilization_analyzer.py {
  "script": "employee_utilization_analyzer.py",
  "duration": "10129ms",
  "exitCode": 1,
  "signal": null,
  "attempt": 2,
  "maxAttempts": 3,
  "error": "Command failed: \"python3\" \"/Users/sim/selora-clean/employee_utilization_analyzer.py\"\nTraceback (most recent call last):\n  File \u001b[35m\"/Users/sim/selora-clean/employee_utilization_analyzer.py\"\u001b[0m, line \u001b[35m5\u001b[0m, in \u001b[35m<module>\u001b[0m\n    from pymongo import MongoClient, UpdateOne\n\u001b[1;35mModuleNotFoundError\u001b[0m: \u001b[35mNo module named 'pymongo'\u001b[0m\n"
}
[2025-08-15T22:50:07.371Z] [WARN] Retry attempt 3 of 2 after 10000ms... {
  "script": "employee_utilization_analyzer.py",
  "previousError": "Command failed: \"python3\" \"/Users/sim/selora-clean/employee_utilization_analyzer.py\"\nTraceback (most recent call last):\n  File \u001b[35m\"/Users/sim/selora-clean/employee_utilization_analyzer.py\"\u001b[0m, line \u001b[35m5\u001b[0m, in \u001b[35m<module>\u001b[0m\n    from pymongo import MongoClient, UpdateOne\n\u001b[1;35mModuleNotFoundError\u001b[0m: \u001b[35mNo module named 'pymongo'\u001b[0m\n"
}
[2025-08-15T22:50:17.407Z] [ERROR] Script failed after 3 attempts: employee_utilization_analyzer.py {
  "script": "employee_utilization_analyzer.py",
  "duration": "20165ms",
  "exitCode": 1,
  "signal": null,
  "attempt": 3,
  "maxAttempts": 3,
  "error": "Command failed: \"python3\" \"/Users/sim/selora-clean/employee_utilization_analyzer.py\"\nTraceback (most recent call last):\n  File \u001b[35m\"/Users/sim/selora-clean/employee_utilization_analyzer.py\"\u001b[0m, line \u001b[35m5\u001b[0m, in \u001b[35m<module>\u001b[0m\n    from pymongo import MongoClient, UpdateOne\n\u001b[1;35mModuleNotFoundError\u001b[0m: \u001b[35mNo module named 'pymongo'\u001b[0m\n"
}
[2025-08-15T22:50:17.408Z] [ERROR] [employee_utilization_analyzer.py STDERR] Traceback (most recent call last):
  File [35m"/Users/sim/selora-clean/employee_utilization_analyzer.py"[0m, line [35m5[0m, in [35m<module>[0m
    from pymongo import MongoClient, UpdateOne
[1;35mModuleNotFoundError[0m: [35mNo module named 'pymongo'[0m

[2025-08-15T22:50:17.408Z] [ERROR] ❌ [1/3] Employee Utilization Analysis failed after 20.2s (attempt 1) {
  "script": "employee_utilization_analyzer.py",
  "duration": "20167ms",
  "attempts": 1,
  "startTime": "2025-08-15T22:49:57.241Z",
  "endTime": "2025-08-15T22:50:17.408Z"
}
[2025-08-15T22:50:17.408Z] [ERROR] 💥 Script failed: employee_utilization_analyzer.py (attempt 1/3) {
  "duration": "20167ms",
  "error": "Script failed after 3 attempts: Command failed: \"python3\" \"/Users/sim/selora-clean/employee_utilization_analyzer.py\"\nTraceback (most recent call last):\n  File \u001b[35m\"/Users/sim/selora-clean/employee_utilization_analyzer.py\"\u001b[0m, line \u001b[35m5\u001b[0m, in \u001b[35m<module>\u001b[0m\n    from pymongo import MongoClient, UpdateOne\n\u001b[1;35mModuleNotFoundError\u001b[0m: \u001b[35mNo module named 'pymongo'\u001b[0m\n",
  "code": "N/A",
  "signal": "N/A"
}
[2025-08-15T22:50:17.408Z] [INFO] ⏳ Waiting 5s before next script...
[2025-08-15T22:50:22.409Z] [INFO] [RESOURCE] Memory: 3.88MB used, 5.06MB total, 35.66MB RSS | Load: 4.44, 3.30, 2.73
[2025-08-15T22:50:22.410Z] [WARN] [WARNING] High memory usage: 76.6% of heap used
[2025-08-15T22:50:22.411Z] [INFO] 
📋 [2/3] Starting script: Attrition Score Calculation {
  "script": "attrition_score.py",
  "args": "",
  "timeout": "3600s",
  "maxRetries": 2,
  "retryDelay": "15000ms"
}
[2025-08-15T22:50:22.412Z] [DEBUG] Executing script: attrition_score.py {
  "args": [],
  "pid": 68055,
  "cwd": "/Users/sim/selora-clean",
  "pythonPath": "python3",
  "timeout": 3600000,
  "maxRetries": 2
}
[2025-08-15T22:50:22.478Z] [WARN] Script attempt 1 failed, will retry: attrition_score.py {
  "script": "attrition_score.py",
  "duration": "66ms",
  "exitCode": 1,
  "signal": null,
  "attempt": 1,
  "maxAttempts": 3,
  "error": "Command failed: \"python3\" \"/Users/sim/selora-clean/attrition_score.py\"\nTraceback (most recent call last):\n  File \u001b[35m\"/Users/sim/selora-clean/attrition_score.py\"\u001b[0m, line \u001b[35m6\u001b[0m, in \u001b[35m<module>\u001b[0m\n    import numpy as np\n\u001b[1;35mModuleNotFoundError\u001b[0m: \u001b[35mNo module named 'numpy'\u001b[0m\n"
}
[2025-08-15T22:50:22.478Z] [WARN] Retry attempt 2 of 2 after 15000ms... {
  "script": "attrition_score.py",
  "previousError": "Command failed: \"python3\" \"/Users/sim/selora-clean/attrition_score.py\"\nTraceback (most recent call last):\n  File \u001b[35m\"/Users/sim/selora-clean/attrition_score.py\"\u001b[0m, line \u001b[35m6\u001b[0m, in \u001b[35m<module>\u001b[0m\n    import numpy as np\n\u001b[1;35mModuleNotFoundError\u001b[0m: \u001b[35mNo module named 'numpy'\u001b[0m\n"
}
[2025-08-15T22:50:37.535Z] [WARN] Script attempt 2 failed, will retry: attrition_score.py {
  "script": "attrition_score.py",
  "duration": "15123ms",
  "exitCode": 1,
  "signal": null,
  "attempt": 2,
  "maxAttempts": 3,
  "error": "Command failed: \"python3\" \"/Users/sim/selora-clean/attrition_score.py\"\nTraceback (most recent call last):\n  File \u001b[35m\"/Users/sim/selora-clean/attrition_score.py\"\u001b[0m, line \u001b[35m6\u001b[0m, in \u001b[35m<module>\u001b[0m\n    import numpy as np\n\u001b[1;35mModuleNotFoundError\u001b[0m: \u001b[35mNo module named 'numpy'\u001b[0m\n"
}
[2025-08-15T22:50:37.535Z] [WARN] Retry attempt 3 of 2 after 15000ms... {
  "script": "attrition_score.py",
  "previousError": "Command failed: \"python3\" \"/Users/sim/selora-clean/attrition_score.py\"\nTraceback (most recent call last):\n  File \u001b[35m\"/Users/sim/selora-clean/attrition_score.py\"\u001b[0m, line \u001b[35m6\u001b[0m, in \u001b[35m<module>\u001b[0m\n    import numpy as np\n\u001b[1;35mModuleNotFoundError\u001b[0m: \u001b[35mNo module named 'numpy'\u001b[0m\n"
}
[2025-08-15T22:50:52.617Z] [ERROR] Script failed after 3 attempts: attrition_score.py {
  "script": "attrition_score.py",
  "duration": "30205ms",
  "exitCode": 1,
  "signal": null,
  "attempt": 3,
  "maxAttempts": 3,
  "error": "Command failed: \"python3\" \"/Users/sim/selora-clean/attrition_score.py\"\nTraceback (most recent call last):\n  File \u001b[35m\"/Users/sim/selora-clean/attrition_score.py\"\u001b[0m, line \u001b[35m6\u001b[0m, in \u001b[35m<module>\u001b[0m\n    import numpy as np\n\u001b[1;35mModuleNotFoundError\u001b[0m: \u001b[35mNo module named 'numpy'\u001b[0m\n"
}
[2025-08-15T22:50:52.617Z] [INFO] [RESOURCE] Memory: 4.36MB used, 5.31MB total, 36.23MB RSS | Load: 3.79, 3.26, 2.73
[2025-08-15T22:50:52.617Z] [WARN] [WARNING] High memory usage: 82.1% of heap used
[2025-08-15T22:50:52.617Z] [ERROR] [attrition_score.py STDERR] Traceback (most recent call last):
  File [35m"/Users/sim/selora-clean/attrition_score.py"[0m, line [35m6[0m, in [35m<module>[0m
    import numpy as np
[1;35mModuleNotFoundError[0m: [35mNo module named 'numpy'[0m

[2025-08-15T22:50:52.618Z] [ERROR] ❌ [2/3] Attrition Score Calculation failed after 30.2s (attempt 1) {
  "script": "attrition_score.py",
  "duration": "30207ms",
  "attempts": 1,
  "startTime": "2025-08-15T22:50:22.412Z",
  "endTime": "2025-08-15T22:50:52.618Z"
}
[2025-08-15T22:50:52.618Z] [ERROR] 💥 Script failed: attrition_score.py (attempt 1/3) {
  "duration": "30207ms",
  "error": "Script failed after 3 attempts: Command failed: \"python3\" \"/Users/sim/selora-clean/attrition_score.py\"\nTraceback (most recent call last):\n  File \u001b[35m\"/Users/sim/selora-clean/attrition_score.py\"\u001b[0m, line \u001b[35m6\u001b[0m, in \u001b[35m<module>\u001b[0m\n    import numpy as np\n\u001b[1;35mModuleNotFoundError\u001b[0m: \u001b[35mNo module named 'numpy'\u001b[0m\n",
  "code": "N/A",
  "signal": "N/A"
}
[2025-08-15T22:50:52.618Z] [INFO] ⏳ Waiting 5s before next script...
[2025-08-15T22:50:57.619Z] [INFO] [RESOURCE] Memory: 4.40MB used, 5.31MB total, 35.14MB RSS | Load: 3.73, 3.25, 2.73
[2025-08-15T22:50:57.619Z] [WARN] [WARNING] High memory usage: 82.8% of heap used
[2025-08-15T22:50:57.620Z] [INFO] 
📋 [3/3] Starting script: Successor Identification {
  "script": "successor_identification.py",
  "args": "--refresh --batch-size=10",
  "timeout": "2700s",
  "maxRetries": 1,
  "retryDelay": "20000ms"
}
[2025-08-15T22:50:57.620Z] [DEBUG] Executing script: successor_identification.py {
  "args": [
    "--refresh",
    "--batch-size=10"
  ],
  "pid": 68055,
  "cwd": "/Users/sim/selora-clean",
  "pythonPath": "python3",
  "timeout": 2700000,
  "maxRetries": 1
}
[2025-08-15T22:50:57.675Z] [WARN] Script attempt 1 failed, will retry: successor_identification.py {
  "script": "successor_identification.py",
  "duration": "55ms",
  "exitCode": 1,
  "signal": null,
  "attempt": 1,
  "maxAttempts": 2,
  "error": "Command failed: \"python3\" \"/Users/sim/selora-clean/successor_identification.py\" \"--refresh\" \"--batch-size=10\"\nTraceback (most recent call last):\n  File \u001b[35m\"/Users/sim/selora-clean/successor_identification.py\"\u001b[0m, line \u001b[35m6\u001b[0m, in \u001b[35m<module>\u001b[0m\n    import numpy as np\n\u001b[1;35mModuleNotFoundError\u001b[0m: \u001b[35mNo module named 'numpy'\u001b[0m\n"
}
[2025-08-15T22:50:57.676Z] [WARN] Retry attempt 2 of 1 after 20000ms... {
  "script": "successor_identification.py",
  "previousError": "Command failed: \"python3\" \"/Users/sim/selora-clean/successor_identification.py\" \"--refresh\" \"--batch-size=10\"\nTraceback (most recent call last):\n  File \u001b[35m\"/Users/sim/selora-clean/successor_identification.py\"\u001b[0m, line \u001b[35m6\u001b[0m, in \u001b[35m<module>\u001b[0m\n    import numpy as np\n\u001b[1;35mModuleNotFoundError\u001b[0m: \u001b[35mNo module named 'numpy'\u001b[0m\n"
}
[2025-08-15T22:51:17.736Z] [ERROR] Script failed after 2 attempts: successor_identification.py {
  "script": "successor_identification.py",
  "duration": "20116ms",
  "exitCode": 1,
  "signal": null,
  "attempt": 2,
  "maxAttempts": 2,
  "error": "Command failed: \"python3\" \"/Users/sim/selora-clean/successor_identification.py\" \"--refresh\" \"--batch-size=10\"\nTraceback (most recent call last):\n  File \u001b[35m\"/Users/sim/selora-clean/successor_identification.py\"\u001b[0m, line \u001b[35m6\u001b[0m, in \u001b[35m<module>\u001b[0m\n    import numpy as np\n\u001b[1;35mModuleNotFoundError\u001b[0m: \u001b[35mNo module named 'numpy'\u001b[0m\n"
}
[2025-08-15T22:51:17.737Z] [ERROR] [successor_identification.py STDERR] Traceback (most recent call last):
  File [35m"/Users/sim/selora-clean/successor_identification.py"[0m, line [35m6[0m, in [35m<module>[0m
    import numpy as np
[1;35mModuleNotFoundError[0m: [35mNo module named 'numpy'[0m

[2025-08-15T22:51:17.737Z] [ERROR] ❌ [3/3] Successor Identification failed after 20.1s (attempt 1) {
  "script": "successor_identification.py",
  "duration": "20117ms",
  "attempts": 1,
  "startTime": "2025-08-15T22:50:57.620Z",
  "endTime": "2025-08-15T22:51:17.737Z"
}
[2025-08-15T22:51:17.737Z] [ERROR] 💥 Script failed: successor_identification.py (attempt 1/2) {
  "duration": "20117ms",
  "error": "Script failed after 2 attempts: Command failed: \"python3\" \"/Users/sim/selora-clean/successor_identification.py\" \"--refresh\" \"--batch-size=10\"\nTraceback (most recent call last):\n  File \u001b[35m\"/Users/sim/selora-clean/successor_identification.py\"\u001b[0m, line \u001b[35m6\u001b[0m, in \u001b[35m<module>\u001b[0m\n    import numpy as np\n\u001b[1;35mModuleNotFoundError\u001b[0m: \u001b[35mNo module named 'numpy'\u001b[0m\n",
  "code": "N/A",
  "signal": "N/A"
}
[2025-08-15T22:51:17.737Z] [INFO] ⏳ Waiting 5s before next script...
[2025-08-15T22:51:22.740Z] [INFO] [RESOURCE] Memory: 4.62MB used, 5.31MB total, 34.55MB RSS | Load: 3.12, 3.15, 2.71
[2025-08-15T22:51:22.740Z] [WARN] [WARNING] High memory usage: 86.9% of heap used
[2025-08-15T22:51:22.741Z] [INFO] 
📊 ====== DATA UPDATE SUMMARY ======
[2025-08-15T22:51:22.742Z] [INFO] 📅 Started: 2025-08-15T22:49:57.241Z
[2025-08-15T22:51:22.742Z] [INFO] 🏁 Finished: 2025-08-15T22:51:22.741Z
[2025-08-15T22:51:22.742Z] [INFO] ⏱️  Total Duration: 1.4 minutes
[2025-08-15T22:51:22.743Z] [INFO] 📋 Scripts: 3 total, 0 successful, 3 failed
[2025-08-15T22:51:22.743Z] [INFO] 📈 Success Rate: 0.0%
[2025-08-15T22:51:22.743Z] [INFO] 
📋 SCRIPT EXECUTION STATUS:
[2025-08-15T22:51:22.750Z] [INFO] 
💾 SYSTEM RESOURCE USAGE:
[2025-08-15T22:51:22.750Z] [INFO] Memory: 4.72MB used / 5.31MB total
[2025-08-15T22:51:22.751Z] [INFO] RSS: 35.64MB
[2025-08-15T22:51:22.751Z] [INFO] Load: 3.12, 3.15, 2.71
[2025-08-15T22:51:22.752Z] [WARN] 
⚠️  COMPLETED WITH 3 OF 3 SCRIPTS FAILING
[2025-08-15T22:51:22.752Z] [INFO] [RESOURCE] Memory: 4.74MB used, 5.31MB total, 35.69MB RSS | Load: 3.12, 3.15, 2.71
[2025-08-15T22:51:22.752Z] [WARN] [WARNING] High memory usage: 89.3% of heap used
[2025-08-15T22:51:22.752Z] [WARN] Initial update completed with 3 failures
[2025-08-15T22:51:22.753Z] [INFO] Initial update completed. Next update in 1440 minutes.
[2025-08-15T23:51:22.967Z] [DEBUG] [2025-08-15T23:51:22.967Z] Daemon is running...
[2025-08-15T23:51:22.968Z] [INFO] [RESOURCE] Memory: 4.02MB used, 5.31MB total, 30.06MB RSS | Load: 2.47, 2.91, 2.96
[2025-08-15T23:51:22.969Z] [WARN] [WARNING] High memory usage: 75.7% of heap used
