[2025-07-22T00:10:15.041Z] [INFO] 🚀 Starting data update daemon... {
  "nodeVersion": "v20.19.3",
  "platform": "darwin",
  "arch": "arm64",
  "pid": 69148,
  "cwd": "/Users/sim/TestingPig",
  "system": {
    "cpus": 8,
    "memory": {
      "total": "16.00 GB",
      "free": "0.23 GB",
      "usage": "98.53%"
    },
    "load": [
      2.86328125,
      2.361328125,
      2.220703125
    ]
  },
  "env": "production"
}
[2025-07-22T00:10:15.042Z] [INFO] [RESOURCE] Memory: 4.25MB used, 4.56MB total, 38.45MB RSS | Load: 2.86, 2.36, 2.22
[2025-07-22T00:10:15.042Z] [WARN] [WARNING] High memory usage: 93.3% of heap used
[2025-07-22T00:10:15.042Z] [WARN] [WARNING] Critical memory usage - consider increasing Node.js memory limit
[2025-07-22T00:10:15.043Z] [INFO] Performing initial data update...
[2025-07-22T00:10:15.043Z] [INFO] 🚀 Starting scheduled data updates... {
  "system": {
    "platform": "darwin",
    "arch": "arm64",
    "node": "v20.19.3",
    "pid": 69148,
    "cpus": 8,
    "memory": {
      "total": "16.00 GB",
      "free": "0.23 GB",
      "usage": "98.56%"
    }
  },
  "totalScripts": 3,
  "logLevel": "INFO"
}
[2025-07-22T00:10:15.043Z] [INFO] 
📋 [1/3] Starting script: Employee Utilization Analysis {
  "script": "employee_utilization_analyzer.py",
  "args": "",
  "timeout": "1800s",
  "maxRetries": 2,
  "retryDelay": "10000ms"
}
[2025-07-22T00:10:15.044Z] [DEBUG] Executing script: employee_utilization_analyzer.py {
  "args": [],
  "pid": 69148,
  "cwd": "/Users/sim/TestingPig",
  "pythonPath": "python3",
  "timeout": 1800000,
  "maxRetries": 2
}
[2025-07-22T00:10:15.094Z] [WARN] Script attempt 1 failed, will retry: employee_utilization_analyzer.py {
  "script": "employee_utilization_analyzer.py",
  "duration": "50ms",
  "exitCode": 1,
  "signal": null,
  "attempt": 1,
  "maxAttempts": 3,
  "error": "Command failed: \"python3\" \"/Users/sim/TestingPig/employee_utilization_analyzer.py\"\nTraceback (most recent call last):\n  File \u001b[35m\"/Users/sim/TestingPig/employee_utilization_analyzer.py\"\u001b[0m, line \u001b[35m5\u001b[0m, in \u001b[35m<module>\u001b[0m\n    from pymongo import MongoClient, UpdateOne\n\u001b[1;35mModuleNotFoundError\u001b[0m: \u001b[35mNo module named 'pymongo'\u001b[0m\n"
}
[2025-07-22T00:10:15.094Z] [WARN] Retry attempt 2 of 2 after 10000ms... {
  "script": "employee_utilization_analyzer.py",
  "previousError": "Command failed: \"python3\" \"/Users/sim/TestingPig/employee_utilization_analyzer.py\"\nTraceback (most recent call last):\n  File \u001b[35m\"/Users/sim/TestingPig/employee_utilization_analyzer.py\"\u001b[0m, line \u001b[35m5\u001b[0m, in \u001b[35m<module>\u001b[0m\n    from pymongo import MongoClient, UpdateOne\n\u001b[1;35mModuleNotFoundError\u001b[0m: \u001b[35mNo module named 'pymongo'\u001b[0m\n"
}
[2025-07-22T00:10:25.172Z] [WARN] Script attempt 2 failed, will retry: employee_utilization_analyzer.py {
  "script": "employee_utilization_analyzer.py",
  "duration": "10128ms",
  "exitCode": 1,
  "signal": null,
  "attempt": 2,
  "maxAttempts": 3,
  "error": "Command failed: \"python3\" \"/Users/sim/TestingPig/employee_utilization_analyzer.py\"\nTraceback (most recent call last):\n  File \u001b[35m\"/Users/sim/TestingPig/employee_utilization_analyzer.py\"\u001b[0m, line \u001b[35m5\u001b[0m, in \u001b[35m<module>\u001b[0m\n    from pymongo import MongoClient, UpdateOne\n\u001b[1;35mModuleNotFoundError\u001b[0m: \u001b[35mNo module named 'pymongo'\u001b[0m\n"
}
[2025-07-22T00:10:25.173Z] [WARN] Retry attempt 3 of 2 after 10000ms... {
  "script": "employee_utilization_analyzer.py",
  "previousError": "Command failed: \"python3\" \"/Users/sim/TestingPig/employee_utilization_analyzer.py\"\nTraceback (most recent call last):\n  File \u001b[35m\"/Users/sim/TestingPig/employee_utilization_analyzer.py\"\u001b[0m, line \u001b[35m5\u001b[0m, in \u001b[35m<module>\u001b[0m\n    from pymongo import MongoClient, UpdateOne\n\u001b[1;35mModuleNotFoundError\u001b[0m: \u001b[35mNo module named 'pymongo'\u001b[0m\n"
}
[2025-07-22T00:10:35.227Z] [ERROR] Script failed after 3 attempts: employee_utilization_analyzer.py {
  "script": "employee_utilization_analyzer.py",
  "duration": "20183ms",
  "exitCode": 1,
  "signal": null,
  "attempt": 3,
  "maxAttempts": 3,
  "error": "Command failed: \"python3\" \"/Users/sim/TestingPig/employee_utilization_analyzer.py\"\nTraceback (most recent call last):\n  File \u001b[35m\"/Users/sim/TestingPig/employee_utilization_analyzer.py\"\u001b[0m, line \u001b[35m5\u001b[0m, in \u001b[35m<module>\u001b[0m\n    from pymongo import MongoClient, UpdateOne\n\u001b[1;35mModuleNotFoundError\u001b[0m: \u001b[35mNo module named 'pymongo'\u001b[0m\n"
}
[2025-07-22T00:10:35.227Z] [ERROR] [employee_utilization_analyzer.py STDERR] Traceback (most recent call last):
  File [35m"/Users/sim/TestingPig/employee_utilization_analyzer.py"[0m, line [35m5[0m, in [35m<module>[0m
    from pymongo import MongoClient, UpdateOne
[1;35mModuleNotFoundError[0m: [35mNo module named 'pymongo'[0m

[2025-07-22T00:10:35.227Z] [ERROR] ❌ [1/3] Employee Utilization Analysis failed after 20.2s (attempt 1) {
  "script": "employee_utilization_analyzer.py",
  "duration": "20184ms",
  "attempts": 1,
  "startTime": "2025-07-22T00:10:15.043Z",
  "endTime": "2025-07-22T00:10:35.227Z"
}
[2025-07-22T00:10:35.227Z] [ERROR] 💥 Script failed: employee_utilization_analyzer.py (attempt 1/3) {
  "duration": "20184ms",
  "error": "Script failed after 3 attempts: Command failed: \"python3\" \"/Users/sim/TestingPig/employee_utilization_analyzer.py\"\nTraceback (most recent call last):\n  File \u001b[35m\"/Users/sim/TestingPig/employee_utilization_analyzer.py\"\u001b[0m, line \u001b[35m5\u001b[0m, in \u001b[35m<module>\u001b[0m\n    from pymongo import MongoClient, UpdateOne\n\u001b[1;35mModuleNotFoundError\u001b[0m: \u001b[35mNo module named 'pymongo'\u001b[0m\n",
  "code": "N/A",
  "signal": "N/A"
}
[2025-07-22T00:10:35.228Z] [INFO] ⏳ Waiting 5s before next script...
[2025-07-22T00:10:40.229Z] [INFO] [RESOURCE] Memory: 3.86MB used, 4.81MB total, 36.58MB RSS | Load: 5.46, 3.06, 2.48
[2025-07-22T00:10:40.231Z] [WARN] [WARNING] High memory usage: 80.2% of heap used
[2025-07-22T00:10:40.231Z] [INFO] 
📋 [2/3] Starting script: Attrition Score Calculation {
  "script": "attrition_score.py",
  "args": "",
  "timeout": "3600s",
  "maxRetries": 2,
  "retryDelay": "15000ms"
}
[2025-07-22T00:10:40.233Z] [DEBUG] Executing script: attrition_score.py {
  "args": [],
  "pid": 69148,
  "cwd": "/Users/sim/TestingPig",
  "pythonPath": "python3",
  "timeout": 3600000,
  "maxRetries": 2
}
[2025-07-22T00:10:40.301Z] [WARN] Script attempt 1 failed, will retry: attrition_score.py {
  "script": "attrition_score.py",
  "duration": "69ms",
  "exitCode": 1,
  "signal": null,
  "attempt": 1,
  "maxAttempts": 3,
  "error": "Command failed: \"python3\" \"/Users/sim/TestingPig/attrition_score.py\"\nTraceback (most recent call last):\n  File \u001b[35m\"/Users/sim/TestingPig/attrition_score.py\"\u001b[0m, line \u001b[35m6\u001b[0m, in \u001b[35m<module>\u001b[0m\n    import numpy as np\n\u001b[1;35mModuleNotFoundError\u001b[0m: \u001b[35mNo module named 'numpy'\u001b[0m\n"
}
[2025-07-22T00:10:40.301Z] [WARN] Retry attempt 2 of 2 after 15000ms... {
  "script": "attrition_score.py",
  "previousError": "Command failed: \"python3\" \"/Users/sim/TestingPig/attrition_score.py\"\nTraceback (most recent call last):\n  File \u001b[35m\"/Users/sim/TestingPig/attrition_score.py\"\u001b[0m, line \u001b[35m6\u001b[0m, in \u001b[35m<module>\u001b[0m\n    import numpy as np\n\u001b[1;35mModuleNotFoundError\u001b[0m: \u001b[35mNo module named 'numpy'\u001b[0m\n"
}
[2025-07-22T00:10:55.377Z] [WARN] Script attempt 2 failed, will retry: attrition_score.py {
  "script": "attrition_score.py",
  "duration": "15145ms",
  "exitCode": 1,
  "signal": null,
  "attempt": 2,
  "maxAttempts": 3,
  "error": "Command failed: \"python3\" \"/Users/sim/TestingPig/attrition_score.py\"\nTraceback (most recent call last):\n  File \u001b[35m\"/Users/sim/TestingPig/attrition_score.py\"\u001b[0m, line \u001b[35m6\u001b[0m, in \u001b[35m<module>\u001b[0m\n    import numpy as np\n\u001b[1;35mModuleNotFoundError\u001b[0m: \u001b[35mNo module named 'numpy'\u001b[0m\n"
}
[2025-07-22T00:10:55.377Z] [WARN] Retry attempt 3 of 2 after 15000ms... {
  "script": "attrition_score.py",
  "previousError": "Command failed: \"python3\" \"/Users/sim/TestingPig/attrition_score.py\"\nTraceback (most recent call last):\n  File \u001b[35m\"/Users/sim/TestingPig/attrition_score.py\"\u001b[0m, line \u001b[35m6\u001b[0m, in \u001b[35m<module>\u001b[0m\n    import numpy as np\n\u001b[1;35mModuleNotFoundError\u001b[0m: \u001b[35mNo module named 'numpy'\u001b[0m\n"
}
[2025-07-22T00:11:10.460Z] [ERROR] Script failed after 3 attempts: attrition_score.py {
  "script": "attrition_score.py",
  "duration": "30228ms",
  "exitCode": 1,
  "signal": null,
  "attempt": 3,
  "maxAttempts": 3,
  "error": "Command failed: \"python3\" \"/Users/sim/TestingPig/attrition_score.py\"\nTraceback (most recent call last):\n  File \u001b[35m\"/Users/sim/TestingPig/attrition_score.py\"\u001b[0m, line \u001b[35m6\u001b[0m, in \u001b[35m<module>\u001b[0m\n    import numpy as np\n\u001b[1;35mModuleNotFoundError\u001b[0m: \u001b[35mNo module named 'numpy'\u001b[0m\n"
}
[2025-07-22T00:11:10.460Z] [INFO] [RESOURCE] Memory: 4.34MB used, 5.06MB total, 37.17MB RSS | Load: 4.11, 2.96, 2.46
[2025-07-22T00:11:10.460Z] [WARN] [WARNING] High memory usage: 85.7% of heap used
[2025-07-22T00:11:10.460Z] [ERROR] [attrition_score.py STDERR] Traceback (most recent call last):
  File [35m"/Users/sim/TestingPig/attrition_score.py"[0m, line [35m6[0m, in [35m<module>[0m
    import numpy as np
[1;35mModuleNotFoundError[0m: [35mNo module named 'numpy'[0m

[2025-07-22T00:11:10.460Z] [ERROR] ❌ [2/3] Attrition Score Calculation failed after 30.2s (attempt 1) {
  "script": "attrition_score.py",
  "duration": "30229ms",
  "attempts": 1,
  "startTime": "2025-07-22T00:10:40.232Z",
  "endTime": "2025-07-22T00:11:10.460Z"
}
[2025-07-22T00:11:10.460Z] [ERROR] 💥 Script failed: attrition_score.py (attempt 1/3) {
  "duration": "30229ms",
  "error": "Script failed after 3 attempts: Command failed: \"python3\" \"/Users/sim/TestingPig/attrition_score.py\"\nTraceback (most recent call last):\n  File \u001b[35m\"/Users/sim/TestingPig/attrition_score.py\"\u001b[0m, line \u001b[35m6\u001b[0m, in \u001b[35m<module>\u001b[0m\n    import numpy as np\n\u001b[1;35mModuleNotFoundError\u001b[0m: \u001b[35mNo module named 'numpy'\u001b[0m\n",
  "code": "N/A",
  "signal": "N/A"
}
[2025-07-22T00:11:10.460Z] [INFO] ⏳ Waiting 5s before next script...
[2025-07-22T00:11:15.462Z] [INFO] [RESOURCE] Memory: 4.38MB used, 5.06MB total, 37.22MB RSS | Load: 3.94, 2.94, 2.46
[2025-07-22T00:11:15.463Z] [WARN] [WARNING] High memory usage: 86.4% of heap used
[2025-07-22T00:11:15.464Z] [INFO] 
📋 [3/3] Starting script: Successor Identification {
  "script": "successor_identification.py",
  "args": "--refresh --batch-size=10",
  "timeout": "2700s",
  "maxRetries": 1,
  "retryDelay": "20000ms"
}
[2025-07-22T00:11:15.466Z] [DEBUG] Executing script: successor_identification.py {
  "args": [
    "--refresh",
    "--batch-size=10"
  ],
  "pid": 69148,
  "cwd": "/Users/sim/TestingPig",
  "pythonPath": "python3",
  "timeout": 2700000,
  "maxRetries": 1
}
[2025-07-22T00:11:15.534Z] [WARN] Script attempt 1 failed, will retry: successor_identification.py {
  "script": "successor_identification.py",
  "duration": "69ms",
  "exitCode": 1,
  "signal": null,
  "attempt": 1,
  "maxAttempts": 2,
  "error": "Command failed: \"python3\" \"/Users/sim/TestingPig/successor_identification.py\" \"--refresh\" \"--batch-size=10\"\nTraceback (most recent call last):\n  File \u001b[35m\"/Users/sim/TestingPig/successor_identification.py\"\u001b[0m, line \u001b[35m6\u001b[0m, in \u001b[35m<module>\u001b[0m\n    import numpy as np\n\u001b[1;35mModuleNotFoundError\u001b[0m: \u001b[35mNo module named 'numpy'\u001b[0m\n"
}
[2025-07-22T00:11:15.534Z] [WARN] Retry attempt 2 of 1 after 20000ms... {
  "script": "successor_identification.py",
  "previousError": "Command failed: \"python3\" \"/Users/sim/TestingPig/successor_identification.py\" \"--refresh\" \"--batch-size=10\"\nTraceback (most recent call last):\n  File \u001b[35m\"/Users/sim/TestingPig/successor_identification.py\"\u001b[0m, line \u001b[35m6\u001b[0m, in \u001b[35m<module>\u001b[0m\n    import numpy as np\n\u001b[1;35mModuleNotFoundError\u001b[0m: \u001b[35mNo module named 'numpy'\u001b[0m\n"
}
[2025-07-22T00:11:35.619Z] [ERROR] Script failed after 2 attempts: successor_identification.py {
  "script": "successor_identification.py",
  "duration": "20154ms",
  "exitCode": 1,
  "signal": null,
  "attempt": 2,
  "maxAttempts": 2,
  "error": "Command failed: \"python3\" \"/Users/sim/TestingPig/successor_identification.py\" \"--refresh\" \"--batch-size=10\"\nTraceback (most recent call last):\n  File \u001b[35m\"/Users/sim/TestingPig/successor_identification.py\"\u001b[0m, line \u001b[35m6\u001b[0m, in \u001b[35m<module>\u001b[0m\n    import numpy as np\n\u001b[1;35mModuleNotFoundError\u001b[0m: \u001b[35mNo module named 'numpy'\u001b[0m\n"
}
[2025-07-22T00:11:35.620Z] [ERROR] [successor_identification.py STDERR] Traceback (most recent call last):
  File [35m"/Users/sim/TestingPig/successor_identification.py"[0m, line [35m6[0m, in [35m<module>[0m
    import numpy as np
[1;35mModuleNotFoundError[0m: [35mNo module named 'numpy'[0m

[2025-07-22T00:11:35.620Z] [ERROR] ❌ [3/3] Successor Identification failed after 20.2s (attempt 1) {
  "script": "successor_identification.py",
  "duration": "20156ms",
  "attempts": 1,
  "startTime": "2025-07-22T00:11:15.465Z",
  "endTime": "2025-07-22T00:11:35.620Z"
}
[2025-07-22T00:11:35.620Z] [ERROR] 💥 Script failed: successor_identification.py (attempt 1/2) {
  "duration": "20156ms",
  "error": "Script failed after 2 attempts: Command failed: \"python3\" \"/Users/sim/TestingPig/successor_identification.py\" \"--refresh\" \"--batch-size=10\"\nTraceback (most recent call last):\n  File \u001b[35m\"/Users/sim/TestingPig/successor_identification.py\"\u001b[0m, line \u001b[35m6\u001b[0m, in \u001b[35m<module>\u001b[0m\n    import numpy as np\n\u001b[1;35mModuleNotFoundError\u001b[0m: \u001b[35mNo module named 'numpy'\u001b[0m\n",
  "code": "N/A",
  "signal": "N/A"
}
[2025-07-22T00:11:35.620Z] [INFO] ⏳ Waiting 5s before next script...
[2025-07-22T00:11:40.620Z] [INFO] [RESOURCE] Memory: 4.60MB used, 5.06MB total, 37.52MB RSS | Load: 4.58, 3.17, 2.55
[2025-07-22T00:11:40.621Z] [WARN] [WARNING] High memory usage: 90.8% of heap used
[2025-07-22T00:11:40.622Z] [WARN] [WARNING] Critical memory usage - consider increasing Node.js memory limit
[2025-07-22T00:11:40.622Z] [INFO] 
📊 ====== DATA UPDATE SUMMARY ======
[2025-07-22T00:11:40.623Z] [INFO] 📅 Started: 2025-07-22T00:10:15.043Z
[2025-07-22T00:11:40.623Z] [INFO] 🏁 Finished: 2025-07-22T00:11:40.622Z
[2025-07-22T00:11:40.623Z] [INFO] ⏱️  Total Duration: 1.4 minutes
[2025-07-22T00:11:40.624Z] [INFO] 📋 Scripts: 3 total, 0 successful, 3 failed
[2025-07-22T00:11:40.624Z] [INFO] 📈 Success Rate: 0.0%
[2025-07-22T00:11:40.624Z] [INFO] 
📋 SCRIPT EXECUTION STATUS:
[2025-07-22T00:11:40.630Z] [INFO] 
💾 SYSTEM RESOURCE USAGE:
[2025-07-22T00:11:40.630Z] [INFO] Memory: 4.70MB used / 5.06MB total
[2025-07-22T00:11:40.630Z] [INFO] RSS: 37.98MB
[2025-07-22T00:11:40.631Z] [INFO] Load: 4.58, 3.17, 2.55
[2025-07-22T00:11:40.631Z] [WARN] 
⚠️  COMPLETED WITH 3 OF 3 SCRIPTS FAILING
[2025-07-22T00:11:40.631Z] [INFO] [RESOURCE] Memory: 4.72MB used, 5.06MB total, 38.00MB RSS | Load: 4.58, 3.17, 2.55
[2025-07-22T00:11:40.632Z] [WARN] [WARNING] High memory usage: 93.3% of heap used
[2025-07-22T00:11:40.632Z] [WARN] [WARNING] Critical memory usage - consider increasing Node.js memory limit
[2025-07-22T00:11:40.632Z] [WARN] Initial update completed with 3 failures
[2025-07-22T00:11:40.632Z] [INFO] Initial update completed. Next update in 1440 minutes.
[2025-07-22T01:11:40.627Z] [DEBUG] [2025-07-22T01:11:40.627Z] Daemon is running...
[2025-07-22T01:11:40.629Z] [INFO] [RESOURCE] Memory: 3.99MB used, 5.06MB total, 31.36MB RSS | Load: 0.99, 1.25, 1.56
[2025-07-22T01:11:40.630Z] [WARN] [WARNING] High memory usage: 78.9% of heap used
[2025-07-22T02:11:40.627Z] [DEBUG] [2025-07-22T02:11:40.627Z] Daemon is running...
[2025-07-22T02:11:40.629Z] [INFO] [RESOURCE] Memory: 4.01MB used, 5.06MB total, 19.48MB RSS | Load: 1.61, 2.41, 2.14
[2025-07-22T02:11:40.629Z] [WARN] [WARNING] High memory usage: 79.1% of heap used
[2025-07-22T03:11:40.624Z] [DEBUG] [2025-07-22T03:11:40.624Z] Daemon is running...
[2025-07-22T03:11:40.627Z] [INFO] [RESOURCE] Memory: 4.02MB used, 5.06MB total, 17.30MB RSS | Load: 1.80, 1.60, 1.66
[2025-07-22T03:11:40.627Z] [WARN] [WARNING] High memory usage: 79.4% of heap used
