[2025-08-04T00:00:30.194Z] [DEBUG] [2025-08-04T00:00:30.194Z] Daemon is running...
[2025-08-04T00:00:30.198Z] [INFO] [RESOURCE] Memory: 3.99MB used, 5.06MB total, 31.25MB RSS | Load: 1.81, 1.77, 2.12
[2025-08-04T00:00:30.200Z] [WARN] [WARNING] High memory usage: 78.9% of heap used
[2025-08-04T01:49:31.306Z] [INFO] 🚀 Starting data update daemon... {
  "nodeVersion": "v20.19.3",
  "platform": "darwin",
  "arch": "arm64",
  "pid": 73909,
  "cwd": "/Users/sim/selora-clean",
  "system": {
    "cpus": 8,
    "memory": {
      "total": "16.00 GB",
      "free": "0.07 GB",
      "usage": "99.55%"
    },
    "load": [
      1.1552734375,
      1.26123046875,
      1.23486328125
    ]
  },
  "env": "production"
}
[2025-08-04T01:49:31.310Z] [INFO] [RESOURCE] Memory: 4.26MB used, 4.56MB total, 37.91MB RSS | Load: 1.16, 1.26, 1.23
[2025-08-04T01:49:31.310Z] [WARN] [WARNING] High memory usage: 93.3% of heap used
[2025-08-04T01:49:31.310Z] [WARN] [WARNING] Critical memory usage - consider increasing Node.js memory limit
[2025-08-04T01:49:31.310Z] [INFO] Performing initial data update...
[2025-08-04T01:49:31.311Z] [INFO] 🚀 Starting scheduled data updates... {
  "system": {
    "platform": "darwin",
    "arch": "arm64",
    "node": "v20.19.3",
    "pid": 73909,
    "cpus": 8,
    "memory": {
      "total": "16.00 GB",
      "free": "0.09 GB",
      "usage": "99.44%"
    }
  },
  "totalScripts": 3,
  "logLevel": "INFO"
}
[2025-08-04T01:49:31.311Z] [INFO] 
📋 [1/3] Starting script: Employee Utilization Analysis {
  "script": "employee_utilization_analyzer.py",
  "args": "",
  "timeout": "1800s",
  "maxRetries": 2,
  "retryDelay": "10000ms"
}
[2025-08-04T01:49:31.311Z] [DEBUG] Executing script: employee_utilization_analyzer.py {
  "args": [],
  "pid": 73909,
  "cwd": "/Users/sim/selora-clean",
  "pythonPath": "python3",
  "timeout": 1800000,
  "maxRetries": 2
}
[2025-08-04T01:49:31.373Z] [WARN] Script attempt 1 failed, will retry: employee_utilization_analyzer.py {
  "script": "employee_utilization_analyzer.py",
  "duration": "62ms",
  "exitCode": 1,
  "signal": null,
  "attempt": 1,
  "maxAttempts": 3,
  "error": "Command failed: \"python3\" \"/Users/sim/selora-clean/employee_utilization_analyzer.py\"\nTraceback (most recent call last):\n  File \u001b[35m\"/Users/sim/selora-clean/employee_utilization_analyzer.py\"\u001b[0m, line \u001b[35m5\u001b[0m, in \u001b[35m<module>\u001b[0m\n    from pymongo import MongoClient, UpdateOne\n\u001b[1;35mModuleNotFoundError\u001b[0m: \u001b[35mNo module named 'pymongo'\u001b[0m\n"
}
[2025-08-04T01:49:31.374Z] [WARN] Retry attempt 2 of 2 after 10000ms... {
  "script": "employee_utilization_analyzer.py",
  "previousError": "Command failed: \"python3\" \"/Users/sim/selora-clean/employee_utilization_analyzer.py\"\nTraceback (most recent call last):\n  File \u001b[35m\"/Users/sim/selora-clean/employee_utilization_analyzer.py\"\u001b[0m, line \u001b[35m5\u001b[0m, in \u001b[35m<module>\u001b[0m\n    from pymongo import MongoClient, UpdateOne\n\u001b[1;35mModuleNotFoundError\u001b[0m: \u001b[35mNo module named 'pymongo'\u001b[0m\n"
}
[2025-08-04T01:49:41.459Z] [WARN] Script attempt 2 failed, will retry: employee_utilization_analyzer.py {
  "script": "employee_utilization_analyzer.py",
  "duration": "10148ms",
  "exitCode": 1,
  "signal": null,
  "attempt": 2,
  "maxAttempts": 3,
  "error": "Command failed: \"python3\" \"/Users/sim/selora-clean/employee_utilization_analyzer.py\"\nTraceback (most recent call last):\n  File \u001b[35m\"/Users/sim/selora-clean/employee_utilization_analyzer.py\"\u001b[0m, line \u001b[35m5\u001b[0m, in \u001b[35m<module>\u001b[0m\n    from pymongo import MongoClient, UpdateOne\n\u001b[1;35mModuleNotFoundError\u001b[0m: \u001b[35mNo module named 'pymongo'\u001b[0m\n"
}
[2025-08-04T01:49:41.460Z] [WARN] Retry attempt 3 of 2 after 10000ms... {
  "script": "employee_utilization_analyzer.py",
  "previousError": "Command failed: \"python3\" \"/Users/sim/selora-clean/employee_utilization_analyzer.py\"\nTraceback (most recent call last):\n  File \u001b[35m\"/Users/sim/selora-clean/employee_utilization_analyzer.py\"\u001b[0m, line \u001b[35m5\u001b[0m, in \u001b[35m<module>\u001b[0m\n    from pymongo import MongoClient, UpdateOne\n\u001b[1;35mModuleNotFoundError\u001b[0m: \u001b[35mNo module named 'pymongo'\u001b[0m\n"
}
[2025-08-04T01:49:51.549Z] [ERROR] Script failed after 3 attempts: employee_utilization_analyzer.py {
  "script": "employee_utilization_analyzer.py",
  "duration": "20238ms",
  "exitCode": 1,
  "signal": null,
  "attempt": 3,
  "maxAttempts": 3,
  "error": "Command failed: \"python3\" \"/Users/sim/selora-clean/employee_utilization_analyzer.py\"\nTraceback (most recent call last):\n  File \u001b[35m\"/Users/sim/selora-clean/employee_utilization_analyzer.py\"\u001b[0m, line \u001b[35m5\u001b[0m, in \u001b[35m<module>\u001b[0m\n    from pymongo import MongoClient, UpdateOne\n\u001b[1;35mModuleNotFoundError\u001b[0m: \u001b[35mNo module named 'pymongo'\u001b[0m\n"
}
[2025-08-04T01:49:51.550Z] [ERROR] [employee_utilization_analyzer.py STDERR] Traceback (most recent call last):
  File [35m"/Users/sim/selora-clean/employee_utilization_analyzer.py"[0m, line [35m5[0m, in [35m<module>[0m
    from pymongo import MongoClient, UpdateOne
[1;35mModuleNotFoundError[0m: [35mNo module named 'pymongo'[0m

[2025-08-04T01:49:51.550Z] [ERROR] ❌ [1/3] Employee Utilization Analysis failed after 20.2s (attempt 1) {
  "script": "employee_utilization_analyzer.py",
  "duration": "20239ms",
  "attempts": 1,
  "startTime": "2025-08-04T01:49:31.311Z",
  "endTime": "2025-08-04T01:49:51.550Z"
}
[2025-08-04T01:49:51.550Z] [ERROR] 💥 Script failed: employee_utilization_analyzer.py (attempt 1/3) {
  "duration": "20239ms",
  "error": "Script failed after 3 attempts: Command failed: \"python3\" \"/Users/sim/selora-clean/employee_utilization_analyzer.py\"\nTraceback (most recent call last):\n  File \u001b[35m\"/Users/sim/selora-clean/employee_utilization_analyzer.py\"\u001b[0m, line \u001b[35m5\u001b[0m, in \u001b[35m<module>\u001b[0m\n    from pymongo import MongoClient, UpdateOne\n\u001b[1;35mModuleNotFoundError\u001b[0m: \u001b[35mNo module named 'pymongo'\u001b[0m\n",
  "code": "N/A",
  "signal": "N/A"
}
[2025-08-04T01:49:51.550Z] [INFO] ⏳ Waiting 5s before next script...
[2025-08-04T01:49:56.552Z] [INFO] [RESOURCE] Memory: 3.90MB used, 5.06MB total, 36.81MB RSS | Load: 3.15, 1.73, 1.41
[2025-08-04T01:49:56.553Z] [WARN] [WARNING] High memory usage: 76.9% of heap used
[2025-08-04T01:49:56.553Z] [INFO] 
📋 [2/3] Starting script: Attrition Score Calculation {
  "script": "attrition_score.py",
  "args": "",
  "timeout": "3600s",
  "maxRetries": 2,
  "retryDelay": "15000ms"
}
[2025-08-04T01:49:56.555Z] [DEBUG] Executing script: attrition_score.py {
  "args": [],
  "pid": 73909,
  "cwd": "/Users/sim/selora-clean",
  "pythonPath": "python3",
  "timeout": 3600000,
  "maxRetries": 2
}
[2025-08-04T01:49:56.623Z] [WARN] Script attempt 1 failed, will retry: attrition_score.py {
  "script": "attrition_score.py",
  "duration": "69ms",
  "exitCode": 1,
  "signal": null,
  "attempt": 1,
  "maxAttempts": 3,
  "error": "Command failed: \"python3\" \"/Users/sim/selora-clean/attrition_score.py\"\nTraceback (most recent call last):\n  File \u001b[35m\"/Users/sim/selora-clean/attrition_score.py\"\u001b[0m, line \u001b[35m6\u001b[0m, in \u001b[35m<module>\u001b[0m\n    import numpy as np\n\u001b[1;35mModuleNotFoundError\u001b[0m: \u001b[35mNo module named 'numpy'\u001b[0m\n"
}
[2025-08-04T01:49:56.624Z] [WARN] Retry attempt 2 of 2 after 15000ms... {
  "script": "attrition_score.py",
  "previousError": "Command failed: \"python3\" \"/Users/sim/selora-clean/attrition_score.py\"\nTraceback (most recent call last):\n  File \u001b[35m\"/Users/sim/selora-clean/attrition_score.py\"\u001b[0m, line \u001b[35m6\u001b[0m, in \u001b[35m<module>\u001b[0m\n    import numpy as np\n\u001b[1;35mModuleNotFoundError\u001b[0m: \u001b[35mNo module named 'numpy'\u001b[0m\n"
}
[2025-08-04T01:50:11.700Z] [WARN] Script attempt 2 failed, will retry: attrition_score.py {
  "script": "attrition_score.py",
  "duration": "15146ms",
  "exitCode": 1,
  "signal": null,
  "attempt": 2,
  "maxAttempts": 3,
  "error": "Command failed: \"python3\" \"/Users/sim/selora-clean/attrition_score.py\"\nTraceback (most recent call last):\n  File \u001b[35m\"/Users/sim/selora-clean/attrition_score.py\"\u001b[0m, line \u001b[35m6\u001b[0m, in \u001b[35m<module>\u001b[0m\n    import numpy as np\n\u001b[1;35mModuleNotFoundError\u001b[0m: \u001b[35mNo module named 'numpy'\u001b[0m\n"
}
[2025-08-04T01:50:11.700Z] [WARN] Retry attempt 3 of 2 after 15000ms... {
  "script": "attrition_score.py",
  "previousError": "Command failed: \"python3\" \"/Users/sim/selora-clean/attrition_score.py\"\nTraceback (most recent call last):\n  File \u001b[35m\"/Users/sim/selora-clean/attrition_score.py\"\u001b[0m, line \u001b[35m6\u001b[0m, in \u001b[35m<module>\u001b[0m\n    import numpy as np\n\u001b[1;35mModuleNotFoundError\u001b[0m: \u001b[35mNo module named 'numpy'\u001b[0m\n"
}
[2025-08-04T01:50:26.791Z] [ERROR] Script failed after 3 attempts: attrition_score.py {
  "script": "attrition_score.py",
  "duration": "30237ms",
  "exitCode": 1,
  "signal": null,
  "attempt": 3,
  "maxAttempts": 3,
  "error": "Command failed: \"python3\" \"/Users/sim/selora-clean/attrition_score.py\"\nTraceback (most recent call last):\n  File \u001b[35m\"/Users/sim/selora-clean/attrition_score.py\"\u001b[0m, line \u001b[35m6\u001b[0m, in \u001b[35m<module>\u001b[0m\n    import numpy as np\n\u001b[1;35mModuleNotFoundError\u001b[0m: \u001b[35mNo module named 'numpy'\u001b[0m\n"
}
[2025-08-04T01:50:26.792Z] [INFO] [RESOURCE] Memory: 4.38MB used, 5.31MB total, 33.58MB RSS | Load: 3.59, 2.00, 1.52
[2025-08-04T01:50:26.792Z] [WARN] [WARNING] High memory usage: 82.4% of heap used
[2025-08-04T01:50:26.792Z] [ERROR] [attrition_score.py STDERR] Traceback (most recent call last):
  File [35m"/Users/sim/selora-clean/attrition_score.py"[0m, line [35m6[0m, in [35m<module>[0m
    import numpy as np
[1;35mModuleNotFoundError[0m: [35mNo module named 'numpy'[0m

[2025-08-04T01:50:26.792Z] [ERROR] ❌ [2/3] Attrition Score Calculation failed after 30.2s (attempt 1) {
  "script": "attrition_score.py",
  "duration": "30239ms",
  "attempts": 1,
  "startTime": "2025-08-04T01:49:56.554Z",
  "endTime": "2025-08-04T01:50:26.792Z"
}
[2025-08-04T01:50:26.792Z] [ERROR] 💥 Script failed: attrition_score.py (attempt 1/3) {
  "duration": "30239ms",
  "error": "Script failed after 3 attempts: Command failed: \"python3\" \"/Users/sim/selora-clean/attrition_score.py\"\nTraceback (most recent call last):\n  File \u001b[35m\"/Users/sim/selora-clean/attrition_score.py\"\u001b[0m, line \u001b[35m6\u001b[0m, in \u001b[35m<module>\u001b[0m\n    import numpy as np\n\u001b[1;35mModuleNotFoundError\u001b[0m: \u001b[35mNo module named 'numpy'\u001b[0m\n",
  "code": "N/A",
  "signal": "N/A"
}
[2025-08-04T01:50:26.792Z] [INFO] ⏳ Waiting 5s before next script...
[2025-08-04T01:50:31.793Z] [INFO] [RESOURCE] Memory: 4.41MB used, 5.31MB total, 33.81MB RSS | Load: 3.78, 2.07, 1.54
[2025-08-04T01:50:31.794Z] [WARN] [WARNING] High memory usage: 83.1% of heap used
[2025-08-04T01:50:31.795Z] [INFO] 
📋 [3/3] Starting script: Successor Identification {
  "script": "successor_identification.py",
  "args": "--refresh --batch-size=10",
  "timeout": "2700s",
  "maxRetries": 1,
  "retryDelay": "20000ms"
}
[2025-08-04T01:50:31.796Z] [DEBUG] Executing script: successor_identification.py {
  "args": [
    "--refresh",
    "--batch-size=10"
  ],
  "pid": 73909,
  "cwd": "/Users/sim/selora-clean",
  "pythonPath": "python3",
  "timeout": 2700000,
  "maxRetries": 1
}
[2025-08-04T01:50:31.864Z] [WARN] Script attempt 1 failed, will retry: successor_identification.py {
  "script": "successor_identification.py",
  "duration": "69ms",
  "exitCode": 1,
  "signal": null,
  "attempt": 1,
  "maxAttempts": 2,
  "error": "Command failed: \"python3\" \"/Users/sim/selora-clean/successor_identification.py\" \"--refresh\" \"--batch-size=10\"\nTraceback (most recent call last):\n  File \u001b[35m\"/Users/sim/selora-clean/successor_identification.py\"\u001b[0m, line \u001b[35m6\u001b[0m, in \u001b[35m<module>\u001b[0m\n    import numpy as np\n\u001b[1;35mModuleNotFoundError\u001b[0m: \u001b[35mNo module named 'numpy'\u001b[0m\n"
}
[2025-08-04T01:50:31.864Z] [WARN] Retry attempt 2 of 1 after 20000ms... {
  "script": "successor_identification.py",
  "previousError": "Command failed: \"python3\" \"/Users/sim/selora-clean/successor_identification.py\" \"--refresh\" \"--batch-size=10\"\nTraceback (most recent call last):\n  File \u001b[35m\"/Users/sim/selora-clean/successor_identification.py\"\u001b[0m, line \u001b[35m6\u001b[0m, in \u001b[35m<module>\u001b[0m\n    import numpy as np\n\u001b[1;35mModuleNotFoundError\u001b[0m: \u001b[35mNo module named 'numpy'\u001b[0m\n"
}
[2025-08-04T01:50:51.953Z] [ERROR] Script failed after 2 attempts: successor_identification.py {
  "script": "successor_identification.py",
  "duration": "20158ms",
  "exitCode": 1,
  "signal": null,
  "attempt": 2,
  "maxAttempts": 2,
  "error": "Command failed: \"python3\" \"/Users/sim/selora-clean/successor_identification.py\" \"--refresh\" \"--batch-size=10\"\nTraceback (most recent call last):\n  File \u001b[35m\"/Users/sim/selora-clean/successor_identification.py\"\u001b[0m, line \u001b[35m6\u001b[0m, in \u001b[35m<module>\u001b[0m\n    import numpy as np\n\u001b[1;35mModuleNotFoundError\u001b[0m: \u001b[35mNo module named 'numpy'\u001b[0m\n"
}
[2025-08-04T01:50:51.954Z] [ERROR] [successor_identification.py STDERR] Traceback (most recent call last):
  File [35m"/Users/sim/selora-clean/successor_identification.py"[0m, line [35m6[0m, in [35m<module>[0m
    import numpy as np
[1;35mModuleNotFoundError[0m: [35mNo module named 'numpy'[0m

[2025-08-04T01:50:51.954Z] [ERROR] ❌ [3/3] Successor Identification failed after 20.2s (attempt 1) {
  "script": "successor_identification.py",
  "duration": "20160ms",
  "attempts": 1,
  "startTime": "2025-08-04T01:50:31.795Z",
  "endTime": "2025-08-04T01:50:51.954Z"
}
[2025-08-04T01:50:51.954Z] [ERROR] 💥 Script failed: successor_identification.py (attempt 1/2) {
  "duration": "20160ms",
  "error": "Script failed after 2 attempts: Command failed: \"python3\" \"/Users/sim/selora-clean/successor_identification.py\" \"--refresh\" \"--batch-size=10\"\nTraceback (most recent call last):\n  File \u001b[35m\"/Users/sim/selora-clean/successor_identification.py\"\u001b[0m, line \u001b[35m6\u001b[0m, in \u001b[35m<module>\u001b[0m\n    import numpy as np\n\u001b[1;35mModuleNotFoundError\u001b[0m: \u001b[35mNo module named 'numpy'\u001b[0m\n",
  "code": "N/A",
  "signal": "N/A"
}
[2025-08-04T01:50:51.954Z] [INFO] ⏳ Waiting 5s before next script...
[2025-08-04T01:50:56.955Z] [INFO] [RESOURCE] Memory: 4.63MB used, 5.31MB total, 34.67MB RSS | Load: 3.47, 2.14, 1.58
[2025-08-04T01:50:56.956Z] [WARN] [WARNING] High memory usage: 87.2% of heap used
[2025-08-04T01:50:56.957Z] [INFO] 
📊 ====== DATA UPDATE SUMMARY ======
[2025-08-04T01:50:56.958Z] [INFO] 📅 Started: 2025-08-04T01:49:31.311Z
[2025-08-04T01:50:56.959Z] [INFO] 🏁 Finished: 2025-08-04T01:50:56.957Z
[2025-08-04T01:50:56.959Z] [INFO] ⏱️  Total Duration: 1.4 minutes
[2025-08-04T01:50:56.960Z] [INFO] 📋 Scripts: 3 total, 0 successful, 3 failed
[2025-08-04T01:50:56.960Z] [INFO] 📈 Success Rate: 0.0%
[2025-08-04T01:50:56.961Z] [INFO] 
📋 SCRIPT EXECUTION STATUS:
[2025-08-04T01:50:56.968Z] [INFO] 
💾 SYSTEM RESOURCE USAGE:
[2025-08-04T01:50:56.968Z] [INFO] Memory: 4.74MB used / 5.31MB total
[2025-08-04T01:50:56.969Z] [INFO] RSS: 35.69MB
[2025-08-04T01:50:56.969Z] [INFO] Load: 3.47, 2.14, 1.58
[2025-08-04T01:50:56.969Z] [WARN] 
⚠️  COMPLETED WITH 3 OF 3 SCRIPTS FAILING
[2025-08-04T01:50:56.970Z] [INFO] [RESOURCE] Memory: 4.76MB used, 5.31MB total, 35.75MB RSS | Load: 3.47, 2.14, 1.58
[2025-08-04T01:50:56.970Z] [WARN] [WARNING] High memory usage: 89.6% of heap used
[2025-08-04T01:50:56.971Z] [WARN] Initial update completed with 3 failures
[2025-08-04T01:50:56.971Z] [INFO] Initial update completed. Next update in 1440 minutes.
[2025-08-04T02:50:56.955Z] [DEBUG] [2025-08-04T02:50:56.955Z] Daemon is running...
[2025-08-04T02:50:56.958Z] [INFO] [RESOURCE] Memory: 4.03MB used, 5.31MB total, 17.94MB RSS | Load: 1.91, 2.10, 2.06
[2025-08-04T02:50:56.959Z] [WARN] [WARNING] High memory usage: 75.9% of heap used
[2025-08-04T03:02:28.338Z] [INFO] 🚀 Starting data update daemon... {
  "nodeVersion": "v20.19.3",
  "platform": "darwin",
  "arch": "arm64",
  "pid": 82267,
  "cwd": "/Users/sim/selora-clean",
  "system": {
    "cpus": 8,
    "memory": {
      "total": "16.00 GB",
      "free": "2.41 GB",
      "usage": "84.96%"
    },
    "load": [
      2.0283203125,
      2.2529296875,
      2.15478515625
    ]
  },
  "env": "production"
}
[2025-08-04T03:02:28.339Z] [INFO] [RESOURCE] Memory: 4.26MB used, 4.56MB total, 37.53MB RSS | Load: 2.03, 2.25, 2.15
[2025-08-04T03:02:28.339Z] [WARN] [WARNING] High memory usage: 93.3% of heap used
[2025-08-04T03:02:28.339Z] [WARN] [WARNING] Critical memory usage - consider increasing Node.js memory limit
[2025-08-04T03:02:28.340Z] [INFO] Performing initial data update...
[2025-08-04T03:02:28.340Z] [INFO] 🚀 Starting scheduled data updates... {
  "system": {
    "platform": "darwin",
    "arch": "arm64",
    "node": "v20.19.3",
    "pid": 82267,
    "cpus": 8,
    "memory": {
      "total": "16.00 GB",
      "free": "2.41 GB",
      "usage": "84.96%"
    }
  },
  "totalScripts": 3,
  "logLevel": "INFO"
}
[2025-08-04T03:02:28.340Z] [INFO] 
📋 [1/3] Starting script: Employee Utilization Analysis {
  "script": "employee_utilization_analyzer.py",
  "args": "",
  "timeout": "1800s",
  "maxRetries": 2,
  "retryDelay": "10000ms"
}
[2025-08-04T03:02:28.341Z] [DEBUG] Executing script: employee_utilization_analyzer.py {
  "args": [],
  "pid": 82267,
  "cwd": "/Users/sim/selora-clean",
  "pythonPath": "python3",
  "timeout": 1800000,
  "maxRetries": 2
}
[2025-08-04T03:02:28.389Z] [WARN] Script attempt 1 failed, will retry: employee_utilization_analyzer.py {
  "script": "employee_utilization_analyzer.py",
  "duration": "48ms",
  "exitCode": 1,
  "signal": null,
  "attempt": 1,
  "maxAttempts": 3,
  "error": "Command failed: \"python3\" \"/Users/sim/selora-clean/employee_utilization_analyzer.py\"\nTraceback (most recent call last):\n  File \u001b[35m\"/Users/sim/selora-clean/employee_utilization_analyzer.py\"\u001b[0m, line \u001b[35m5\u001b[0m, in \u001b[35m<module>\u001b[0m\n    from pymongo import MongoClient, UpdateOne\n\u001b[1;35mModuleNotFoundError\u001b[0m: \u001b[35mNo module named 'pymongo'\u001b[0m\n"
}
[2025-08-04T03:02:28.390Z] [WARN] Retry attempt 2 of 2 after 10000ms... {
  "script": "employee_utilization_analyzer.py",
  "previousError": "Command failed: \"python3\" \"/Users/sim/selora-clean/employee_utilization_analyzer.py\"\nTraceback (most recent call last):\n  File \u001b[35m\"/Users/sim/selora-clean/employee_utilization_analyzer.py\"\u001b[0m, line \u001b[35m5\u001b[0m, in \u001b[35m<module>\u001b[0m\n    from pymongo import MongoClient, UpdateOne\n\u001b[1;35mModuleNotFoundError\u001b[0m: \u001b[35mNo module named 'pymongo'\u001b[0m\n"
}
[2025-08-04T03:02:38.464Z] [WARN] Script attempt 2 failed, will retry: employee_utilization_analyzer.py {
  "script": "employee_utilization_analyzer.py",
  "duration": "10123ms",
  "exitCode": 1,
  "signal": null,
  "attempt": 2,
  "maxAttempts": 3,
  "error": "Command failed: \"python3\" \"/Users/sim/selora-clean/employee_utilization_analyzer.py\"\nTraceback (most recent call last):\n  File \u001b[35m\"/Users/sim/selora-clean/employee_utilization_analyzer.py\"\u001b[0m, line \u001b[35m5\u001b[0m, in \u001b[35m<module>\u001b[0m\n    from pymongo import MongoClient, UpdateOne\n\u001b[1;35mModuleNotFoundError\u001b[0m: \u001b[35mNo module named 'pymongo'\u001b[0m\n"
}
[2025-08-04T03:02:38.464Z] [WARN] Retry attempt 3 of 2 after 10000ms... {
  "script": "employee_utilization_analyzer.py",
  "previousError": "Command failed: \"python3\" \"/Users/sim/selora-clean/employee_utilization_analyzer.py\"\nTraceback (most recent call last):\n  File \u001b[35m\"/Users/sim/selora-clean/employee_utilization_analyzer.py\"\u001b[0m, line \u001b[35m5\u001b[0m, in \u001b[35m<module>\u001b[0m\n    from pymongo import MongoClient, UpdateOne\n\u001b[1;35mModuleNotFoundError\u001b[0m: \u001b[35mNo module named 'pymongo'\u001b[0m\n"
}
[2025-08-04T03:02:48.539Z] [ERROR] Script failed after 3 attempts: employee_utilization_analyzer.py {
  "script": "employee_utilization_analyzer.py",
  "duration": "20198ms",
  "exitCode": 1,
  "signal": null,
  "attempt": 3,
  "maxAttempts": 3,
  "error": "Command failed: \"python3\" \"/Users/sim/selora-clean/employee_utilization_analyzer.py\"\nTraceback (most recent call last):\n  File \u001b[35m\"/Users/sim/selora-clean/employee_utilization_analyzer.py\"\u001b[0m, line \u001b[35m5\u001b[0m, in \u001b[35m<module>\u001b[0m\n    from pymongo import MongoClient, UpdateOne\n\u001b[1;35mModuleNotFoundError\u001b[0m: \u001b[35mNo module named 'pymongo'\u001b[0m\n"
}
[2025-08-04T03:02:48.540Z] [ERROR] [employee_utilization_analyzer.py STDERR] Traceback (most recent call last):
  File [35m"/Users/sim/selora-clean/employee_utilization_analyzer.py"[0m, line [35m5[0m, in [35m<module>[0m
    from pymongo import MongoClient, UpdateOne
[1;35mModuleNotFoundError[0m: [35mNo module named 'pymongo'[0m

[2025-08-04T03:02:48.540Z] [ERROR] ❌ [1/3] Employee Utilization Analysis failed after 20.2s (attempt 1) {
  "script": "employee_utilization_analyzer.py",
  "duration": "20200ms",
  "attempts": 1,
  "startTime": "2025-08-04T03:02:28.340Z",
  "endTime": "2025-08-04T03:02:48.540Z"
}
[2025-08-04T03:02:48.540Z] [ERROR] 💥 Script failed: employee_utilization_analyzer.py (attempt 1/3) {
  "duration": "20200ms",
  "error": "Script failed after 3 attempts: Command failed: \"python3\" \"/Users/sim/selora-clean/employee_utilization_analyzer.py\"\nTraceback (most recent call last):\n  File \u001b[35m\"/Users/sim/selora-clean/employee_utilization_analyzer.py\"\u001b[0m, line \u001b[35m5\u001b[0m, in \u001b[35m<module>\u001b[0m\n    from pymongo import MongoClient, UpdateOne\n\u001b[1;35mModuleNotFoundError\u001b[0m: \u001b[35mNo module named 'pymongo'\u001b[0m\n",
  "code": "N/A",
  "signal": "N/A"
}
[2025-08-04T03:02:48.540Z] [INFO] ⏳ Waiting 5s before next script...
[2025-08-04T03:02:53.542Z] [INFO] [RESOURCE] Memory: 3.86MB used, 4.81MB total, 39.00MB RSS | Load: 2.34, 2.31, 2.18
[2025-08-04T03:02:53.543Z] [WARN] [WARNING] High memory usage: 80.2% of heap used
[2025-08-04T03:02:53.544Z] [INFO] 
📋 [2/3] Starting script: Attrition Score Calculation {
  "script": "attrition_score.py",
  "args": "",
  "timeout": "3600s",
  "maxRetries": 2,
  "retryDelay": "15000ms"
}
[2025-08-04T03:02:53.546Z] [DEBUG] Executing script: attrition_score.py {
  "args": [],
  "pid": 82267,
  "cwd": "/Users/sim/selora-clean",
  "pythonPath": "python3",
  "timeout": 3600000,
  "maxRetries": 2
}
[2025-08-04T03:02:53.616Z] [WARN] Script attempt 1 failed, will retry: attrition_score.py {
  "script": "attrition_score.py",
  "duration": "70ms",
  "exitCode": 1,
  "signal": null,
  "attempt": 1,
  "maxAttempts": 3,
  "error": "Command failed: \"python3\" \"/Users/sim/selora-clean/attrition_score.py\"\nTraceback (most recent call last):\n  File \u001b[35m\"/Users/sim/selora-clean/attrition_score.py\"\u001b[0m, line \u001b[35m6\u001b[0m, in \u001b[35m<module>\u001b[0m\n    import numpy as np\n\u001b[1;35mModuleNotFoundError\u001b[0m: \u001b[35mNo module named 'numpy'\u001b[0m\n"
}
[2025-08-04T03:02:53.616Z] [WARN] Retry attempt 2 of 2 after 15000ms... {
  "script": "attrition_score.py",
  "previousError": "Command failed: \"python3\" \"/Users/sim/selora-clean/attrition_score.py\"\nTraceback (most recent call last):\n  File \u001b[35m\"/Users/sim/selora-clean/attrition_score.py\"\u001b[0m, line \u001b[35m6\u001b[0m, in \u001b[35m<module>\u001b[0m\n    import numpy as np\n\u001b[1;35mModuleNotFoundError\u001b[0m: \u001b[35mNo module named 'numpy'\u001b[0m\n"
}
[2025-08-04T03:03:08.693Z] [WARN] Script attempt 2 failed, will retry: attrition_score.py {
  "script": "attrition_score.py",
  "duration": "15147ms",
  "exitCode": 1,
  "signal": null,
  "attempt": 2,
  "maxAttempts": 3,
  "error": "Command failed: \"python3\" \"/Users/sim/selora-clean/attrition_score.py\"\nTraceback (most recent call last):\n  File \u001b[35m\"/Users/sim/selora-clean/attrition_score.py\"\u001b[0m, line \u001b[35m6\u001b[0m, in \u001b[35m<module>\u001b[0m\n    import numpy as np\n\u001b[1;35mModuleNotFoundError\u001b[0m: \u001b[35mNo module named 'numpy'\u001b[0m\n"
}
[2025-08-04T03:03:08.694Z] [WARN] Retry attempt 3 of 2 after 15000ms... {
  "script": "attrition_score.py",
  "previousError": "Command failed: \"python3\" \"/Users/sim/selora-clean/attrition_score.py\"\nTraceback (most recent call last):\n  File \u001b[35m\"/Users/sim/selora-clean/attrition_score.py\"\u001b[0m, line \u001b[35m6\u001b[0m, in \u001b[35m<module>\u001b[0m\n    import numpy as np\n\u001b[1;35mModuleNotFoundError\u001b[0m: \u001b[35mNo module named 'numpy'\u001b[0m\n"
}
[2025-08-04T03:03:23.772Z] [ERROR] Script failed after 3 attempts: attrition_score.py {
  "script": "attrition_score.py",
  "duration": "30226ms",
  "exitCode": 1,
  "signal": null,
  "attempt": 3,
  "maxAttempts": 3,
  "error": "Command failed: \"python3\" \"/Users/sim/selora-clean/attrition_score.py\"\nTraceback (most recent call last):\n  File \u001b[35m\"/Users/sim/selora-clean/attrition_score.py\"\u001b[0m, line \u001b[35m6\u001b[0m, in \u001b[35m<module>\u001b[0m\n    import numpy as np\n\u001b[1;35mModuleNotFoundError\u001b[0m: \u001b[35mNo module named 'numpy'\u001b[0m\n"
}
[2025-08-04T03:03:23.772Z] [INFO] [RESOURCE] Memory: 4.34MB used, 5.06MB total, 33.13MB RSS | Load: 2.65, 2.39, 2.21
[2025-08-04T03:03:23.772Z] [WARN] [WARNING] High memory usage: 85.8% of heap used
[2025-08-04T03:03:23.772Z] [ERROR] [attrition_score.py STDERR] Traceback (most recent call last):
  File [35m"/Users/sim/selora-clean/attrition_score.py"[0m, line [35m6[0m, in [35m<module>[0m
    import numpy as np
[1;35mModuleNotFoundError[0m: [35mNo module named 'numpy'[0m

[2025-08-04T03:03:23.773Z] [ERROR] ❌ [2/3] Attrition Score Calculation failed after 30.2s (attempt 1) {
  "script": "attrition_score.py",
  "duration": "30228ms",
  "attempts": 1,
  "startTime": "2025-08-04T03:02:53.545Z",
  "endTime": "2025-08-04T03:03:23.772Z"
}
[2025-08-04T03:03:23.773Z] [ERROR] 💥 Script failed: attrition_score.py (attempt 1/3) {
  "duration": "30228ms",
  "error": "Script failed after 3 attempts: Command failed: \"python3\" \"/Users/sim/selora-clean/attrition_score.py\"\nTraceback (most recent call last):\n  File \u001b[35m\"/Users/sim/selora-clean/attrition_score.py\"\u001b[0m, line \u001b[35m6\u001b[0m, in \u001b[35m<module>\u001b[0m\n    import numpy as np\n\u001b[1;35mModuleNotFoundError\u001b[0m: \u001b[35mNo module named 'numpy'\u001b[0m\n",
  "code": "N/A",
  "signal": "N/A"
}
[2025-08-04T03:03:23.773Z] [INFO] ⏳ Waiting 5s before next script...
[2025-08-04T03:03:28.775Z] [INFO] [RESOURCE] Memory: 4.38MB used, 5.06MB total, 33.45MB RSS | Load: 2.44, 2.35, 2.20
[2025-08-04T03:03:28.775Z] [WARN] [WARNING] High memory usage: 86.5% of heap used
[2025-08-04T03:03:28.777Z] [INFO] 
📋 [3/3] Starting script: Successor Identification {
  "script": "successor_identification.py",
  "args": "--refresh --batch-size=10",
  "timeout": "2700s",
  "maxRetries": 1,
  "retryDelay": "20000ms"
}
[2025-08-04T03:03:28.779Z] [DEBUG] Executing script: successor_identification.py {
  "args": [
    "--refresh",
    "--batch-size=10"
  ],
  "pid": 82267,
  "cwd": "/Users/sim/selora-clean",
  "pythonPath": "python3",
  "timeout": 2700000,
  "maxRetries": 1
}
[2025-08-04T03:03:28.845Z] [WARN] Script attempt 1 failed, will retry: successor_identification.py {
  "script": "successor_identification.py",
  "duration": "67ms",
  "exitCode": 1,
  "signal": null,
  "attempt": 1,
  "maxAttempts": 2,
  "error": "Command failed: \"python3\" \"/Users/sim/selora-clean/successor_identification.py\" \"--refresh\" \"--batch-size=10\"\nTraceback (most recent call last):\n  File \u001b[35m\"/Users/sim/selora-clean/successor_identification.py\"\u001b[0m, line \u001b[35m6\u001b[0m, in \u001b[35m<module>\u001b[0m\n    import numpy as np\n\u001b[1;35mModuleNotFoundError\u001b[0m: \u001b[35mNo module named 'numpy'\u001b[0m\n"
}
[2025-08-04T03:03:28.845Z] [WARN] Retry attempt 2 of 1 after 20000ms... {
  "script": "successor_identification.py",
  "previousError": "Command failed: \"python3\" \"/Users/sim/selora-clean/successor_identification.py\" \"--refresh\" \"--batch-size=10\"\nTraceback (most recent call last):\n  File \u001b[35m\"/Users/sim/selora-clean/successor_identification.py\"\u001b[0m, line \u001b[35m6\u001b[0m, in \u001b[35m<module>\u001b[0m\n    import numpy as np\n\u001b[1;35mModuleNotFoundError\u001b[0m: \u001b[35mNo module named 'numpy'\u001b[0m\n"
}
[2025-08-04T03:03:49.016Z] [ERROR] Script failed after 2 attempts: successor_identification.py {
  "script": "successor_identification.py",
  "duration": "20238ms",
  "exitCode": 1,
  "signal": null,
  "attempt": 2,
  "maxAttempts": 2,
  "error": "Command failed: \"python3\" \"/Users/sim/selora-clean/successor_identification.py\" \"--refresh\" \"--batch-size=10\"\nTraceback (most recent call last):\n  File \u001b[35m\"/Users/sim/selora-clean/successor_identification.py\"\u001b[0m, line \u001b[35m6\u001b[0m, in \u001b[35m<module>\u001b[0m\n    import numpy as np\n\u001b[1;35mModuleNotFoundError\u001b[0m: \u001b[35mNo module named 'numpy'\u001b[0m\n"
}
[2025-08-04T03:03:49.016Z] [ERROR] [successor_identification.py STDERR] Traceback (most recent call last):
  File [35m"/Users/sim/selora-clean/successor_identification.py"[0m, line [35m6[0m, in [35m<module>[0m
    import numpy as np
[1;35mModuleNotFoundError[0m: [35mNo module named 'numpy'[0m

[2025-08-04T03:03:49.016Z] [ERROR] ❌ [3/3] Successor Identification failed after 20.2s (attempt 1) {
  "script": "successor_identification.py",
  "duration": "20239ms",
  "attempts": 1,
  "startTime": "2025-08-04T03:03:28.777Z",
  "endTime": "2025-08-04T03:03:49.016Z"
}
[2025-08-04T03:03:49.016Z] [ERROR] 💥 Script failed: successor_identification.py (attempt 1/2) {
  "duration": "20239ms",
  "error": "Script failed after 2 attempts: Command failed: \"python3\" \"/Users/sim/selora-clean/successor_identification.py\" \"--refresh\" \"--batch-size=10\"\nTraceback (most recent call last):\n  File \u001b[35m\"/Users/sim/selora-clean/successor_identification.py\"\u001b[0m, line \u001b[35m6\u001b[0m, in \u001b[35m<module>\u001b[0m\n    import numpy as np\n\u001b[1;35mModuleNotFoundError\u001b[0m: \u001b[35mNo module named 'numpy'\u001b[0m\n",
  "code": "N/A",
  "signal": "N/A"
}
[2025-08-04T03:03:49.016Z] [INFO] ⏳ Waiting 5s before next script...
[2025-08-04T03:03:54.017Z] [INFO] [RESOURCE] Memory: 4.60MB used, 5.06MB total, 34.91MB RSS | Load: 2.24, 2.31, 2.18
[2025-08-04T03:03:54.018Z] [WARN] [WARNING] High memory usage: 90.8% of heap used
[2025-08-04T03:03:54.018Z] [WARN] [WARNING] Critical memory usage - consider increasing Node.js memory limit
[2025-08-04T03:03:54.018Z] [INFO] 
📊 ====== DATA UPDATE SUMMARY ======
[2025-08-04T03:03:54.018Z] [INFO] 📅 Started: 2025-08-04T03:02:28.340Z
[2025-08-04T03:03:54.018Z] [INFO] 🏁 Finished: 2025-08-04T03:03:54.018Z
[2025-08-04T03:03:54.019Z] [INFO] ⏱️  Total Duration: 1.4 minutes
[2025-08-04T03:03:54.019Z] [INFO] 📋 Scripts: 3 total, 0 successful, 3 failed
[2025-08-04T03:03:54.019Z] [INFO] 📈 Success Rate: 0.0%
[2025-08-04T03:03:54.019Z] [INFO] 
📋 SCRIPT EXECUTION STATUS:
[2025-08-04T03:03:54.024Z] [INFO] 
💾 SYSTEM RESOURCE USAGE:
[2025-08-04T03:03:54.024Z] [INFO] Memory: 4.71MB used / 5.06MB total
[2025-08-04T03:03:54.025Z] [INFO] RSS: 35.80MB
[2025-08-04T03:03:54.025Z] [INFO] Load: 2.24, 2.31, 2.18
[2025-08-04T03:03:54.025Z] [WARN] 
⚠️  COMPLETED WITH 3 OF 3 SCRIPTS FAILING
[2025-08-04T03:03:54.025Z] [INFO] [RESOURCE] Memory: 4.73MB used, 5.06MB total, 35.81MB RSS | Load: 2.24, 2.31, 2.18
[2025-08-04T03:03:54.026Z] [WARN] [WARNING] High memory usage: 93.4% of heap used
[2025-08-04T03:03:54.026Z] [WARN] [WARNING] Critical memory usage - consider increasing Node.js memory limit
[2025-08-04T03:03:54.026Z] [WARN] Initial update completed with 3 failures
[2025-08-04T03:03:54.026Z] [INFO] Initial update completed. Next update in 1440 minutes.
[2025-08-04T04:03:54.073Z] [DEBUG] [2025-08-04T04:03:54.072Z] Daemon is running...
[2025-08-04T04:03:54.076Z] [INFO] [RESOURCE] Memory: 3.99MB used, 5.06MB total, 31.27MB RSS | Load: 1.61, 1.78, 1.84
[2025-08-04T04:03:54.077Z] [WARN] [WARNING] High memory usage: 78.9% of heap used
[2025-08-04T05:03:54.034Z] [DEBUG] [2025-08-04T05:03:54.034Z] Daemon is running...
[2025-08-04T05:03:54.037Z] [INFO] [RESOURCE] Memory: 4.01MB used, 5.06MB total, 27.09MB RSS | Load: 0.83, 1.35, 1.49
[2025-08-04T05:03:54.038Z] [WARN] [WARNING] High memory usage: 79.1% of heap used
[2025-08-04T06:03:54.025Z] [DEBUG] [2025-08-04T06:03:54.024Z] Daemon is running...
[2025-08-04T06:03:54.027Z] [INFO] [RESOURCE] Memory: 4.02MB used, 5.06MB total, 27.19MB RSS | Load: 1.52, 2.18, 2.08
[2025-08-04T06:03:54.028Z] [WARN] [WARNING] High memory usage: 79.4% of heap used
