[2025-08-05T00:45:37.535Z] [DEBUG] [2025-08-05T00:45:37.535Z] Daemon is running...
[2025-08-05T00:45:37.536Z] [INFO] [RESOURCE] Memory: 4.08MB used, 5.06MB total, 19.42MB RSS | Load: 1.19, 1.44, 1.81
[2025-08-05T00:45:37.538Z] [WARN] [WARNING] High memory usage: 80.6% of heap used
[2025-08-05T01:45:37.538Z] [DEBUG] [2025-08-05T01:45:37.538Z] Daemon is running...
[2025-08-05T01:45:37.540Z] [INFO] [RESOURCE] Memory: 4.09MB used, 5.06MB total, 19.17MB RSS | Load: 1.42, 1.78, 2.00
[2025-08-05T01:45:37.541Z] [WARN] [WARNING] High memory usage: 80.8% of heap used
[2025-08-05T02:45:37.504Z] [DEBUG] [2025-08-05T02:45:37.504Z] Daemon is running...
[2025-08-05T02:45:37.507Z] [INFO] [RESOURCE] Memory: 4.11MB used, 5.06MB total, 19.19MB RSS | Load: 1.37, 1.87, 1.86
[2025-08-05T02:45:37.508Z] [WARN] [WARNING] High memory usage: 81.1% of heap used
[2025-08-05T03:18:52.954Z] [INFO] 🚀 Starting data update daemon... {
  "nodeVersion": "v20.19.3",
  "platform": "darwin",
  "arch": "arm64",
  "pid": 94050,
  "cwd": "/Users/sim/selora-clean",
  "system": {
    "cpus": 8,
    "memory": {
      "total": "16.00 GB",
      "free": "4.12 GB",
      "usage": "74.23%"
    },
    "load": [
      2.18798828125,
      2.25146484375,
      2.02294921875
    ]
  },
  "env": "production"
}
[2025-08-05T03:18:52.955Z] [INFO] [RESOURCE] Memory: 4.26MB used, 4.56MB total, 38.41MB RSS | Load: 2.19, 2.25, 2.02
[2025-08-05T03:18:52.955Z] [WARN] [WARNING] High memory usage: 93.3% of heap used
[2025-08-05T03:18:52.956Z] [WARN] [WARNING] Critical memory usage - consider increasing Node.js memory limit
[2025-08-05T03:18:52.956Z] [INFO] Performing initial data update...
[2025-08-05T03:18:52.957Z] [INFO] 🚀 Starting scheduled data updates... {
  "system": {
    "platform": "darwin",
    "arch": "arm64",
    "node": "v20.19.3",
    "pid": 94050,
    "cpus": 8,
    "memory": {
      "total": "16.00 GB",
      "free": "4.12 GB",
      "usage": "74.23%"
    }
  },
  "totalScripts": 3,
  "logLevel": "INFO"
}
[2025-08-05T03:18:52.957Z] [INFO] 
📋 [1/3] Starting script: Employee Utilization Analysis {
  "script": "employee_utilization_analyzer.py",
  "args": "",
  "timeout": "1800s",
  "maxRetries": 2,
  "retryDelay": "10000ms"
}
[2025-08-05T03:18:52.957Z] [DEBUG] Executing script: employee_utilization_analyzer.py {
  "args": [],
  "pid": 94050,
  "cwd": "/Users/sim/selora-clean",
  "pythonPath": "python3",
  "timeout": 1800000,
  "maxRetries": 2
}
[2025-08-05T03:18:53.010Z] [WARN] Script attempt 1 failed, will retry: employee_utilization_analyzer.py {
  "script": "employee_utilization_analyzer.py",
  "duration": "53ms",
  "exitCode": 1,
  "signal": null,
  "attempt": 1,
  "maxAttempts": 3,
  "error": "Command failed: \"python3\" \"/Users/sim/selora-clean/employee_utilization_analyzer.py\"\nTraceback (most recent call last):\n  File \u001b[35m\"/Users/sim/selora-clean/employee_utilization_analyzer.py\"\u001b[0m, line \u001b[35m5\u001b[0m, in \u001b[35m<module>\u001b[0m\n    from pymongo import MongoClient, UpdateOne\n\u001b[1;35mModuleNotFoundError\u001b[0m: \u001b[35mNo module named 'pymongo'\u001b[0m\n"
}
[2025-08-05T03:18:53.010Z] [WARN] Retry attempt 2 of 2 after 10000ms... {
  "script": "employee_utilization_analyzer.py",
  "previousError": "Command failed: \"python3\" \"/Users/sim/selora-clean/employee_utilization_analyzer.py\"\nTraceback (most recent call last):\n  File \u001b[35m\"/Users/sim/selora-clean/employee_utilization_analyzer.py\"\u001b[0m, line \u001b[35m5\u001b[0m, in \u001b[35m<module>\u001b[0m\n    from pymongo import MongoClient, UpdateOne\n\u001b[1;35mModuleNotFoundError\u001b[0m: \u001b[35mNo module named 'pymongo'\u001b[0m\n"
}
[2025-08-05T03:19:03.087Z] [WARN] Script attempt 2 failed, will retry: employee_utilization_analyzer.py {
  "script": "employee_utilization_analyzer.py",
  "duration": "10130ms",
  "exitCode": 1,
  "signal": null,
  "attempt": 2,
  "maxAttempts": 3,
  "error": "Command failed: \"python3\" \"/Users/sim/selora-clean/employee_utilization_analyzer.py\"\nTraceback (most recent call last):\n  File \u001b[35m\"/Users/sim/selora-clean/employee_utilization_analyzer.py\"\u001b[0m, line \u001b[35m5\u001b[0m, in \u001b[35m<module>\u001b[0m\n    from pymongo import MongoClient, UpdateOne\n\u001b[1;35mModuleNotFoundError\u001b[0m: \u001b[35mNo module named 'pymongo'\u001b[0m\n"
}
[2025-08-05T03:19:03.088Z] [WARN] Retry attempt 3 of 2 after 10000ms... {
  "script": "employee_utilization_analyzer.py",
  "previousError": "Command failed: \"python3\" \"/Users/sim/selora-clean/employee_utilization_analyzer.py\"\nTraceback (most recent call last):\n  File \u001b[35m\"/Users/sim/selora-clean/employee_utilization_analyzer.py\"\u001b[0m, line \u001b[35m5\u001b[0m, in \u001b[35m<module>\u001b[0m\n    from pymongo import MongoClient, UpdateOne\n\u001b[1;35mModuleNotFoundError\u001b[0m: \u001b[35mNo module named 'pymongo'\u001b[0m\n"
}
[2025-08-05T03:19:13.128Z] [ERROR] Script failed after 3 attempts: employee_utilization_analyzer.py {
  "script": "employee_utilization_analyzer.py",
  "duration": "20171ms",
  "exitCode": 1,
  "signal": null,
  "attempt": 3,
  "maxAttempts": 3,
  "error": "Command failed: \"python3\" \"/Users/sim/selora-clean/employee_utilization_analyzer.py\"\nTraceback (most recent call last):\n  File \u001b[35m\"/Users/sim/selora-clean/employee_utilization_analyzer.py\"\u001b[0m, line \u001b[35m5\u001b[0m, in \u001b[35m<module>\u001b[0m\n    from pymongo import MongoClient, UpdateOne\n\u001b[1;35mModuleNotFoundError\u001b[0m: \u001b[35mNo module named 'pymongo'\u001b[0m\n"
}
[2025-08-05T03:19:13.129Z] [ERROR] [employee_utilization_analyzer.py STDERR] Traceback (most recent call last):
  File [35m"/Users/sim/selora-clean/employee_utilization_analyzer.py"[0m, line [35m5[0m, in [35m<module>[0m
    from pymongo import MongoClient, UpdateOne
[1;35mModuleNotFoundError[0m: [35mNo module named 'pymongo'[0m

[2025-08-05T03:19:13.129Z] [ERROR] ❌ [1/3] Employee Utilization Analysis failed after 20.2s (attempt 1) {
  "script": "employee_utilization_analyzer.py",
  "duration": "20172ms",
  "attempts": 1,
  "startTime": "2025-08-05T03:18:52.957Z",
  "endTime": "2025-08-05T03:19:13.129Z"
}
[2025-08-05T03:19:13.129Z] [ERROR] 💥 Script failed: employee_utilization_analyzer.py (attempt 1/3) {
  "duration": "20172ms",
  "error": "Script failed after 3 attempts: Command failed: \"python3\" \"/Users/sim/selora-clean/employee_utilization_analyzer.py\"\nTraceback (most recent call last):\n  File \u001b[35m\"/Users/sim/selora-clean/employee_utilization_analyzer.py\"\u001b[0m, line \u001b[35m5\u001b[0m, in \u001b[35m<module>\u001b[0m\n    from pymongo import MongoClient, UpdateOne\n\u001b[1;35mModuleNotFoundError\u001b[0m: \u001b[35mNo module named 'pymongo'\u001b[0m\n",
  "code": "N/A",
  "signal": "N/A"
}
[2025-08-05T03:19:13.129Z] [INFO] ⏳ Waiting 5s before next script...
[2025-08-05T03:19:18.130Z] [INFO] [RESOURCE] Memory: 3.91MB used, 5.06MB total, 39.34MB RSS | Load: 2.12, 2.23, 2.02
[2025-08-05T03:19:18.130Z] [WARN] [WARNING] High memory usage: 77.2% of heap used
[2025-08-05T03:19:18.130Z] [INFO] 
📋 [2/3] Starting script: Attrition Score Calculation {
  "script": "attrition_score.py",
  "args": "",
  "timeout": "3600s",
  "maxRetries": 2,
  "retryDelay": "15000ms"
}
[2025-08-05T03:19:18.131Z] [DEBUG] Executing script: attrition_score.py {
  "args": [],
  "pid": 94050,
  "cwd": "/Users/sim/selora-clean",
  "pythonPath": "python3",
  "timeout": 3600000,
  "maxRetries": 2
}
[2025-08-05T03:19:18.172Z] [WARN] Script attempt 1 failed, will retry: attrition_score.py {
  "script": "attrition_score.py",
  "duration": "41ms",
  "exitCode": 1,
  "signal": null,
  "attempt": 1,
  "maxAttempts": 3,
  "error": "Command failed: \"python3\" \"/Users/sim/selora-clean/attrition_score.py\"\nTraceback (most recent call last):\n  File \u001b[35m\"/Users/sim/selora-clean/attrition_score.py\"\u001b[0m, line \u001b[35m6\u001b[0m, in \u001b[35m<module>\u001b[0m\n    import numpy as np\n\u001b[1;35mModuleNotFoundError\u001b[0m: \u001b[35mNo module named 'numpy'\u001b[0m\n"
}
[2025-08-05T03:19:18.172Z] [WARN] Retry attempt 2 of 2 after 15000ms... {
  "script": "attrition_score.py",
  "previousError": "Command failed: \"python3\" \"/Users/sim/selora-clean/attrition_score.py\"\nTraceback (most recent call last):\n  File \u001b[35m\"/Users/sim/selora-clean/attrition_score.py\"\u001b[0m, line \u001b[35m6\u001b[0m, in \u001b[35m<module>\u001b[0m\n    import numpy as np\n\u001b[1;35mModuleNotFoundError\u001b[0m: \u001b[35mNo module named 'numpy'\u001b[0m\n"
}
[2025-08-05T03:19:33.243Z] [WARN] Script attempt 2 failed, will retry: attrition_score.py {
  "script": "attrition_score.py",
  "duration": "15112ms",
  "exitCode": 1,
  "signal": null,
  "attempt": 2,
  "maxAttempts": 3,
  "error": "Command failed: \"python3\" \"/Users/sim/selora-clean/attrition_score.py\"\nTraceback (most recent call last):\n  File \u001b[35m\"/Users/sim/selora-clean/attrition_score.py\"\u001b[0m, line \u001b[35m6\u001b[0m, in \u001b[35m<module>\u001b[0m\n    import numpy as np\n\u001b[1;35mModuleNotFoundError\u001b[0m: \u001b[35mNo module named 'numpy'\u001b[0m\n"
}
[2025-08-05T03:19:33.243Z] [WARN] Retry attempt 3 of 2 after 15000ms... {
  "script": "attrition_score.py",
  "previousError": "Command failed: \"python3\" \"/Users/sim/selora-clean/attrition_score.py\"\nTraceback (most recent call last):\n  File \u001b[35m\"/Users/sim/selora-clean/attrition_score.py\"\u001b[0m, line \u001b[35m6\u001b[0m, in \u001b[35m<module>\u001b[0m\n    import numpy as np\n\u001b[1;35mModuleNotFoundError\u001b[0m: \u001b[35mNo module named 'numpy'\u001b[0m\n"
}
[2025-08-05T03:19:48.282Z] [ERROR] Script failed after 3 attempts: attrition_score.py {
  "script": "attrition_score.py",
  "duration": "30151ms",
  "exitCode": 1,
  "signal": null,
  "attempt": 3,
  "maxAttempts": 3,
  "error": "Command failed: \"python3\" \"/Users/sim/selora-clean/attrition_score.py\"\nTraceback (most recent call last):\n  File \u001b[35m\"/Users/sim/selora-clean/attrition_score.py\"\u001b[0m, line \u001b[35m6\u001b[0m, in \u001b[35m<module>\u001b[0m\n    import numpy as np\n\u001b[1;35mModuleNotFoundError\u001b[0m: \u001b[35mNo module named 'numpy'\u001b[0m\n"
}
[2025-08-05T03:19:48.282Z] [INFO] [RESOURCE] Memory: 4.39MB used, 5.31MB total, 39.78MB RSS | Load: 2.49, 2.29, 2.05
[2025-08-05T03:19:48.283Z] [WARN] [WARNING] High memory usage: 82.6% of heap used
[2025-08-05T03:19:48.283Z] [ERROR] [attrition_score.py STDERR] Traceback (most recent call last):
  File [35m"/Users/sim/selora-clean/attrition_score.py"[0m, line [35m6[0m, in [35m<module>[0m
    import numpy as np
[1;35mModuleNotFoundError[0m: [35mNo module named 'numpy'[0m

[2025-08-05T03:19:48.283Z] [ERROR] ❌ [2/3] Attrition Score Calculation failed after 30.2s (attempt 1) {
  "script": "attrition_score.py",
  "duration": "30153ms",
  "attempts": 1,
  "startTime": "2025-08-05T03:19:18.131Z",
  "endTime": "2025-08-05T03:19:48.283Z"
}
[2025-08-05T03:19:48.283Z] [ERROR] 💥 Script failed: attrition_score.py (attempt 1/3) {
  "duration": "30153ms",
  "error": "Script failed after 3 attempts: Command failed: \"python3\" \"/Users/sim/selora-clean/attrition_score.py\"\nTraceback (most recent call last):\n  File \u001b[35m\"/Users/sim/selora-clean/attrition_score.py\"\u001b[0m, line \u001b[35m6\u001b[0m, in \u001b[35m<module>\u001b[0m\n    import numpy as np\n\u001b[1;35mModuleNotFoundError\u001b[0m: \u001b[35mNo module named 'numpy'\u001b[0m\n",
  "code": "N/A",
  "signal": "N/A"
}
[2025-08-05T03:19:48.283Z] [INFO] ⏳ Waiting 5s before next script...
[2025-08-05T03:19:53.285Z] [INFO] [RESOURCE] Memory: 4.42MB used, 5.31MB total, 39.80MB RSS | Load: 2.45, 2.29, 2.05
[2025-08-05T03:19:53.286Z] [WARN] [WARNING] High memory usage: 83.3% of heap used
[2025-08-05T03:19:53.287Z] [INFO] 
📋 [3/3] Starting script: Successor Identification {
  "script": "successor_identification.py",
  "args": "--refresh --batch-size=10",
  "timeout": "2700s",
  "maxRetries": 1,
  "retryDelay": "20000ms"
}
[2025-08-05T03:19:53.288Z] [DEBUG] Executing script: successor_identification.py {
  "args": [
    "--refresh",
    "--batch-size=10"
  ],
  "pid": 94050,
  "cwd": "/Users/sim/selora-clean",
  "pythonPath": "python3",
  "timeout": 2700000,
  "maxRetries": 1
}
[2025-08-05T03:19:53.355Z] [WARN] Script attempt 1 failed, will retry: successor_identification.py {
  "script": "successor_identification.py",
  "duration": "67ms",
  "exitCode": 1,
  "signal": null,
  "attempt": 1,
  "maxAttempts": 2,
  "error": "Command failed: \"python3\" \"/Users/sim/selora-clean/successor_identification.py\" \"--refresh\" \"--batch-size=10\"\nTraceback (most recent call last):\n  File \u001b[35m\"/Users/sim/selora-clean/successor_identification.py\"\u001b[0m, line \u001b[35m6\u001b[0m, in \u001b[35m<module>\u001b[0m\n    import numpy as np\n\u001b[1;35mModuleNotFoundError\u001b[0m: \u001b[35mNo module named 'numpy'\u001b[0m\n"
}
[2025-08-05T03:19:53.355Z] [WARN] Retry attempt 2 of 1 after 20000ms... {
  "script": "successor_identification.py",
  "previousError": "Command failed: \"python3\" \"/Users/sim/selora-clean/successor_identification.py\" \"--refresh\" \"--batch-size=10\"\nTraceback (most recent call last):\n  File \u001b[35m\"/Users/sim/selora-clean/successor_identification.py\"\u001b[0m, line \u001b[35m6\u001b[0m, in \u001b[35m<module>\u001b[0m\n    import numpy as np\n\u001b[1;35mModuleNotFoundError\u001b[0m: \u001b[35mNo module named 'numpy'\u001b[0m\n"
}
[2025-08-05T03:20:13.427Z] [ERROR] Script failed after 2 attempts: successor_identification.py {
  "script": "successor_identification.py",
  "duration": "20139ms",
  "exitCode": 1,
  "signal": null,
  "attempt": 2,
  "maxAttempts": 2,
  "error": "Command failed: \"python3\" \"/Users/sim/selora-clean/successor_identification.py\" \"--refresh\" \"--batch-size=10\"\nTraceback (most recent call last):\n  File \u001b[35m\"/Users/sim/selora-clean/successor_identification.py\"\u001b[0m, line \u001b[35m6\u001b[0m, in \u001b[35m<module>\u001b[0m\n    import numpy as np\n\u001b[1;35mModuleNotFoundError\u001b[0m: \u001b[35mNo module named 'numpy'\u001b[0m\n"
}
[2025-08-05T03:20:13.427Z] [ERROR] [successor_identification.py STDERR] Traceback (most recent call last):
  File [35m"/Users/sim/selora-clean/successor_identification.py"[0m, line [35m6[0m, in [35m<module>[0m
    import numpy as np
[1;35mModuleNotFoundError[0m: [35mNo module named 'numpy'[0m

[2025-08-05T03:20:13.427Z] [ERROR] ❌ [3/3] Successor Identification failed after 20.1s (attempt 1) {
  "script": "successor_identification.py",
  "duration": "20140ms",
  "attempts": 1,
  "startTime": "2025-08-05T03:19:53.287Z",
  "endTime": "2025-08-05T03:20:13.427Z"
}
[2025-08-05T03:20:13.427Z] [ERROR] 💥 Script failed: successor_identification.py (attempt 1/2) {
  "duration": "20140ms",
  "error": "Script failed after 2 attempts: Command failed: \"python3\" \"/Users/sim/selora-clean/successor_identification.py\" \"--refresh\" \"--batch-size=10\"\nTraceback (most recent call last):\n  File \u001b[35m\"/Users/sim/selora-clean/successor_identification.py\"\u001b[0m, line \u001b[35m6\u001b[0m, in \u001b[35m<module>\u001b[0m\n    import numpy as np\n\u001b[1;35mModuleNotFoundError\u001b[0m: \u001b[35mNo module named 'numpy'\u001b[0m\n",
  "code": "N/A",
  "signal": "N/A"
}
[2025-08-05T03:20:13.427Z] [INFO] ⏳ Waiting 5s before next script...
[2025-08-05T03:20:18.429Z] [INFO] [RESOURCE] Memory: 4.64MB used, 5.31MB total, 40.09MB RSS | Load: 2.83, 2.38, 2.08
[2025-08-05T03:20:18.430Z] [WARN] [WARNING] High memory usage: 87.4% of heap used
[2025-08-05T03:20:18.431Z] [INFO] 
📊 ====== DATA UPDATE SUMMARY ======
[2025-08-05T03:20:18.431Z] [INFO] 📅 Started: 2025-08-05T03:18:52.957Z
[2025-08-05T03:20:18.432Z] [INFO] 🏁 Finished: 2025-08-05T03:20:18.430Z
[2025-08-05T03:20:18.432Z] [INFO] ⏱️  Total Duration: 1.4 minutes
[2025-08-05T03:20:18.433Z] [INFO] 📋 Scripts: 3 total, 0 successful, 3 failed
[2025-08-05T03:20:18.433Z] [INFO] 📈 Success Rate: 0.0%
[2025-08-05T03:20:18.433Z] [INFO] 
📋 SCRIPT EXECUTION STATUS:
[2025-08-05T03:20:18.439Z] [INFO] 
💾 SYSTEM RESOURCE USAGE:
[2025-08-05T03:20:18.440Z] [INFO] Memory: 4.75MB used / 5.31MB total
[2025-08-05T03:20:18.441Z] [INFO] RSS: 40.58MB
[2025-08-05T03:20:18.441Z] [INFO] Load: 2.83, 2.38, 2.08
[2025-08-05T03:20:18.442Z] [WARN] 
⚠️  COMPLETED WITH 3 OF 3 SCRIPTS FAILING
[2025-08-05T03:20:18.442Z] [INFO] [RESOURCE] Memory: 4.77MB used, 5.31MB total, 40.59MB RSS | Load: 2.83, 2.38, 2.08
[2025-08-05T03:20:18.443Z] [WARN] [WARNING] High memory usage: 89.8% of heap used
[2025-08-05T03:20:18.443Z] [WARN] Initial update completed with 3 failures
[2025-08-05T03:20:18.443Z] [INFO] Initial update completed. Next update in 1440 minutes.
