[2025-07-29T02:20:00.917Z] [INFO] 🚀 Starting data update daemon... {
  "nodeVersion": "v20.19.3",
  "platform": "darwin",
  "arch": "arm64",
  "pid": 45820,
  "cwd": "/Users/sim/selora-clean",
  "system": {
    "cpus": 8,
    "memory": {
      "total": "16.00 GB",
      "free": "0.08 GB",
      "usage": "99.51%"
    },
    "load": [
      3.6474609375,
      5.48388671875,
      4.27880859375
    ]
  },
  "env": "production"
}
[2025-07-29T02:20:00.919Z] [INFO] [RESOURCE] Memory: 4.25MB used, 4.56MB total, 38.20MB RSS | Load: 3.65, 5.48, 4.28
[2025-07-29T02:20:00.919Z] [WARN] [WARNING] High memory usage: 93.3% of heap used
[2025-07-29T02:20:00.919Z] [WARN] [WARNING] Critical memory usage - consider increasing Node.js memory limit
[2025-07-29T02:20:00.919Z] [INFO] Performing initial data update...
[2025-07-29T02:20:00.920Z] [INFO] 🚀 Starting scheduled data updates... {
  "system": {
    "platform": "darwin",
    "arch": "arm64",
    "node": "v20.19.3",
    "pid": 45820,
    "cpus": 8,
    "memory": {
      "total": "16.00 GB",
      "free": "0.09 GB",
      "usage": "99.46%"
    }
  },
  "totalScripts": 3,
  "logLevel": "INFO"
}
[2025-07-29T02:20:00.920Z] [INFO] 
📋 [1/3] Starting script: Employee Utilization Analysis {
  "script": "employee_utilization_analyzer.py",
  "args": "",
  "timeout": "1800s",
  "maxRetries": 2,
  "retryDelay": "10000ms"
}
[2025-07-29T02:20:00.920Z] [DEBUG] Executing script: employee_utilization_analyzer.py {
  "args": [],
  "pid": 45820,
  "cwd": "/Users/sim/selora-clean",
  "pythonPath": "python3",
  "timeout": 1800000,
  "maxRetries": 2
}
[2025-07-29T02:20:00.978Z] [WARN] Script attempt 1 failed, will retry: employee_utilization_analyzer.py {
  "script": "employee_utilization_analyzer.py",
  "duration": "58ms",
  "exitCode": 1,
  "signal": null,
  "attempt": 1,
  "maxAttempts": 3,
  "error": "Command failed: \"python3\" \"/Users/sim/selora-clean/employee_utilization_analyzer.py\"\nTraceback (most recent call last):\n  File \u001b[35m\"/Users/sim/selora-clean/employee_utilization_analyzer.py\"\u001b[0m, line \u001b[35m5\u001b[0m, in \u001b[35m<module>\u001b[0m\n    from pymongo import MongoClient, UpdateOne\n\u001b[1;35mModuleNotFoundError\u001b[0m: \u001b[35mNo module named 'pymongo'\u001b[0m\n"
}
[2025-07-29T02:20:00.978Z] [WARN] Retry attempt 2 of 2 after 10000ms... {
  "script": "employee_utilization_analyzer.py",
  "previousError": "Command failed: \"python3\" \"/Users/sim/selora-clean/employee_utilization_analyzer.py\"\nTraceback (most recent call last):\n  File \u001b[35m\"/Users/sim/selora-clean/employee_utilization_analyzer.py\"\u001b[0m, line \u001b[35m5\u001b[0m, in \u001b[35m<module>\u001b[0m\n    from pymongo import MongoClient, UpdateOne\n\u001b[1;35mModuleNotFoundError\u001b[0m: \u001b[35mNo module named 'pymongo'\u001b[0m\n"
}
[2025-07-29T02:20:11.060Z] [WARN] Script attempt 2 failed, will retry: employee_utilization_analyzer.py {
  "script": "employee_utilization_analyzer.py",
  "duration": "10140ms",
  "exitCode": 1,
  "signal": null,
  "attempt": 2,
  "maxAttempts": 3,
  "error": "Command failed: \"python3\" \"/Users/sim/selora-clean/employee_utilization_analyzer.py\"\nTraceback (most recent call last):\n  File \u001b[35m\"/Users/sim/selora-clean/employee_utilization_analyzer.py\"\u001b[0m, line \u001b[35m5\u001b[0m, in \u001b[35m<module>\u001b[0m\n    from pymongo import MongoClient, UpdateOne\n\u001b[1;35mModuleNotFoundError\u001b[0m: \u001b[35mNo module named 'pymongo'\u001b[0m\n"
}
[2025-07-29T02:20:11.061Z] [WARN] Retry attempt 3 of 2 after 10000ms... {
  "script": "employee_utilization_analyzer.py",
  "previousError": "Command failed: \"python3\" \"/Users/sim/selora-clean/employee_utilization_analyzer.py\"\nTraceback (most recent call last):\n  File \u001b[35m\"/Users/sim/selora-clean/employee_utilization_analyzer.py\"\u001b[0m, line \u001b[35m5\u001b[0m, in \u001b[35m<module>\u001b[0m\n    from pymongo import MongoClient, UpdateOne\n\u001b[1;35mModuleNotFoundError\u001b[0m: \u001b[35mNo module named 'pymongo'\u001b[0m\n"
}
[2025-07-29T02:20:21.140Z] [ERROR] Script failed after 3 attempts: employee_utilization_analyzer.py {
  "script": "employee_utilization_analyzer.py",
  "duration": "20220ms",
  "exitCode": 1,
  "signal": null,
  "attempt": 3,
  "maxAttempts": 3,
  "error": "Command failed: \"python3\" \"/Users/sim/selora-clean/employee_utilization_analyzer.py\"\nTraceback (most recent call last):\n  File \u001b[35m\"/Users/sim/selora-clean/employee_utilization_analyzer.py\"\u001b[0m, line \u001b[35m5\u001b[0m, in \u001b[35m<module>\u001b[0m\n    from pymongo import MongoClient, UpdateOne\n\u001b[1;35mModuleNotFoundError\u001b[0m: \u001b[35mNo module named 'pymongo'\u001b[0m\n"
}
[2025-07-29T02:20:21.141Z] [ERROR] [employee_utilization_analyzer.py STDERR] Traceback (most recent call last):
  File [35m"/Users/sim/selora-clean/employee_utilization_analyzer.py"[0m, line [35m5[0m, in [35m<module>[0m
    from pymongo import MongoClient, UpdateOne
[1;35mModuleNotFoundError[0m: [35mNo module named 'pymongo'[0m

[2025-07-29T02:20:21.141Z] [ERROR] ❌ [1/3] Employee Utilization Analysis failed after 20.2s (attempt 1) {
  "script": "employee_utilization_analyzer.py",
  "duration": "20221ms",
  "attempts": 1,
  "startTime": "2025-07-29T02:20:00.920Z",
  "endTime": "2025-07-29T02:20:21.141Z"
}
[2025-07-29T02:20:21.141Z] [ERROR] 💥 Script failed: employee_utilization_analyzer.py (attempt 1/3) {
  "duration": "20221ms",
  "error": "Script failed after 3 attempts: Command failed: \"python3\" \"/Users/sim/selora-clean/employee_utilization_analyzer.py\"\nTraceback (most recent call last):\n  File \u001b[35m\"/Users/sim/selora-clean/employee_utilization_analyzer.py\"\u001b[0m, line \u001b[35m5\u001b[0m, in \u001b[35m<module>\u001b[0m\n    from pymongo import MongoClient, UpdateOne\n\u001b[1;35mModuleNotFoundError\u001b[0m: \u001b[35mNo module named 'pymongo'\u001b[0m\n",
  "code": "N/A",
  "signal": "N/A"
}
[2025-07-29T02:20:21.141Z] [INFO] ⏳ Waiting 5s before next script...
[2025-07-29T02:20:26.143Z] [INFO] [RESOURCE] Memory: 3.86MB used, 4.81MB total, 36.56MB RSS | Load: 3.44, 5.30, 4.25
[2025-07-29T02:20:26.144Z] [WARN] [WARNING] High memory usage: 80.3% of heap used
[2025-07-29T02:20:26.144Z] [INFO] 
📋 [2/3] Starting script: Attrition Score Calculation {
  "script": "attrition_score.py",
  "args": "",
  "timeout": "3600s",
  "maxRetries": 2,
  "retryDelay": "15000ms"
}
[2025-07-29T02:20:26.147Z] [DEBUG] Executing script: attrition_score.py {
  "args": [],
  "pid": 45820,
  "cwd": "/Users/sim/selora-clean",
  "pythonPath": "python3",
  "timeout": 3600000,
  "maxRetries": 2
}
[2025-07-29T02:20:26.246Z] [WARN] Script attempt 1 failed, will retry: attrition_score.py {
  "script": "attrition_score.py",
  "duration": "99ms",
  "exitCode": 1,
  "signal": null,
  "attempt": 1,
  "maxAttempts": 3,
  "error": "Command failed: \"python3\" \"/Users/sim/selora-clean/attrition_score.py\"\nTraceback (most recent call last):\n  File \u001b[35m\"/Users/sim/selora-clean/attrition_score.py\"\u001b[0m, line \u001b[35m6\u001b[0m, in \u001b[35m<module>\u001b[0m\n    import numpy as np\n\u001b[1;35mModuleNotFoundError\u001b[0m: \u001b[35mNo module named 'numpy'\u001b[0m\n"
}
[2025-07-29T02:20:26.246Z] [WARN] Retry attempt 2 of 2 after 15000ms... {
  "script": "attrition_score.py",
  "previousError": "Command failed: \"python3\" \"/Users/sim/selora-clean/attrition_score.py\"\nTraceback (most recent call last):\n  File \u001b[35m\"/Users/sim/selora-clean/attrition_score.py\"\u001b[0m, line \u001b[35m6\u001b[0m, in \u001b[35m<module>\u001b[0m\n    import numpy as np\n\u001b[1;35mModuleNotFoundError\u001b[0m: \u001b[35mNo module named 'numpy'\u001b[0m\n"
}
[2025-07-29T02:20:41.288Z] [WARN] Script attempt 2 failed, will retry: attrition_score.py {
  "script": "attrition_score.py",
  "duration": "15141ms",
  "exitCode": 1,
  "signal": null,
  "attempt": 2,
  "maxAttempts": 3,
  "error": "Command failed: \"python3\" \"/Users/sim/selora-clean/attrition_score.py\"\nTraceback (most recent call last):\n  File \u001b[35m\"/Users/sim/selora-clean/attrition_score.py\"\u001b[0m, line \u001b[35m6\u001b[0m, in \u001b[35m<module>\u001b[0m\n    import numpy as np\n\u001b[1;35mModuleNotFoundError\u001b[0m: \u001b[35mNo module named 'numpy'\u001b[0m\n"
}
[2025-07-29T02:20:41.289Z] [WARN] Retry attempt 3 of 2 after 15000ms... {
  "script": "attrition_score.py",
  "previousError": "Command failed: \"python3\" \"/Users/sim/selora-clean/attrition_score.py\"\nTraceback (most recent call last):\n  File \u001b[35m\"/Users/sim/selora-clean/attrition_score.py\"\u001b[0m, line \u001b[35m6\u001b[0m, in \u001b[35m<module>\u001b[0m\n    import numpy as np\n\u001b[1;35mModuleNotFoundError\u001b[0m: \u001b[35mNo module named 'numpy'\u001b[0m\n"
}
[2025-07-29T02:20:56.374Z] [ERROR] Script failed after 3 attempts: attrition_score.py {
  "script": "attrition_score.py",
  "duration": "30227ms",
  "exitCode": 1,
  "signal": null,
  "attempt": 3,
  "maxAttempts": 3,
  "error": "Command failed: \"python3\" \"/Users/sim/selora-clean/attrition_score.py\"\nTraceback (most recent call last):\n  File \u001b[35m\"/Users/sim/selora-clean/attrition_score.py\"\u001b[0m, line \u001b[35m6\u001b[0m, in \u001b[35m<module>\u001b[0m\n    import numpy as np\n\u001b[1;35mModuleNotFoundError\u001b[0m: \u001b[35mNo module named 'numpy'\u001b[0m\n"
}
[2025-07-29T02:20:56.374Z] [INFO] [RESOURCE] Memory: 4.34MB used, 5.06MB total, 33.92MB RSS | Load: 3.73, 5.21, 4.25
[2025-07-29T02:20:56.374Z] [WARN] [WARNING] High memory usage: 85.8% of heap used
[2025-07-29T02:20:56.374Z] [ERROR] [attrition_score.py STDERR] Traceback (most recent call last):
  File [35m"/Users/sim/selora-clean/attrition_score.py"[0m, line [35m6[0m, in [35m<module>[0m
    import numpy as np
[1;35mModuleNotFoundError[0m: [35mNo module named 'numpy'[0m

[2025-07-29T02:20:56.374Z] [ERROR] ❌ [2/3] Attrition Score Calculation failed after 30.2s (attempt 1) {
  "script": "attrition_score.py",
  "duration": "30230ms",
  "attempts": 1,
  "startTime": "2025-07-29T02:20:26.147Z",
  "endTime": "2025-07-29T02:20:56.374Z"
}
[2025-07-29T02:20:56.374Z] [ERROR] 💥 Script failed: attrition_score.py (attempt 1/3) {
  "duration": "30230ms",
  "error": "Script failed after 3 attempts: Command failed: \"python3\" \"/Users/sim/selora-clean/attrition_score.py\"\nTraceback (most recent call last):\n  File \u001b[35m\"/Users/sim/selora-clean/attrition_score.py\"\u001b[0m, line \u001b[35m6\u001b[0m, in \u001b[35m<module>\u001b[0m\n    import numpy as np\n\u001b[1;35mModuleNotFoundError\u001b[0m: \u001b[35mNo module named 'numpy'\u001b[0m\n",
  "code": "N/A",
  "signal": "N/A"
}
[2025-07-29T02:20:56.374Z] [INFO] ⏳ Waiting 5s before next script...
[2025-07-29T02:21:01.376Z] [INFO] [RESOURCE] Memory: 4.38MB used, 5.06MB total, 33.98MB RSS | Load: 3.51, 5.14, 4.23
[2025-07-29T02:21:01.377Z] [WARN] [WARNING] High memory usage: 86.5% of heap used
[2025-07-29T02:21:01.378Z] [INFO] 
📋 [3/3] Starting script: Successor Identification {
  "script": "successor_identification.py",
  "args": "--refresh --batch-size=10",
  "timeout": "2700s",
  "maxRetries": 1,
  "retryDelay": "20000ms"
}
[2025-07-29T02:21:01.379Z] [DEBUG] Executing script: successor_identification.py {
  "args": [
    "--refresh",
    "--batch-size=10"
  ],
  "pid": 45820,
  "cwd": "/Users/sim/selora-clean",
  "pythonPath": "python3",
  "timeout": 2700000,
  "maxRetries": 1
}
[2025-07-29T02:21:01.446Z] [WARN] Script attempt 1 failed, will retry: successor_identification.py {
  "script": "successor_identification.py",
  "duration": "67ms",
  "exitCode": 1,
  "signal": null,
  "attempt": 1,
  "maxAttempts": 2,
  "error": "Command failed: \"python3\" \"/Users/sim/selora-clean/successor_identification.py\" \"--refresh\" \"--batch-size=10\"\nTraceback (most recent call last):\n  File \u001b[35m\"/Users/sim/selora-clean/successor_identification.py\"\u001b[0m, line \u001b[35m6\u001b[0m, in \u001b[35m<module>\u001b[0m\n    import numpy as np\n\u001b[1;35mModuleNotFoundError\u001b[0m: \u001b[35mNo module named 'numpy'\u001b[0m\n"
}
[2025-07-29T02:21:01.447Z] [WARN] Retry attempt 2 of 1 after 20000ms... {
  "script": "successor_identification.py",
  "previousError": "Command failed: \"python3\" \"/Users/sim/selora-clean/successor_identification.py\" \"--refresh\" \"--batch-size=10\"\nTraceback (most recent call last):\n  File \u001b[35m\"/Users/sim/selora-clean/successor_identification.py\"\u001b[0m, line \u001b[35m6\u001b[0m, in \u001b[35m<module>\u001b[0m\n    import numpy as np\n\u001b[1;35mModuleNotFoundError\u001b[0m: \u001b[35mNo module named 'numpy'\u001b[0m\n"
}
[2025-07-29T02:21:21.517Z] [ERROR] Script failed after 2 attempts: successor_identification.py {
  "script": "successor_identification.py",
  "duration": "20138ms",
  "exitCode": 1,
  "signal": null,
  "attempt": 2,
  "maxAttempts": 2,
  "error": "Command failed: \"python3\" \"/Users/sim/selora-clean/successor_identification.py\" \"--refresh\" \"--batch-size=10\"\nTraceback (most recent call last):\n  File \u001b[35m\"/Users/sim/selora-clean/successor_identification.py\"\u001b[0m, line \u001b[35m6\u001b[0m, in \u001b[35m<module>\u001b[0m\n    import numpy as np\n\u001b[1;35mModuleNotFoundError\u001b[0m: \u001b[35mNo module named 'numpy'\u001b[0m\n"
}
[2025-07-29T02:21:21.517Z] [ERROR] [successor_identification.py STDERR] Traceback (most recent call last):
  File [35m"/Users/sim/selora-clean/successor_identification.py"[0m, line [35m6[0m, in [35m<module>[0m
    import numpy as np
[1;35mModuleNotFoundError[0m: [35mNo module named 'numpy'[0m

[2025-07-29T02:21:21.517Z] [ERROR] ❌ [3/3] Successor Identification failed after 20.1s (attempt 1) {
  "script": "successor_identification.py",
  "duration": "20139ms",
  "attempts": 1,
  "startTime": "2025-07-29T02:21:01.378Z",
  "endTime": "2025-07-29T02:21:21.517Z"
}
[2025-07-29T02:21:21.517Z] [ERROR] 💥 Script failed: successor_identification.py (attempt 1/2) {
  "duration": "20139ms",
  "error": "Script failed after 2 attempts: Command failed: \"python3\" \"/Users/sim/selora-clean/successor_identification.py\" \"--refresh\" \"--batch-size=10\"\nTraceback (most recent call last):\n  File \u001b[35m\"/Users/sim/selora-clean/successor_identification.py\"\u001b[0m, line \u001b[35m6\u001b[0m, in \u001b[35m<module>\u001b[0m\n    import numpy as np\n\u001b[1;35mModuleNotFoundError\u001b[0m: \u001b[35mNo module named 'numpy'\u001b[0m\n",
  "code": "N/A",
  "signal": "N/A"
}
[2025-07-29T02:21:21.517Z] [INFO] ⏳ Waiting 5s before next script...
[2025-07-29T02:21:26.519Z] [INFO] [RESOURCE] Memory: 4.60MB used, 5.06MB total, 34.84MB RSS | Load: 2.66, 4.81, 4.14
[2025-07-29T02:21:26.520Z] [WARN] [WARNING] High memory usage: 90.9% of heap used
[2025-07-29T02:21:26.520Z] [WARN] [WARNING] Critical memory usage - consider increasing Node.js memory limit
[2025-07-29T02:21:26.521Z] [INFO] 
📊 ====== DATA UPDATE SUMMARY ======
[2025-07-29T02:21:26.522Z] [INFO] 📅 Started: 2025-07-29T02:20:00.920Z
[2025-07-29T02:21:26.522Z] [INFO] 🏁 Finished: 2025-07-29T02:21:26.521Z
[2025-07-29T02:21:26.523Z] [INFO] ⏱️  Total Duration: 1.4 minutes
[2025-07-29T02:21:26.523Z] [INFO] 📋 Scripts: 3 total, 0 successful, 3 failed
[2025-07-29T02:21:26.524Z] [INFO] 📈 Success Rate: 0.0%
[2025-07-29T02:21:26.524Z] [INFO] 
📋 SCRIPT EXECUTION STATUS:
[2025-07-29T02:21:26.531Z] [INFO] 
💾 SYSTEM RESOURCE USAGE:
[2025-07-29T02:21:26.532Z] [INFO] Memory: 4.71MB used / 5.06MB total
[2025-07-29T02:21:26.532Z] [INFO] RSS: 35.66MB
[2025-07-29T02:21:26.533Z] [INFO] Load: 2.66, 4.81, 4.14
[2025-07-29T02:21:26.533Z] [WARN] 
⚠️  COMPLETED WITH 3 OF 3 SCRIPTS FAILING
[2025-07-29T02:21:26.533Z] [INFO] [RESOURCE] Memory: 4.73MB used, 5.06MB total, 35.69MB RSS | Load: 2.66, 4.81, 4.14
[2025-07-29T02:21:26.534Z] [WARN] [WARNING] High memory usage: 93.4% of heap used
[2025-07-29T02:21:26.534Z] [WARN] [WARNING] Critical memory usage - consider increasing Node.js memory limit
[2025-07-29T02:21:26.534Z] [WARN] Initial update completed with 3 failures
[2025-07-29T02:21:26.535Z] [INFO] Initial update completed. Next update in 1440 minutes.
[2025-07-29T02:43:11.888Z] [INFO] 🚀 Starting data update daemon... {
  "nodeVersion": "v20.19.3",
  "platform": "darwin",
  "arch": "arm64",
  "pid": 46676,
  "cwd": "/Users/sim/selora-clean",
  "system": {
    "cpus": 8,
    "memory": {
      "total": "16.00 GB",
      "free": "0.24 GB",
      "usage": "98.51%"
    },
    "load": [
      4.41748046875,
      5.00390625,
      4.234375
    ]
  },
  "env": "production"
}
[2025-07-29T02:43:11.890Z] [INFO] [RESOURCE] Memory: 4.25MB used, 4.56MB total, 38.16MB RSS | Load: 4.42, 5.00, 4.23
[2025-07-29T02:43:11.890Z] [WARN] [WARNING] High memory usage: 93.3% of heap used
[2025-07-29T02:43:11.890Z] [WARN] [WARNING] Critical memory usage - consider increasing Node.js memory limit
[2025-07-29T02:43:11.890Z] [INFO] Performing initial data update...
[2025-07-29T02:43:11.891Z] [INFO] 🚀 Starting scheduled data updates... {
  "system": {
    "platform": "darwin",
    "arch": "arm64",
    "node": "v20.19.3",
    "pid": 46676,
    "cpus": 8,
    "memory": {
      "total": "16.00 GB",
      "free": "0.23 GB",
      "usage": "98.56%"
    }
  },
  "totalScripts": 3,
  "logLevel": "INFO"
}
[2025-07-29T02:43:11.891Z] [INFO] 
📋 [1/3] Starting script: Employee Utilization Analysis {
  "script": "employee_utilization_analyzer.py",
  "args": "",
  "timeout": "1800s",
  "maxRetries": 2,
  "retryDelay": "10000ms"
}
[2025-07-29T02:43:11.891Z] [DEBUG] Executing script: employee_utilization_analyzer.py {
  "args": [],
  "pid": 46676,
  "cwd": "/Users/sim/selora-clean",
  "pythonPath": "python3",
  "timeout": 1800000,
  "maxRetries": 2
}
[2025-07-29T02:43:11.946Z] [WARN] Script attempt 1 failed, will retry: employee_utilization_analyzer.py {
  "script": "employee_utilization_analyzer.py",
  "duration": "55ms",
  "exitCode": 1,
  "signal": null,
  "attempt": 1,
  "maxAttempts": 3,
  "error": "Command failed: \"python3\" \"/Users/sim/selora-clean/employee_utilization_analyzer.py\"\nTraceback (most recent call last):\n  File \u001b[35m\"/Users/sim/selora-clean/employee_utilization_analyzer.py\"\u001b[0m, line \u001b[35m5\u001b[0m, in \u001b[35m<module>\u001b[0m\n    from pymongo import MongoClient, UpdateOne\n\u001b[1;35mModuleNotFoundError\u001b[0m: \u001b[35mNo module named 'pymongo'\u001b[0m\n"
}
[2025-07-29T02:43:11.946Z] [WARN] Retry attempt 2 of 2 after 10000ms... {
  "script": "employee_utilization_analyzer.py",
  "previousError": "Command failed: \"python3\" \"/Users/sim/selora-clean/employee_utilization_analyzer.py\"\nTraceback (most recent call last):\n  File \u001b[35m\"/Users/sim/selora-clean/employee_utilization_analyzer.py\"\u001b[0m, line \u001b[35m5\u001b[0m, in \u001b[35m<module>\u001b[0m\n    from pymongo import MongoClient, UpdateOne\n\u001b[1;35mModuleNotFoundError\u001b[0m: \u001b[35mNo module named 'pymongo'\u001b[0m\n"
}
[2025-07-29T02:43:22.015Z] [WARN] Script attempt 2 failed, will retry: employee_utilization_analyzer.py {
  "script": "employee_utilization_analyzer.py",
  "duration": "10124ms",
  "exitCode": 1,
  "signal": null,
  "attempt": 2,
  "maxAttempts": 3,
  "error": "Command failed: \"python3\" \"/Users/sim/selora-clean/employee_utilization_analyzer.py\"\nTraceback (most recent call last):\n  File \u001b[35m\"/Users/sim/selora-clean/employee_utilization_analyzer.py\"\u001b[0m, line \u001b[35m5\u001b[0m, in \u001b[35m<module>\u001b[0m\n    from pymongo import MongoClient, UpdateOne\n\u001b[1;35mModuleNotFoundError\u001b[0m: \u001b[35mNo module named 'pymongo'\u001b[0m\n"
}
[2025-07-29T02:43:22.015Z] [WARN] Retry attempt 3 of 2 after 10000ms... {
  "script": "employee_utilization_analyzer.py",
  "previousError": "Command failed: \"python3\" \"/Users/sim/selora-clean/employee_utilization_analyzer.py\"\nTraceback (most recent call last):\n  File \u001b[35m\"/Users/sim/selora-clean/employee_utilization_analyzer.py\"\u001b[0m, line \u001b[35m5\u001b[0m, in \u001b[35m<module>\u001b[0m\n    from pymongo import MongoClient, UpdateOne\n\u001b[1;35mModuleNotFoundError\u001b[0m: \u001b[35mNo module named 'pymongo'\u001b[0m\n"
}
[2025-07-29T02:43:32.085Z] [ERROR] Script failed after 3 attempts: employee_utilization_analyzer.py {
  "script": "employee_utilization_analyzer.py",
  "duration": "20194ms",
  "exitCode": 1,
  "signal": null,
  "attempt": 3,
  "maxAttempts": 3,
  "error": "Command failed: \"python3\" \"/Users/sim/selora-clean/employee_utilization_analyzer.py\"\nTraceback (most recent call last):\n  File \u001b[35m\"/Users/sim/selora-clean/employee_utilization_analyzer.py\"\u001b[0m, line \u001b[35m5\u001b[0m, in \u001b[35m<module>\u001b[0m\n    from pymongo import MongoClient, UpdateOne\n\u001b[1;35mModuleNotFoundError\u001b[0m: \u001b[35mNo module named 'pymongo'\u001b[0m\n"
}
[2025-07-29T02:43:32.085Z] [ERROR] [employee_utilization_analyzer.py STDERR] Traceback (most recent call last):
  File [35m"/Users/sim/selora-clean/employee_utilization_analyzer.py"[0m, line [35m5[0m, in [35m<module>[0m
    from pymongo import MongoClient, UpdateOne
[1;35mModuleNotFoundError[0m: [35mNo module named 'pymongo'[0m

[2025-07-29T02:43:32.085Z] [ERROR] ❌ [1/3] Employee Utilization Analysis failed after 20.2s (attempt 1) {
  "script": "employee_utilization_analyzer.py",
  "duration": "20194ms",
  "attempts": 1,
  "startTime": "2025-07-29T02:43:11.891Z",
  "endTime": "2025-07-29T02:43:32.085Z"
}
[2025-07-29T02:43:32.085Z] [ERROR] 💥 Script failed: employee_utilization_analyzer.py (attempt 1/3) {
  "duration": "20194ms",
  "error": "Script failed after 3 attempts: Command failed: \"python3\" \"/Users/sim/selora-clean/employee_utilization_analyzer.py\"\nTraceback (most recent call last):\n  File \u001b[35m\"/Users/sim/selora-clean/employee_utilization_analyzer.py\"\u001b[0m, line \u001b[35m5\u001b[0m, in \u001b[35m<module>\u001b[0m\n    from pymongo import MongoClient, UpdateOne\n\u001b[1;35mModuleNotFoundError\u001b[0m: \u001b[35mNo module named 'pymongo'\u001b[0m\n",
  "code": "N/A",
  "signal": "N/A"
}
[2025-07-29T02:43:32.086Z] [INFO] ⏳ Waiting 5s before next script...
[2025-07-29T02:43:37.086Z] [INFO] [RESOURCE] Memory: 3.91MB used, 5.06MB total, 36.13MB RSS | Load: 3.54, 4.76, 4.17
[2025-07-29T02:43:37.087Z] [WARN] [WARNING] High memory usage: 77.2% of heap used
[2025-07-29T02:43:37.088Z] [INFO] 
📋 [2/3] Starting script: Attrition Score Calculation {
  "script": "attrition_score.py",
  "args": "",
  "timeout": "3600s",
  "maxRetries": 2,
  "retryDelay": "15000ms"
}
[2025-07-29T02:43:37.090Z] [DEBUG] Executing script: attrition_score.py {
  "args": [],
  "pid": 46676,
  "cwd": "/Users/sim/selora-clean",
  "pythonPath": "python3",
  "timeout": 3600000,
  "maxRetries": 2
}
[2025-07-29T02:43:37.157Z] [WARN] Script attempt 1 failed, will retry: attrition_score.py {
  "script": "attrition_score.py",
  "duration": "68ms",
  "exitCode": 1,
  "signal": null,
  "attempt": 1,
  "maxAttempts": 3,
  "error": "Command failed: \"python3\" \"/Users/sim/selora-clean/attrition_score.py\"\nTraceback (most recent call last):\n  File \u001b[35m\"/Users/sim/selora-clean/attrition_score.py\"\u001b[0m, line \u001b[35m6\u001b[0m, in \u001b[35m<module>\u001b[0m\n    import numpy as np\n\u001b[1;35mModuleNotFoundError\u001b[0m: \u001b[35mNo module named 'numpy'\u001b[0m\n"
}
[2025-07-29T02:43:37.157Z] [WARN] Retry attempt 2 of 2 after 15000ms... {
  "script": "attrition_score.py",
  "previousError": "Command failed: \"python3\" \"/Users/sim/selora-clean/attrition_score.py\"\nTraceback (most recent call last):\n  File \u001b[35m\"/Users/sim/selora-clean/attrition_score.py\"\u001b[0m, line \u001b[35m6\u001b[0m, in \u001b[35m<module>\u001b[0m\n    import numpy as np\n\u001b[1;35mModuleNotFoundError\u001b[0m: \u001b[35mNo module named 'numpy'\u001b[0m\n"
}
[2025-07-29T02:43:52.249Z] [WARN] Script attempt 2 failed, will retry: attrition_score.py {
  "script": "attrition_score.py",
  "duration": "15160ms",
  "exitCode": 1,
  "signal": null,
  "attempt": 2,
  "maxAttempts": 3,
  "error": "Command failed: \"python3\" \"/Users/sim/selora-clean/attrition_score.py\"\nTraceback (most recent call last):\n  File \u001b[35m\"/Users/sim/selora-clean/attrition_score.py\"\u001b[0m, line \u001b[35m6\u001b[0m, in \u001b[35m<module>\u001b[0m\n    import numpy as np\n\u001b[1;35mModuleNotFoundError\u001b[0m: \u001b[35mNo module named 'numpy'\u001b[0m\n"
}
[2025-07-29T02:43:52.249Z] [WARN] Retry attempt 3 of 2 after 15000ms... {
  "script": "attrition_score.py",
  "previousError": "Command failed: \"python3\" \"/Users/sim/selora-clean/attrition_score.py\"\nTraceback (most recent call last):\n  File \u001b[35m\"/Users/sim/selora-clean/attrition_score.py\"\u001b[0m, line \u001b[35m6\u001b[0m, in \u001b[35m<module>\u001b[0m\n    import numpy as np\n\u001b[1;35mModuleNotFoundError\u001b[0m: \u001b[35mNo module named 'numpy'\u001b[0m\n"
}
[2025-07-29T02:44:07.328Z] [ERROR] Script failed after 3 attempts: attrition_score.py {
  "script": "attrition_score.py",
  "duration": "30239ms",
  "exitCode": 1,
  "signal": null,
  "attempt": 3,
  "maxAttempts": 3,
  "error": "Command failed: \"python3\" \"/Users/sim/selora-clean/attrition_score.py\"\nTraceback (most recent call last):\n  File \u001b[35m\"/Users/sim/selora-clean/attrition_score.py\"\u001b[0m, line \u001b[35m6\u001b[0m, in \u001b[35m<module>\u001b[0m\n    import numpy as np\n\u001b[1;35mModuleNotFoundError\u001b[0m: \u001b[35mNo module named 'numpy'\u001b[0m\n"
}
[2025-07-29T02:44:07.329Z] [INFO] [RESOURCE] Memory: 4.39MB used, 5.31MB total, 36.00MB RSS | Load: 3.21, 4.55, 4.11
[2025-07-29T02:44:07.329Z] [WARN] [WARNING] High memory usage: 82.6% of heap used
[2025-07-29T02:44:07.329Z] [ERROR] [attrition_score.py STDERR] Traceback (most recent call last):
  File [35m"/Users/sim/selora-clean/attrition_score.py"[0m, line [35m6[0m, in [35m<module>[0m
    import numpy as np
[1;35mModuleNotFoundError[0m: [35mNo module named 'numpy'[0m

[2025-07-29T02:44:07.329Z] [ERROR] ❌ [2/3] Attrition Score Calculation failed after 30.2s (attempt 1) {
  "script": "attrition_score.py",
  "duration": "30241ms",
  "attempts": 1,
  "startTime": "2025-07-29T02:43:37.089Z",
  "endTime": "2025-07-29T02:44:07.329Z"
}
[2025-07-29T02:44:07.329Z] [ERROR] 💥 Script failed: attrition_score.py (attempt 1/3) {
  "duration": "30241ms",
  "error": "Script failed after 3 attempts: Command failed: \"python3\" \"/Users/sim/selora-clean/attrition_score.py\"\nTraceback (most recent call last):\n  File \u001b[35m\"/Users/sim/selora-clean/attrition_score.py\"\u001b[0m, line \u001b[35m6\u001b[0m, in \u001b[35m<module>\u001b[0m\n    import numpy as np\n\u001b[1;35mModuleNotFoundError\u001b[0m: \u001b[35mNo module named 'numpy'\u001b[0m\n",
  "code": "N/A",
  "signal": "N/A"
}
[2025-07-29T02:44:07.329Z] [INFO] ⏳ Waiting 5s before next script...
[2025-07-29T02:44:12.330Z] [INFO] [RESOURCE] Memory: 4.43MB used, 5.31MB total, 36.06MB RSS | Load: 3.27, 4.54, 4.11
[2025-07-29T02:44:12.331Z] [WARN] [WARNING] High memory usage: 83.3% of heap used
[2025-07-29T02:44:12.331Z] [INFO] 
📋 [3/3] Starting script: Successor Identification {
  "script": "successor_identification.py",
  "args": "--refresh --batch-size=10",
  "timeout": "2700s",
  "maxRetries": 1,
  "retryDelay": "20000ms"
}
[2025-07-29T02:44:12.331Z] [DEBUG] Executing script: successor_identification.py {
  "args": [
    "--refresh",
    "--batch-size=10"
  ],
  "pid": 46676,
  "cwd": "/Users/sim/selora-clean",
  "pythonPath": "python3",
  "timeout": 2700000,
  "maxRetries": 1
}
[2025-07-29T02:44:12.371Z] [WARN] Script attempt 1 failed, will retry: successor_identification.py {
  "script": "successor_identification.py",
  "duration": "40ms",
  "exitCode": 1,
  "signal": null,
  "attempt": 1,
  "maxAttempts": 2,
  "error": "Command failed: \"python3\" \"/Users/sim/selora-clean/successor_identification.py\" \"--refresh\" \"--batch-size=10\"\nTraceback (most recent call last):\n  File \u001b[35m\"/Users/sim/selora-clean/successor_identification.py\"\u001b[0m, line \u001b[35m6\u001b[0m, in \u001b[35m<module>\u001b[0m\n    import numpy as np\n\u001b[1;35mModuleNotFoundError\u001b[0m: \u001b[35mNo module named 'numpy'\u001b[0m\n"
}
[2025-07-29T02:44:12.371Z] [WARN] Retry attempt 2 of 1 after 20000ms... {
  "script": "successor_identification.py",
  "previousError": "Command failed: \"python3\" \"/Users/sim/selora-clean/successor_identification.py\" \"--refresh\" \"--batch-size=10\"\nTraceback (most recent call last):\n  File \u001b[35m\"/Users/sim/selora-clean/successor_identification.py\"\u001b[0m, line \u001b[35m6\u001b[0m, in \u001b[35m<module>\u001b[0m\n    import numpy as np\n\u001b[1;35mModuleNotFoundError\u001b[0m: \u001b[35mNo module named 'numpy'\u001b[0m\n"
}
[2025-07-29T02:44:32.467Z] [ERROR] Script failed after 2 attempts: successor_identification.py {
  "script": "successor_identification.py",
  "duration": "20136ms",
  "exitCode": 1,
  "signal": null,
  "attempt": 2,
  "maxAttempts": 2,
  "error": "Command failed: \"python3\" \"/Users/sim/selora-clean/successor_identification.py\" \"--refresh\" \"--batch-size=10\"\nTraceback (most recent call last):\n  File \u001b[35m\"/Users/sim/selora-clean/successor_identification.py\"\u001b[0m, line \u001b[35m6\u001b[0m, in \u001b[35m<module>\u001b[0m\n    import numpy as np\n\u001b[1;35mModuleNotFoundError\u001b[0m: \u001b[35mNo module named 'numpy'\u001b[0m\n"
}
[2025-07-29T02:44:32.468Z] [ERROR] [successor_identification.py STDERR] Traceback (most recent call last):
  File [35m"/Users/sim/selora-clean/successor_identification.py"[0m, line [35m6[0m, in [35m<module>[0m
    import numpy as np
[1;35mModuleNotFoundError[0m: [35mNo module named 'numpy'[0m

[2025-07-29T02:44:32.468Z] [ERROR] ❌ [3/3] Successor Identification failed after 20.1s (attempt 1) {
  "script": "successor_identification.py",
  "duration": "20137ms",
  "attempts": 1,
  "startTime": "2025-07-29T02:44:12.331Z",
  "endTime": "2025-07-29T02:44:32.468Z"
}
[2025-07-29T02:44:32.468Z] [ERROR] 💥 Script failed: successor_identification.py (attempt 1/2) {
  "duration": "20137ms",
  "error": "Script failed after 2 attempts: Command failed: \"python3\" \"/Users/sim/selora-clean/successor_identification.py\" \"--refresh\" \"--batch-size=10\"\nTraceback (most recent call last):\n  File \u001b[35m\"/Users/sim/selora-clean/successor_identification.py\"\u001b[0m, line \u001b[35m6\u001b[0m, in \u001b[35m<module>\u001b[0m\n    import numpy as np\n\u001b[1;35mModuleNotFoundError\u001b[0m: \u001b[35mNo module named 'numpy'\u001b[0m\n",
  "code": "N/A",
  "signal": "N/A"
}
[2025-07-29T02:44:32.468Z] [INFO] ⏳ Waiting 5s before next script...
[2025-07-29T02:44:37.469Z] [INFO] [RESOURCE] Memory: 4.65MB used, 5.31MB total, 33.42MB RSS | Load: 5.37, 5.00, 4.29
[2025-07-29T02:44:37.470Z] [WARN] [WARNING] High memory usage: 87.5% of heap used
[2025-07-29T02:44:37.470Z] [INFO] 
📊 ====== DATA UPDATE SUMMARY ======
[2025-07-29T02:44:37.470Z] [INFO] 📅 Started: 2025-07-29T02:43:11.891Z
[2025-07-29T02:44:37.471Z] [INFO] 🏁 Finished: 2025-07-29T02:44:37.470Z
[2025-07-29T02:44:37.471Z] [INFO] ⏱️  Total Duration: 1.4 minutes
[2025-07-29T02:44:37.471Z] [INFO] 📋 Scripts: 3 total, 0 successful, 3 failed
[2025-07-29T02:44:37.471Z] [INFO] 📈 Success Rate: 0.0%
[2025-07-29T02:44:37.471Z] [INFO] 
📋 SCRIPT EXECUTION STATUS:
[2025-07-29T02:44:37.476Z] [INFO] 
💾 SYSTEM RESOURCE USAGE:
[2025-07-29T02:44:37.476Z] [INFO] Memory: 4.75MB used / 5.31MB total
[2025-07-29T02:44:37.476Z] [INFO] RSS: 34.63MB
[2025-07-29T02:44:37.477Z] [INFO] Load: 5.37, 5.00, 4.29
[2025-07-29T02:44:37.477Z] [WARN] 
⚠️  COMPLETED WITH 3 OF 3 SCRIPTS FAILING
[2025-07-29T02:44:37.477Z] [INFO] [RESOURCE] Memory: 4.77MB used, 5.31MB total, 34.86MB RSS | Load: 5.37, 5.00, 4.29
[2025-07-29T02:44:37.477Z] [WARN] [WARNING] High memory usage: 89.8% of heap used
[2025-07-29T02:44:37.478Z] [WARN] Initial update completed with 3 failures
[2025-07-29T02:44:37.478Z] [INFO] Initial update completed. Next update in 1440 minutes.
[2025-07-29T03:26:31.125Z] [INFO] 🚀 Starting data update daemon... {
  "nodeVersion": "v20.19.3",
  "platform": "darwin",
  "arch": "arm64",
  "pid": 55828,
  "cwd": "/Users/sim/selora-clean",
  "system": {
    "cpus": 8,
    "memory": {
      "total": "16.00 GB",
      "free": "1.43 GB",
      "usage": "91.04%"
    },
    "load": [
      1.52587890625,
      1.63232421875,
      1.77294921875
    ]
  },
  "env": "production"
}
[2025-07-29T03:26:31.126Z] [INFO] [RESOURCE] Memory: 4.25MB used, 4.56MB total, 38.45MB RSS | Load: 1.53, 1.63, 1.77
[2025-07-29T03:26:31.126Z] [WARN] [WARNING] High memory usage: 93.3% of heap used
[2025-07-29T03:26:31.126Z] [WARN] [WARNING] Critical memory usage - consider increasing Node.js memory limit
[2025-07-29T03:26:31.126Z] [INFO] Performing initial data update...
[2025-07-29T03:26:31.127Z] [INFO] 🚀 Starting scheduled data updates... {
  "system": {
    "platform": "darwin",
    "arch": "arm64",
    "node": "v20.19.3",
    "pid": 55828,
    "cpus": 8,
    "memory": {
      "total": "16.00 GB",
      "free": "1.43 GB",
      "usage": "91.06%"
    }
  },
  "totalScripts": 3,
  "logLevel": "INFO"
}
[2025-07-29T03:26:31.127Z] [INFO] 
📋 [1/3] Starting script: Employee Utilization Analysis {
  "script": "employee_utilization_analyzer.py",
  "args": "",
  "timeout": "1800s",
  "maxRetries": 2,
  "retryDelay": "10000ms"
}
[2025-07-29T03:26:31.127Z] [DEBUG] Executing script: employee_utilization_analyzer.py {
  "args": [],
  "pid": 55828,
  "cwd": "/Users/sim/selora-clean",
  "pythonPath": "python3",
  "timeout": 1800000,
  "maxRetries": 2
}
[2025-07-29T03:26:31.177Z] [WARN] Script attempt 1 failed, will retry: employee_utilization_analyzer.py {
  "script": "employee_utilization_analyzer.py",
  "duration": "50ms",
  "exitCode": 1,
  "signal": null,
  "attempt": 1,
  "maxAttempts": 3,
  "error": "Command failed: \"python3\" \"/Users/sim/selora-clean/employee_utilization_analyzer.py\"\nTraceback (most recent call last):\n  File \u001b[35m\"/Users/sim/selora-clean/employee_utilization_analyzer.py\"\u001b[0m, line \u001b[35m5\u001b[0m, in \u001b[35m<module>\u001b[0m\n    from pymongo import MongoClient, UpdateOne\n\u001b[1;35mModuleNotFoundError\u001b[0m: \u001b[35mNo module named 'pymongo'\u001b[0m\n"
}
[2025-07-29T03:26:31.177Z] [WARN] Retry attempt 2 of 2 after 10000ms... {
  "script": "employee_utilization_analyzer.py",
  "previousError": "Command failed: \"python3\" \"/Users/sim/selora-clean/employee_utilization_analyzer.py\"\nTraceback (most recent call last):\n  File \u001b[35m\"/Users/sim/selora-clean/employee_utilization_analyzer.py\"\u001b[0m, line \u001b[35m5\u001b[0m, in \u001b[35m<module>\u001b[0m\n    from pymongo import MongoClient, UpdateOne\n\u001b[1;35mModuleNotFoundError\u001b[0m: \u001b[35mNo module named 'pymongo'\u001b[0m\n"
}
[2025-07-29T03:26:41.240Z] [WARN] Script attempt 2 failed, will retry: employee_utilization_analyzer.py {
  "script": "employee_utilization_analyzer.py",
  "duration": "10113ms",
  "exitCode": 1,
  "signal": null,
  "attempt": 2,
  "maxAttempts": 3,
  "error": "Command failed: \"python3\" \"/Users/sim/selora-clean/employee_utilization_analyzer.py\"\nTraceback (most recent call last):\n  File \u001b[35m\"/Users/sim/selora-clean/employee_utilization_analyzer.py\"\u001b[0m, line \u001b[35m5\u001b[0m, in \u001b[35m<module>\u001b[0m\n    from pymongo import MongoClient, UpdateOne\n\u001b[1;35mModuleNotFoundError\u001b[0m: \u001b[35mNo module named 'pymongo'\u001b[0m\n"
}
[2025-07-29T03:26:41.240Z] [WARN] Retry attempt 3 of 2 after 10000ms... {
  "script": "employee_utilization_analyzer.py",
  "previousError": "Command failed: \"python3\" \"/Users/sim/selora-clean/employee_utilization_analyzer.py\"\nTraceback (most recent call last):\n  File \u001b[35m\"/Users/sim/selora-clean/employee_utilization_analyzer.py\"\u001b[0m, line \u001b[35m5\u001b[0m, in \u001b[35m<module>\u001b[0m\n    from pymongo import MongoClient, UpdateOne\n\u001b[1;35mModuleNotFoundError\u001b[0m: \u001b[35mNo module named 'pymongo'\u001b[0m\n"
}
[2025-07-29T03:26:51.314Z] [ERROR] Script failed after 3 attempts: employee_utilization_analyzer.py {
  "script": "employee_utilization_analyzer.py",
  "duration": "20187ms",
  "exitCode": 1,
  "signal": null,
  "attempt": 3,
  "maxAttempts": 3,
  "error": "Command failed: \"python3\" \"/Users/sim/selora-clean/employee_utilization_analyzer.py\"\nTraceback (most recent call last):\n  File \u001b[35m\"/Users/sim/selora-clean/employee_utilization_analyzer.py\"\u001b[0m, line \u001b[35m5\u001b[0m, in \u001b[35m<module>\u001b[0m\n    from pymongo import MongoClient, UpdateOne\n\u001b[1;35mModuleNotFoundError\u001b[0m: \u001b[35mNo module named 'pymongo'\u001b[0m\n"
}
[2025-07-29T03:26:51.315Z] [ERROR] [employee_utilization_analyzer.py STDERR] Traceback (most recent call last):
  File [35m"/Users/sim/selora-clean/employee_utilization_analyzer.py"[0m, line [35m5[0m, in [35m<module>[0m
    from pymongo import MongoClient, UpdateOne
[1;35mModuleNotFoundError[0m: [35mNo module named 'pymongo'[0m

[2025-07-29T03:26:51.315Z] [ERROR] ❌ [1/3] Employee Utilization Analysis failed after 20.2s (attempt 1) {
  "script": "employee_utilization_analyzer.py",
  "duration": "20188ms",
  "attempts": 1,
  "startTime": "2025-07-29T03:26:31.127Z",
  "endTime": "2025-07-29T03:26:51.315Z"
}
[2025-07-29T03:26:51.315Z] [ERROR] 💥 Script failed: employee_utilization_analyzer.py (attempt 1/3) {
  "duration": "20188ms",
  "error": "Script failed after 3 attempts: Command failed: \"python3\" \"/Users/sim/selora-clean/employee_utilization_analyzer.py\"\nTraceback (most recent call last):\n  File \u001b[35m\"/Users/sim/selora-clean/employee_utilization_analyzer.py\"\u001b[0m, line \u001b[35m5\u001b[0m, in \u001b[35m<module>\u001b[0m\n    from pymongo import MongoClient, UpdateOne\n\u001b[1;35mModuleNotFoundError\u001b[0m: \u001b[35mNo module named 'pymongo'\u001b[0m\n",
  "code": "N/A",
  "signal": "N/A"
}
[2025-07-29T03:26:51.315Z] [INFO] ⏳ Waiting 5s before next script...
[2025-07-29T03:26:56.317Z] [INFO] [RESOURCE] Memory: 3.86MB used, 4.81MB total, 35.58MB RSS | Load: 1.80, 1.69, 1.79
[2025-07-29T03:26:56.317Z] [WARN] [WARNING] High memory usage: 80.2% of heap used
[2025-07-29T03:26:56.318Z] [INFO] 
📋 [2/3] Starting script: Attrition Score Calculation {
  "script": "attrition_score.py",
  "args": "",
  "timeout": "3600s",
  "maxRetries": 2,
  "retryDelay": "15000ms"
}
[2025-07-29T03:26:56.318Z] [DEBUG] Executing script: attrition_score.py {
  "args": [],
  "pid": 55828,
  "cwd": "/Users/sim/selora-clean",
  "pythonPath": "python3",
  "timeout": 3600000,
  "maxRetries": 2
}
[2025-07-29T03:26:56.388Z] [WARN] Script attempt 1 failed, will retry: attrition_score.py {
  "script": "attrition_score.py",
  "duration": "70ms",
  "exitCode": 1,
  "signal": null,
  "attempt": 1,
  "maxAttempts": 3,
  "error": "Command failed: \"python3\" \"/Users/sim/selora-clean/attrition_score.py\"\nTraceback (most recent call last):\n  File \u001b[35m\"/Users/sim/selora-clean/attrition_score.py\"\u001b[0m, line \u001b[35m6\u001b[0m, in \u001b[35m<module>\u001b[0m\n    import numpy as np\n\u001b[1;35mModuleNotFoundError\u001b[0m: \u001b[35mNo module named 'numpy'\u001b[0m\n"
}
[2025-07-29T03:26:56.388Z] [WARN] Retry attempt 2 of 2 after 15000ms... {
  "script": "attrition_score.py",
  "previousError": "Command failed: \"python3\" \"/Users/sim/selora-clean/attrition_score.py\"\nTraceback (most recent call last):\n  File \u001b[35m\"/Users/sim/selora-clean/attrition_score.py\"\u001b[0m, line \u001b[35m6\u001b[0m, in \u001b[35m<module>\u001b[0m\n    import numpy as np\n\u001b[1;35mModuleNotFoundError\u001b[0m: \u001b[35mNo module named 'numpy'\u001b[0m\n"
}
[2025-07-29T03:27:11.480Z] [WARN] Script attempt 2 failed, will retry: attrition_score.py {
  "script": "attrition_score.py",
  "duration": "15162ms",
  "exitCode": 1,
  "signal": null,
  "attempt": 2,
  "maxAttempts": 3,
  "error": "Command failed: \"python3\" \"/Users/sim/selora-clean/attrition_score.py\"\nTraceback (most recent call last):\n  File \u001b[35m\"/Users/sim/selora-clean/attrition_score.py\"\u001b[0m, line \u001b[35m6\u001b[0m, in \u001b[35m<module>\u001b[0m\n    import numpy as np\n\u001b[1;35mModuleNotFoundError\u001b[0m: \u001b[35mNo module named 'numpy'\u001b[0m\n"
}
[2025-07-29T03:27:11.480Z] [WARN] Retry attempt 3 of 2 after 15000ms... {
  "script": "attrition_score.py",
  "previousError": "Command failed: \"python3\" \"/Users/sim/selora-clean/attrition_score.py\"\nTraceback (most recent call last):\n  File \u001b[35m\"/Users/sim/selora-clean/attrition_score.py\"\u001b[0m, line \u001b[35m6\u001b[0m, in \u001b[35m<module>\u001b[0m\n    import numpy as np\n\u001b[1;35mModuleNotFoundError\u001b[0m: \u001b[35mNo module named 'numpy'\u001b[0m\n"
}
[2025-07-29T03:27:26.564Z] [ERROR] Script failed after 3 attempts: attrition_score.py {
  "script": "attrition_score.py",
  "duration": "30246ms",
  "exitCode": 1,
  "signal": null,
  "attempt": 3,
  "maxAttempts": 3,
  "error": "Command failed: \"python3\" \"/Users/sim/selora-clean/attrition_score.py\"\nTraceback (most recent call last):\n  File \u001b[35m\"/Users/sim/selora-clean/attrition_score.py\"\u001b[0m, line \u001b[35m6\u001b[0m, in \u001b[35m<module>\u001b[0m\n    import numpy as np\n\u001b[1;35mModuleNotFoundError\u001b[0m: \u001b[35mNo module named 'numpy'\u001b[0m\n"
}
[2025-07-29T03:27:26.565Z] [INFO] [RESOURCE] Memory: 4.34MB used, 5.06MB total, 33.75MB RSS | Load: 1.95, 1.74, 1.80
[2025-07-29T03:27:26.565Z] [WARN] [WARNING] High memory usage: 85.7% of heap used
[2025-07-29T03:27:26.565Z] [ERROR] [attrition_score.py STDERR] Traceback (most recent call last):
  File [35m"/Users/sim/selora-clean/attrition_score.py"[0m, line [35m6[0m, in [35m<module>[0m
    import numpy as np
[1;35mModuleNotFoundError[0m: [35mNo module named 'numpy'[0m

[2025-07-29T03:27:26.565Z] [ERROR] ❌ [2/3] Attrition Score Calculation failed after 30.2s (attempt 1) {
  "script": "attrition_score.py",
  "duration": "30247ms",
  "attempts": 1,
  "startTime": "2025-07-29T03:26:56.318Z",
  "endTime": "2025-07-29T03:27:26.565Z"
}
[2025-07-29T03:27:26.565Z] [ERROR] 💥 Script failed: attrition_score.py (attempt 1/3) {
  "duration": "30247ms",
  "error": "Script failed after 3 attempts: Command failed: \"python3\" \"/Users/sim/selora-clean/attrition_score.py\"\nTraceback (most recent call last):\n  File \u001b[35m\"/Users/sim/selora-clean/attrition_score.py\"\u001b[0m, line \u001b[35m6\u001b[0m, in \u001b[35m<module>\u001b[0m\n    import numpy as np\n\u001b[1;35mModuleNotFoundError\u001b[0m: \u001b[35mNo module named 'numpy'\u001b[0m\n",
  "code": "N/A",
  "signal": "N/A"
}
[2025-07-29T03:27:26.565Z] [INFO] ⏳ Waiting 5s before next script...
[2025-07-29T03:27:31.566Z] [INFO] [RESOURCE] Memory: 4.38MB used, 5.06MB total, 33.89MB RSS | Load: 1.87, 1.72, 1.80
[2025-07-29T03:27:31.567Z] [WARN] [WARNING] High memory usage: 86.4% of heap used
[2025-07-29T03:27:31.568Z] [INFO] 
📋 [3/3] Starting script: Successor Identification {
  "script": "successor_identification.py",
  "args": "--refresh --batch-size=10",
  "timeout": "2700s",
  "maxRetries": 1,
  "retryDelay": "20000ms"
}
[2025-07-29T03:27:31.570Z] [DEBUG] Executing script: successor_identification.py {
  "args": [
    "--refresh",
    "--batch-size=10"
  ],
  "pid": 55828,
  "cwd": "/Users/sim/selora-clean",
  "pythonPath": "python3",
  "timeout": 2700000,
  "maxRetries": 1
}
[2025-07-29T03:27:31.635Z] [WARN] Script attempt 1 failed, will retry: successor_identification.py {
  "script": "successor_identification.py",
  "duration": "66ms",
  "exitCode": 1,
  "signal": null,
  "attempt": 1,
  "maxAttempts": 2,
  "error": "Command failed: \"python3\" \"/Users/sim/selora-clean/successor_identification.py\" \"--refresh\" \"--batch-size=10\"\nTraceback (most recent call last):\n  File \u001b[35m\"/Users/sim/selora-clean/successor_identification.py\"\u001b[0m, line \u001b[35m6\u001b[0m, in \u001b[35m<module>\u001b[0m\n    import numpy as np\n\u001b[1;35mModuleNotFoundError\u001b[0m: \u001b[35mNo module named 'numpy'\u001b[0m\n"
}
[2025-07-29T03:27:31.635Z] [WARN] Retry attempt 2 of 1 after 20000ms... {
  "script": "successor_identification.py",
  "previousError": "Command failed: \"python3\" \"/Users/sim/selora-clean/successor_identification.py\" \"--refresh\" \"--batch-size=10\"\nTraceback (most recent call last):\n  File \u001b[35m\"/Users/sim/selora-clean/successor_identification.py\"\u001b[0m, line \u001b[35m6\u001b[0m, in \u001b[35m<module>\u001b[0m\n    import numpy as np\n\u001b[1;35mModuleNotFoundError\u001b[0m: \u001b[35mNo module named 'numpy'\u001b[0m\n"
}
[2025-07-29T03:27:51.733Z] [ERROR] Script failed after 2 attempts: successor_identification.py {
  "script": "successor_identification.py",
  "duration": "20164ms",
  "exitCode": 1,
  "signal": null,
  "attempt": 2,
  "maxAttempts": 2,
  "error": "Command failed: \"python3\" \"/Users/sim/selora-clean/successor_identification.py\" \"--refresh\" \"--batch-size=10\"\nTraceback (most recent call last):\n  File \u001b[35m\"/Users/sim/selora-clean/successor_identification.py\"\u001b[0m, line \u001b[35m6\u001b[0m, in \u001b[35m<module>\u001b[0m\n    import numpy as np\n\u001b[1;35mModuleNotFoundError\u001b[0m: \u001b[35mNo module named 'numpy'\u001b[0m\n"
}
[2025-07-29T03:27:51.734Z] [ERROR] [successor_identification.py STDERR] Traceback (most recent call last):
  File [35m"/Users/sim/selora-clean/successor_identification.py"[0m, line [35m6[0m, in [35m<module>[0m
    import numpy as np
[1;35mModuleNotFoundError[0m: [35mNo module named 'numpy'[0m

[2025-07-29T03:27:51.734Z] [ERROR] ❌ [3/3] Successor Identification failed after 20.2s (attempt 1) {
  "script": "successor_identification.py",
  "duration": "20166ms",
  "attempts": 1,
  "startTime": "2025-07-29T03:27:31.569Z",
  "endTime": "2025-07-29T03:27:51.734Z"
}
[2025-07-29T03:27:51.734Z] [ERROR] 💥 Script failed: successor_identification.py (attempt 1/2) {
  "duration": "20166ms",
  "error": "Script failed after 2 attempts: Command failed: \"python3\" \"/Users/sim/selora-clean/successor_identification.py\" \"--refresh\" \"--batch-size=10\"\nTraceback (most recent call last):\n  File \u001b[35m\"/Users/sim/selora-clean/successor_identification.py\"\u001b[0m, line \u001b[35m6\u001b[0m, in \u001b[35m<module>\u001b[0m\n    import numpy as np\n\u001b[1;35mModuleNotFoundError\u001b[0m: \u001b[35mNo module named 'numpy'\u001b[0m\n",
  "code": "N/A",
  "signal": "N/A"
}
[2025-07-29T03:27:51.734Z] [INFO] ⏳ Waiting 5s before next script...
[2025-07-29T03:27:56.735Z] [INFO] [RESOURCE] Memory: 4.60MB used, 5.06MB total, 34.72MB RSS | Load: 1.92, 1.75, 1.80
[2025-07-29T03:27:56.736Z] [WARN] [WARNING] High memory usage: 90.8% of heap used
[2025-07-29T03:27:56.737Z] [WARN] [WARNING] Critical memory usage - consider increasing Node.js memory limit
[2025-07-29T03:27:56.738Z] [INFO] 
📊 ====== DATA UPDATE SUMMARY ======
[2025-07-29T03:27:56.738Z] [INFO] 📅 Started: 2025-07-29T03:26:31.127Z
[2025-07-29T03:27:56.739Z] [INFO] 🏁 Finished: 2025-07-29T03:27:56.737Z
[2025-07-29T03:27:56.739Z] [INFO] ⏱️  Total Duration: 1.4 minutes
[2025-07-29T03:27:56.740Z] [INFO] 📋 Scripts: 3 total, 0 successful, 3 failed
[2025-07-29T03:27:56.740Z] [INFO] 📈 Success Rate: 0.0%
[2025-07-29T03:27:56.740Z] [INFO] 
📋 SCRIPT EXECUTION STATUS:
[2025-07-29T03:27:56.748Z] [INFO] 
💾 SYSTEM RESOURCE USAGE:
[2025-07-29T03:27:56.748Z] [INFO] Memory: 4.70MB used / 5.06MB total
[2025-07-29T03:27:56.749Z] [INFO] RSS: 35.73MB
[2025-07-29T03:27:56.749Z] [INFO] Load: 1.92, 1.75, 1.80
[2025-07-29T03:27:56.750Z] [WARN] 
⚠️  COMPLETED WITH 3 OF 3 SCRIPTS FAILING
[2025-07-29T03:27:56.750Z] [INFO] [RESOURCE] Memory: 4.72MB used, 5.06MB total, 35.83MB RSS | Load: 1.92, 1.75, 1.80
[2025-07-29T03:27:56.751Z] [WARN] [WARNING] High memory usage: 93.3% of heap used
[2025-07-29T03:27:56.752Z] [WARN] [WARNING] Critical memory usage - consider increasing Node.js memory limit
[2025-07-29T03:27:56.752Z] [WARN] Initial update completed with 3 failures
[2025-07-29T03:27:56.752Z] [INFO] Initial update completed. Next update in 1440 minutes.
[2025-07-29T23:47:28.852Z] [INFO] 🚀 Starting data update daemon... {
  "nodeVersion": "v20.19.3",
  "platform": "darwin",
  "arch": "arm64",
  "pid": 73460,
  "cwd": "/Users/sim/selora-clean",
  "system": {
    "cpus": 8,
    "memory": {
      "total": "16.00 GB",
      "free": "0.08 GB",
      "usage": "99.49%"
    },
    "load": [
      3.29638671875,
      2.54150390625,
      3.3076171875
    ]
  },
  "env": "production"
}
[2025-07-29T23:47:28.853Z] [INFO] [RESOURCE] Memory: 4.25MB used, 4.56MB total, 38.52MB RSS | Load: 3.30, 2.54, 3.31
[2025-07-29T23:47:28.854Z] [WARN] [WARNING] High memory usage: 93.3% of heap used
[2025-07-29T23:47:28.854Z] [WARN] [WARNING] Critical memory usage - consider increasing Node.js memory limit
[2025-07-29T23:47:28.854Z] [INFO] Performing initial data update...
[2025-07-29T23:47:28.854Z] [INFO] 🚀 Starting scheduled data updates... {
  "system": {
    "platform": "darwin",
    "arch": "arm64",
    "node": "v20.19.3",
    "pid": 73460,
    "cpus": 8,
    "memory": {
      "total": "16.00 GB",
      "free": "0.08 GB",
      "usage": "99.48%"
    }
  },
  "totalScripts": 3,
  "logLevel": "INFO"
}
[2025-07-29T23:47:28.855Z] [INFO] 
📋 [1/3] Starting script: Employee Utilization Analysis {
  "script": "employee_utilization_analyzer.py",
  "args": "",
  "timeout": "1800s",
  "maxRetries": 2,
  "retryDelay": "10000ms"
}
[2025-07-29T23:47:28.855Z] [DEBUG] Executing script: employee_utilization_analyzer.py {
  "args": [],
  "pid": 73460,
  "cwd": "/Users/sim/selora-clean",
  "pythonPath": "python3",
  "timeout": 1800000,
  "maxRetries": 2
}
[2025-07-29T23:47:28.911Z] [WARN] Script attempt 1 failed, will retry: employee_utilization_analyzer.py {
  "script": "employee_utilization_analyzer.py",
  "duration": "56ms",
  "exitCode": 1,
  "signal": null,
  "attempt": 1,
  "maxAttempts": 3,
  "error": "Command failed: \"python3\" \"/Users/sim/selora-clean/employee_utilization_analyzer.py\"\nTraceback (most recent call last):\n  File \u001b[35m\"/Users/sim/selora-clean/employee_utilization_analyzer.py\"\u001b[0m, line \u001b[35m5\u001b[0m, in \u001b[35m<module>\u001b[0m\n    from pymongo import MongoClient, UpdateOne\n\u001b[1;35mModuleNotFoundError\u001b[0m: \u001b[35mNo module named 'pymongo'\u001b[0m\n"
}
[2025-07-29T23:47:28.911Z] [WARN] Retry attempt 2 of 2 after 10000ms... {
  "script": "employee_utilization_analyzer.py",
  "previousError": "Command failed: \"python3\" \"/Users/sim/selora-clean/employee_utilization_analyzer.py\"\nTraceback (most recent call last):\n  File \u001b[35m\"/Users/sim/selora-clean/employee_utilization_analyzer.py\"\u001b[0m, line \u001b[35m5\u001b[0m, in \u001b[35m<module>\u001b[0m\n    from pymongo import MongoClient, UpdateOne\n\u001b[1;35mModuleNotFoundError\u001b[0m: \u001b[35mNo module named 'pymongo'\u001b[0m\n"
}
[2025-07-29T23:47:38.987Z] [WARN] Script attempt 2 failed, will retry: employee_utilization_analyzer.py {
  "script": "employee_utilization_analyzer.py",
  "duration": "10132ms",
  "exitCode": 1,
  "signal": null,
  "attempt": 2,
  "maxAttempts": 3,
  "error": "Command failed: \"python3\" \"/Users/sim/selora-clean/employee_utilization_analyzer.py\"\nTraceback (most recent call last):\n  File \u001b[35m\"/Users/sim/selora-clean/employee_utilization_analyzer.py\"\u001b[0m, line \u001b[35m5\u001b[0m, in \u001b[35m<module>\u001b[0m\n    from pymongo import MongoClient, UpdateOne\n\u001b[1;35mModuleNotFoundError\u001b[0m: \u001b[35mNo module named 'pymongo'\u001b[0m\n"
}
[2025-07-29T23:47:38.988Z] [WARN] Retry attempt 3 of 2 after 10000ms... {
  "script": "employee_utilization_analyzer.py",
  "previousError": "Command failed: \"python3\" \"/Users/sim/selora-clean/employee_utilization_analyzer.py\"\nTraceback (most recent call last):\n  File \u001b[35m\"/Users/sim/selora-clean/employee_utilization_analyzer.py\"\u001b[0m, line \u001b[35m5\u001b[0m, in \u001b[35m<module>\u001b[0m\n    from pymongo import MongoClient, UpdateOne\n\u001b[1;35mModuleNotFoundError\u001b[0m: \u001b[35mNo module named 'pymongo'\u001b[0m\n"
}
[2025-07-29T23:47:49.068Z] [ERROR] Script failed after 3 attempts: employee_utilization_analyzer.py {
  "script": "employee_utilization_analyzer.py",
  "duration": "20213ms",
  "exitCode": 1,
  "signal": null,
  "attempt": 3,
  "maxAttempts": 3,
  "error": "Command failed: \"python3\" \"/Users/sim/selora-clean/employee_utilization_analyzer.py\"\nTraceback (most recent call last):\n  File \u001b[35m\"/Users/sim/selora-clean/employee_utilization_analyzer.py\"\u001b[0m, line \u001b[35m5\u001b[0m, in \u001b[35m<module>\u001b[0m\n    from pymongo import MongoClient, UpdateOne\n\u001b[1;35mModuleNotFoundError\u001b[0m: \u001b[35mNo module named 'pymongo'\u001b[0m\n"
}
[2025-07-29T23:47:49.068Z] [ERROR] [employee_utilization_analyzer.py STDERR] Traceback (most recent call last):
  File [35m"/Users/sim/selora-clean/employee_utilization_analyzer.py"[0m, line [35m5[0m, in [35m<module>[0m
    from pymongo import MongoClient, UpdateOne
[1;35mModuleNotFoundError[0m: [35mNo module named 'pymongo'[0m

[2025-07-29T23:47:49.069Z] [ERROR] ❌ [1/3] Employee Utilization Analysis failed after 20.2s (attempt 1) {
  "script": "employee_utilization_analyzer.py",
  "duration": "20213ms",
  "attempts": 1,
  "startTime": "2025-07-29T23:47:28.855Z",
  "endTime": "2025-07-29T23:47:49.068Z"
}
[2025-07-29T23:47:49.069Z] [ERROR] 💥 Script failed: employee_utilization_analyzer.py (attempt 1/3) {
  "duration": "20213ms",
  "error": "Script failed after 3 attempts: Command failed: \"python3\" \"/Users/sim/selora-clean/employee_utilization_analyzer.py\"\nTraceback (most recent call last):\n  File \u001b[35m\"/Users/sim/selora-clean/employee_utilization_analyzer.py\"\u001b[0m, line \u001b[35m5\u001b[0m, in \u001b[35m<module>\u001b[0m\n    from pymongo import MongoClient, UpdateOne\n\u001b[1;35mModuleNotFoundError\u001b[0m: \u001b[35mNo module named 'pymongo'\u001b[0m\n",
  "code": "N/A",
  "signal": "N/A"
}
[2025-07-29T23:47:49.069Z] [INFO] ⏳ Waiting 5s before next script...
[2025-07-29T23:47:54.071Z] [INFO] [RESOURCE] Memory: 3.82MB used, 4.81MB total, 35.77MB RSS | Load: 3.14, 2.57, 3.30
[2025-07-29T23:47:54.072Z] [WARN] [WARNING] High memory usage: 79.4% of heap used
[2025-07-29T23:47:54.072Z] [INFO] 
📋 [2/3] Starting script: Attrition Score Calculation {
  "script": "attrition_score.py",
  "args": "",
  "timeout": "3600s",
  "maxRetries": 2,
  "retryDelay": "15000ms"
}
[2025-07-29T23:47:54.074Z] [DEBUG] Executing script: attrition_score.py {
  "args": [],
  "pid": 73460,
  "cwd": "/Users/sim/selora-clean",
  "pythonPath": "python3",
  "timeout": 3600000,
  "maxRetries": 2
}
[2025-07-29T23:47:54.142Z] [WARN] Script attempt 1 failed, will retry: attrition_score.py {
  "script": "attrition_score.py",
  "duration": "69ms",
  "exitCode": 1,
  "signal": null,
  "attempt": 1,
  "maxAttempts": 3,
  "error": "Command failed: \"python3\" \"/Users/sim/selora-clean/attrition_score.py\"\nTraceback (most recent call last):\n  File \u001b[35m\"/Users/sim/selora-clean/attrition_score.py\"\u001b[0m, line \u001b[35m6\u001b[0m, in \u001b[35m<module>\u001b[0m\n    import numpy as np\n\u001b[1;35mModuleNotFoundError\u001b[0m: \u001b[35mNo module named 'numpy'\u001b[0m\n"
}
[2025-07-29T23:47:54.142Z] [WARN] Retry attempt 2 of 2 after 15000ms... {
  "script": "attrition_score.py",
  "previousError": "Command failed: \"python3\" \"/Users/sim/selora-clean/attrition_score.py\"\nTraceback (most recent call last):\n  File \u001b[35m\"/Users/sim/selora-clean/attrition_score.py\"\u001b[0m, line \u001b[35m6\u001b[0m, in \u001b[35m<module>\u001b[0m\n    import numpy as np\n\u001b[1;35mModuleNotFoundError\u001b[0m: \u001b[35mNo module named 'numpy'\u001b[0m\n"
}
[2025-07-29T23:48:09.241Z] [WARN] Script attempt 2 failed, will retry: attrition_score.py {
  "script": "attrition_score.py",
  "duration": "15168ms",
  "exitCode": 1,
  "signal": null,
  "attempt": 2,
  "maxAttempts": 3,
  "error": "Command failed: \"python3\" \"/Users/sim/selora-clean/attrition_score.py\"\nTraceback (most recent call last):\n  File \u001b[35m\"/Users/sim/selora-clean/attrition_score.py\"\u001b[0m, line \u001b[35m6\u001b[0m, in \u001b[35m<module>\u001b[0m\n    import numpy as np\n\u001b[1;35mModuleNotFoundError\u001b[0m: \u001b[35mNo module named 'numpy'\u001b[0m\n"
}
[2025-07-29T23:48:09.241Z] [WARN] Retry attempt 3 of 2 after 15000ms... {
  "script": "attrition_score.py",
  "previousError": "Command failed: \"python3\" \"/Users/sim/selora-clean/attrition_score.py\"\nTraceback (most recent call last):\n  File \u001b[35m\"/Users/sim/selora-clean/attrition_score.py\"\u001b[0m, line \u001b[35m6\u001b[0m, in \u001b[35m<module>\u001b[0m\n    import numpy as np\n\u001b[1;35mModuleNotFoundError\u001b[0m: \u001b[35mNo module named 'numpy'\u001b[0m\n"
}
[2025-07-29T23:48:24.311Z] [ERROR] Script failed after 3 attempts: attrition_score.py {
  "script": "attrition_score.py",
  "duration": "30238ms",
  "exitCode": 1,
  "signal": null,
  "attempt": 3,
  "maxAttempts": 3,
  "error": "Command failed: \"python3\" \"/Users/sim/selora-clean/attrition_score.py\"\nTraceback (most recent call last):\n  File \u001b[35m\"/Users/sim/selora-clean/attrition_score.py\"\u001b[0m, line \u001b[35m6\u001b[0m, in \u001b[35m<module>\u001b[0m\n    import numpy as np\n\u001b[1;35mModuleNotFoundError\u001b[0m: \u001b[35mNo module named 'numpy'\u001b[0m\n"
}
[2025-07-29T23:48:24.312Z] [INFO] [RESOURCE] Memory: 4.30MB used, 5.06MB total, 33.08MB RSS | Load: 3.91, 2.78, 3.34
[2025-07-29T23:48:24.312Z] [WARN] [WARNING] High memory usage: 85.0% of heap used
[2025-07-29T23:48:24.313Z] [ERROR] [attrition_score.py STDERR] Traceback (most recent call last):
  File [35m"/Users/sim/selora-clean/attrition_score.py"[0m, line [35m6[0m, in [35m<module>[0m
    import numpy as np
[1;35mModuleNotFoundError[0m: [35mNo module named 'numpy'[0m

[2025-07-29T23:48:24.313Z] [ERROR] ❌ [2/3] Attrition Score Calculation failed after 30.2s (attempt 1) {
  "script": "attrition_score.py",
  "duration": "30241ms",
  "attempts": 1,
  "startTime": "2025-07-29T23:47:54.073Z",
  "endTime": "2025-07-29T23:48:24.313Z"
}
[2025-07-29T23:48:24.313Z] [ERROR] 💥 Script failed: attrition_score.py (attempt 1/3) {
  "duration": "30241ms",
  "error": "Script failed after 3 attempts: Command failed: \"python3\" \"/Users/sim/selora-clean/attrition_score.py\"\nTraceback (most recent call last):\n  File \u001b[35m\"/Users/sim/selora-clean/attrition_score.py\"\u001b[0m, line \u001b[35m6\u001b[0m, in \u001b[35m<module>\u001b[0m\n    import numpy as np\n\u001b[1;35mModuleNotFoundError\u001b[0m: \u001b[35mNo module named 'numpy'\u001b[0m\n",
  "code": "N/A",
  "signal": "N/A"
}
[2025-07-29T23:48:24.313Z] [INFO] ⏳ Waiting 5s before next script...
[2025-07-29T23:48:29.315Z] [INFO] [RESOURCE] Memory: 4.34MB used, 5.06MB total, 33.25MB RSS | Load: 3.76, 2.77, 3.34
[2025-07-29T23:48:29.316Z] [WARN] [WARNING] High memory usage: 85.7% of heap used
[2025-07-29T23:48:29.317Z] [INFO] 
📋 [3/3] Starting script: Successor Identification {
  "script": "successor_identification.py",
  "args": "--refresh --batch-size=10",
  "timeout": "2700s",
  "maxRetries": 1,
  "retryDelay": "20000ms"
}
[2025-07-29T23:48:29.318Z] [DEBUG] Executing script: successor_identification.py {
  "args": [
    "--refresh",
    "--batch-size=10"
  ],
  "pid": 73460,
  "cwd": "/Users/sim/selora-clean",
  "pythonPath": "python3",
  "timeout": 2700000,
  "maxRetries": 1
}
[2025-07-29T23:48:29.387Z] [WARN] Script attempt 1 failed, will retry: successor_identification.py {
  "script": "successor_identification.py",
  "duration": "70ms",
  "exitCode": 1,
  "signal": null,
  "attempt": 1,
  "maxAttempts": 2,
  "error": "Command failed: \"python3\" \"/Users/sim/selora-clean/successor_identification.py\" \"--refresh\" \"--batch-size=10\"\nTraceback (most recent call last):\n  File \u001b[35m\"/Users/sim/selora-clean/successor_identification.py\"\u001b[0m, line \u001b[35m6\u001b[0m, in \u001b[35m<module>\u001b[0m\n    import numpy as np\n\u001b[1;35mModuleNotFoundError\u001b[0m: \u001b[35mNo module named 'numpy'\u001b[0m\n"
}
[2025-07-29T23:48:29.388Z] [WARN] Retry attempt 2 of 1 after 20000ms... {
  "script": "successor_identification.py",
  "previousError": "Command failed: \"python3\" \"/Users/sim/selora-clean/successor_identification.py\" \"--refresh\" \"--batch-size=10\"\nTraceback (most recent call last):\n  File \u001b[35m\"/Users/sim/selora-clean/successor_identification.py\"\u001b[0m, line \u001b[35m6\u001b[0m, in \u001b[35m<module>\u001b[0m\n    import numpy as np\n\u001b[1;35mModuleNotFoundError\u001b[0m: \u001b[35mNo module named 'numpy'\u001b[0m\n"
}
[2025-07-29T23:48:49.476Z] [ERROR] Script failed after 2 attempts: successor_identification.py {
  "script": "successor_identification.py",
  "duration": "20159ms",
  "exitCode": 1,
  "signal": null,
  "attempt": 2,
  "maxAttempts": 2,
  "error": "Command failed: \"python3\" \"/Users/sim/selora-clean/successor_identification.py\" \"--refresh\" \"--batch-size=10\"\nTraceback (most recent call last):\n  File \u001b[35m\"/Users/sim/selora-clean/successor_identification.py\"\u001b[0m, line \u001b[35m6\u001b[0m, in \u001b[35m<module>\u001b[0m\n    import numpy as np\n\u001b[1;35mModuleNotFoundError\u001b[0m: \u001b[35mNo module named 'numpy'\u001b[0m\n"
}
[2025-07-29T23:48:49.476Z] [ERROR] [successor_identification.py STDERR] Traceback (most recent call last):
  File [35m"/Users/sim/selora-clean/successor_identification.py"[0m, line [35m6[0m, in [35m<module>[0m
    import numpy as np
[1;35mModuleNotFoundError[0m: [35mNo module named 'numpy'[0m

[2025-07-29T23:48:49.476Z] [ERROR] ❌ [3/3] Successor Identification failed after 20.2s (attempt 1) {
  "script": "successor_identification.py",
  "duration": "20159ms",
  "attempts": 1,
  "startTime": "2025-07-29T23:48:29.317Z",
  "endTime": "2025-07-29T23:48:49.476Z"
}
[2025-07-29T23:48:49.476Z] [ERROR] 💥 Script failed: successor_identification.py (attempt 1/2) {
  "duration": "20159ms",
  "error": "Script failed after 2 attempts: Command failed: \"python3\" \"/Users/sim/selora-clean/successor_identification.py\" \"--refresh\" \"--batch-size=10\"\nTraceback (most recent call last):\n  File \u001b[35m\"/Users/sim/selora-clean/successor_identification.py\"\u001b[0m, line \u001b[35m6\u001b[0m, in \u001b[35m<module>\u001b[0m\n    import numpy as np\n\u001b[1;35mModuleNotFoundError\u001b[0m: \u001b[35mNo module named 'numpy'\u001b[0m\n",
  "code": "N/A",
  "signal": "N/A"
}
[2025-07-29T23:48:49.476Z] [INFO] ⏳ Waiting 5s before next script...
[2025-07-29T23:48:54.478Z] [INFO] [RESOURCE] Memory: 4.56MB used, 5.06MB total, 34.27MB RSS | Load: 4.36, 2.95, 3.38
[2025-07-29T23:48:54.479Z] [WARN] [WARNING] High memory usage: 90.1% of heap used
[2025-07-29T23:48:54.480Z] [WARN] [WARNING] Critical memory usage - consider increasing Node.js memory limit
[2025-07-29T23:48:54.482Z] [INFO] 
📊 ====== DATA UPDATE SUMMARY ======
[2025-07-29T23:48:54.483Z] [INFO] 📅 Started: 2025-07-29T23:47:28.855Z
[2025-07-29T23:48:54.483Z] [INFO] 🏁 Finished: 2025-07-29T23:48:54.482Z
[2025-07-29T23:48:54.484Z] [INFO] ⏱️  Total Duration: 1.4 minutes
[2025-07-29T23:48:54.484Z] [INFO] 📋 Scripts: 3 total, 0 successful, 3 failed
[2025-07-29T23:48:54.485Z] [INFO] 📈 Success Rate: 0.0%
[2025-07-29T23:48:54.485Z] [INFO] 
📋 SCRIPT EXECUTION STATUS:
[2025-07-29T23:48:54.492Z] [INFO] 
💾 SYSTEM RESOURCE USAGE:
[2025-07-29T23:48:54.492Z] [INFO] Memory: 4.70MB used / 5.06MB total
[2025-07-29T23:48:54.493Z] [INFO] RSS: 35.56MB
[2025-07-29T23:48:54.493Z] [INFO] Load: 4.36, 2.95, 3.38
[2025-07-29T23:48:54.494Z] [WARN] 
⚠️  COMPLETED WITH 3 OF 3 SCRIPTS FAILING
[2025-07-29T23:48:54.494Z] [INFO] [RESOURCE] Memory: 4.72MB used, 5.06MB total, 35.59MB RSS | Load: 4.36, 2.95, 3.38
[2025-07-29T23:48:54.494Z] [WARN] [WARNING] High memory usage: 93.3% of heap used
[2025-07-29T23:48:54.495Z] [WARN] [WARNING] Critical memory usage - consider increasing Node.js memory limit
[2025-07-29T23:48:54.495Z] [WARN] Initial update completed with 3 failures
[2025-07-29T23:48:54.495Z] [INFO] Initial update completed. Next update in 1440 minutes.
