[2025-07-20T16:48:27.254Z] [INFO] 🚀 Starting data update daemon... {
  "nodeVersion": "v20.19.3",
  "platform": "darwin",
  "arch": "arm64",
  "pid": 93154,
  "cwd": "/Users/sim/TestingPig",
  "system": {
    "cpus": 8,
    "memory": {
      "total": "16.00 GB",
      "free": "1.02 GB",
      "usage": "93.64%"
    },
    "load": [
      2.75,
      2.27734375,
      2.52392578125
    ]
  },
  "env": "production"
}
[2025-07-20T16:48:27.256Z] [INFO] [RESOURCE] Memory: 4.25MB used, 4.56MB total, 38.83MB RSS | Load: 2.75, 2.28, 2.52
[2025-07-20T16:48:27.256Z] [WARN] [WARNING] High memory usage: 93.3% of heap used
[2025-07-20T16:48:27.256Z] [WARN] [WARNING] Critical memory usage - consider increasing Node.js memory limit
[2025-07-20T16:48:27.256Z] [INFO] Performing initial data update...
[2025-07-20T16:48:27.256Z] [INFO] 🚀 Starting scheduled data updates... {
  "system": {
    "platform": "darwin",
    "arch": "arm64",
    "node": "v20.19.3",
    "pid": 93154,
    "cpus": 8,
    "memory": {
      "total": "16.00 GB",
      "free": "1.02 GB",
      "usage": "93.63%"
    }
  },
  "totalScripts": 3,
  "logLevel": "INFO"
}
[2025-07-20T16:48:27.256Z] [INFO] 
📋 [1/3] Starting script: Employee Utilization Analysis {
  "script": "employee_utilization_analyzer.py",
  "args": "",
  "timeout": "1800s",
  "maxRetries": 2,
  "retryDelay": "10000ms"
}
[2025-07-20T16:48:27.257Z] [DEBUG] Executing script: employee_utilization_analyzer.py {
  "args": [],
  "pid": 93154,
  "cwd": "/Users/sim/TestingPig",
  "pythonPath": "python3",
  "timeout": 1800000,
  "maxRetries": 2
}
[2025-07-20T16:48:27.308Z] [WARN] Script attempt 1 failed, will retry: employee_utilization_analyzer.py {
  "script": "employee_utilization_analyzer.py",
  "duration": "52ms",
  "exitCode": 1,
  "signal": null,
  "attempt": 1,
  "maxAttempts": 3,
  "error": "Command failed: \"python3\" \"/Users/sim/TestingPig/employee_utilization_analyzer.py\"\nTraceback (most recent call last):\n  File \u001b[35m\"/Users/sim/TestingPig/employee_utilization_analyzer.py\"\u001b[0m, line \u001b[35m5\u001b[0m, in \u001b[35m<module>\u001b[0m\n    from pymongo import MongoClient, UpdateOne\n\u001b[1;35mModuleNotFoundError\u001b[0m: \u001b[35mNo module named 'pymongo'\u001b[0m\n"
}
[2025-07-20T16:48:27.308Z] [WARN] Retry attempt 2 of 2 after 10000ms... {
  "script": "employee_utilization_analyzer.py",
  "previousError": "Command failed: \"python3\" \"/Users/sim/TestingPig/employee_utilization_analyzer.py\"\nTraceback (most recent call last):\n  File \u001b[35m\"/Users/sim/TestingPig/employee_utilization_analyzer.py\"\u001b[0m, line \u001b[35m5\u001b[0m, in \u001b[35m<module>\u001b[0m\n    from pymongo import MongoClient, UpdateOne\n\u001b[1;35mModuleNotFoundError\u001b[0m: \u001b[35mNo module named 'pymongo'\u001b[0m\n"
}
[2025-07-20T16:48:37.371Z] [WARN] Script attempt 2 failed, will retry: employee_utilization_analyzer.py {
  "script": "employee_utilization_analyzer.py",
  "duration": "10115ms",
  "exitCode": 1,
  "signal": null,
  "attempt": 2,
  "maxAttempts": 3,
  "error": "Command failed: \"python3\" \"/Users/sim/TestingPig/employee_utilization_analyzer.py\"\nTraceback (most recent call last):\n  File \u001b[35m\"/Users/sim/TestingPig/employee_utilization_analyzer.py\"\u001b[0m, line \u001b[35m5\u001b[0m, in \u001b[35m<module>\u001b[0m\n    from pymongo import MongoClient, UpdateOne\n\u001b[1;35mModuleNotFoundError\u001b[0m: \u001b[35mNo module named 'pymongo'\u001b[0m\n"
}
[2025-07-20T16:48:37.371Z] [WARN] Retry attempt 3 of 2 after 10000ms... {
  "script": "employee_utilization_analyzer.py",
  "previousError": "Command failed: \"python3\" \"/Users/sim/TestingPig/employee_utilization_analyzer.py\"\nTraceback (most recent call last):\n  File \u001b[35m\"/Users/sim/TestingPig/employee_utilization_analyzer.py\"\u001b[0m, line \u001b[35m5\u001b[0m, in \u001b[35m<module>\u001b[0m\n    from pymongo import MongoClient, UpdateOne\n\u001b[1;35mModuleNotFoundError\u001b[0m: \u001b[35mNo module named 'pymongo'\u001b[0m\n"
}
[2025-07-20T16:48:47.448Z] [ERROR] Script failed after 3 attempts: employee_utilization_analyzer.py {
  "script": "employee_utilization_analyzer.py",
  "duration": "20192ms",
  "exitCode": 1,
  "signal": null,
  "attempt": 3,
  "maxAttempts": 3,
  "error": "Command failed: \"python3\" \"/Users/sim/TestingPig/employee_utilization_analyzer.py\"\nTraceback (most recent call last):\n  File \u001b[35m\"/Users/sim/TestingPig/employee_utilization_analyzer.py\"\u001b[0m, line \u001b[35m5\u001b[0m, in \u001b[35m<module>\u001b[0m\n    from pymongo import MongoClient, UpdateOne\n\u001b[1;35mModuleNotFoundError\u001b[0m: \u001b[35mNo module named 'pymongo'\u001b[0m\n"
}
[2025-07-20T16:48:47.448Z] [ERROR] [employee_utilization_analyzer.py STDERR] Traceback (most recent call last):
  File [35m"/Users/sim/TestingPig/employee_utilization_analyzer.py"[0m, line [35m5[0m, in [35m<module>[0m
    from pymongo import MongoClient, UpdateOne
[1;35mModuleNotFoundError[0m: [35mNo module named 'pymongo'[0m

[2025-07-20T16:48:47.448Z] [ERROR] ❌ [1/3] Employee Utilization Analysis failed after 20.2s (attempt 1) {
  "script": "employee_utilization_analyzer.py",
  "duration": "20192ms",
  "attempts": 1,
  "startTime": "2025-07-20T16:48:27.256Z",
  "endTime": "2025-07-20T16:48:47.448Z"
}
[2025-07-20T16:48:47.448Z] [ERROR] 💥 Script failed: employee_utilization_analyzer.py (attempt 1/3) {
  "duration": "20192ms",
  "error": "Script failed after 3 attempts: Command failed: \"python3\" \"/Users/sim/TestingPig/employee_utilization_analyzer.py\"\nTraceback (most recent call last):\n  File \u001b[35m\"/Users/sim/TestingPig/employee_utilization_analyzer.py\"\u001b[0m, line \u001b[35m5\u001b[0m, in \u001b[35m<module>\u001b[0m\n    from pymongo import MongoClient, UpdateOne\n\u001b[1;35mModuleNotFoundError\u001b[0m: \u001b[35mNo module named 'pymongo'\u001b[0m\n",
  "code": "N/A",
  "signal": "N/A"
}
[2025-07-20T16:48:47.448Z] [INFO] ⏳ Waiting 5s before next script...
[2025-07-20T16:48:52.450Z] [INFO] [RESOURCE] Memory: 3.92MB used, 5.06MB total, 39.72MB RSS | Load: 2.97, 2.37, 2.55
[2025-07-20T16:48:52.451Z] [WARN] [WARNING] High memory usage: 77.4% of heap used
[2025-07-20T16:48:52.452Z] [INFO] 
📋 [2/3] Starting script: Attrition Score Calculation {
  "script": "attrition_score.py",
  "args": "",
  "timeout": "3600s",
  "maxRetries": 2,
  "retryDelay": "15000ms"
}
[2025-07-20T16:48:52.453Z] [DEBUG] Executing script: attrition_score.py {
  "args": [],
  "pid": 93154,
  "cwd": "/Users/sim/TestingPig",
  "pythonPath": "python3",
  "timeout": 3600000,
  "maxRetries": 2
}
[2025-07-20T16:48:52.522Z] [WARN] Script attempt 1 failed, will retry: attrition_score.py {
  "script": "attrition_score.py",
  "duration": "69ms",
  "exitCode": 1,
  "signal": null,
  "attempt": 1,
  "maxAttempts": 3,
  "error": "Command failed: \"python3\" \"/Users/sim/TestingPig/attrition_score.py\"\nTraceback (most recent call last):\n  File \u001b[35m\"/Users/sim/TestingPig/attrition_score.py\"\u001b[0m, line \u001b[35m6\u001b[0m, in \u001b[35m<module>\u001b[0m\n    import numpy as np\n\u001b[1;35mModuleNotFoundError\u001b[0m: \u001b[35mNo module named 'numpy'\u001b[0m\n"
}
[2025-07-20T16:48:52.522Z] [WARN] Retry attempt 2 of 2 after 15000ms... {
  "script": "attrition_score.py",
  "previousError": "Command failed: \"python3\" \"/Users/sim/TestingPig/attrition_score.py\"\nTraceback (most recent call last):\n  File \u001b[35m\"/Users/sim/TestingPig/attrition_score.py\"\u001b[0m, line \u001b[35m6\u001b[0m, in \u001b[35m<module>\u001b[0m\n    import numpy as np\n\u001b[1;35mModuleNotFoundError\u001b[0m: \u001b[35mNo module named 'numpy'\u001b[0m\n"
}
[2025-07-20T16:49:07.570Z] [WARN] Script attempt 2 failed, will retry: attrition_score.py {
  "script": "attrition_score.py",
  "duration": "15117ms",
  "exitCode": 1,
  "signal": null,
  "attempt": 2,
  "maxAttempts": 3,
  "error": "Command failed: \"python3\" \"/Users/sim/TestingPig/attrition_score.py\"\nTraceback (most recent call last):\n  File \u001b[35m\"/Users/sim/TestingPig/attrition_score.py\"\u001b[0m, line \u001b[35m6\u001b[0m, in \u001b[35m<module>\u001b[0m\n    import numpy as np\n\u001b[1;35mModuleNotFoundError\u001b[0m: \u001b[35mNo module named 'numpy'\u001b[0m\n"
}
[2025-07-20T16:49:07.570Z] [WARN] Retry attempt 3 of 2 after 15000ms... {
  "script": "attrition_score.py",
  "previousError": "Command failed: \"python3\" \"/Users/sim/TestingPig/attrition_score.py\"\nTraceback (most recent call last):\n  File \u001b[35m\"/Users/sim/TestingPig/attrition_score.py\"\u001b[0m, line \u001b[35m6\u001b[0m, in \u001b[35m<module>\u001b[0m\n    import numpy as np\n\u001b[1;35mModuleNotFoundError\u001b[0m: \u001b[35mNo module named 'numpy'\u001b[0m\n"
}
[2025-07-20T16:49:22.641Z] [ERROR] Script failed after 3 attempts: attrition_score.py {
  "script": "attrition_score.py",
  "duration": "30188ms",
  "exitCode": 1,
  "signal": null,
  "attempt": 3,
  "maxAttempts": 3,
  "error": "Command failed: \"python3\" \"/Users/sim/TestingPig/attrition_score.py\"\nTraceback (most recent call last):\n  File \u001b[35m\"/Users/sim/TestingPig/attrition_score.py\"\u001b[0m, line \u001b[35m6\u001b[0m, in \u001b[35m<module>\u001b[0m\n    import numpy as np\n\u001b[1;35mModuleNotFoundError\u001b[0m: \u001b[35mNo module named 'numpy'\u001b[0m\n"
}
[2025-07-20T16:49:22.641Z] [INFO] [RESOURCE] Memory: 4.40MB used, 5.31MB total, 34.41MB RSS | Load: 2.54, 2.32, 2.52
[2025-07-20T16:49:22.641Z] [WARN] [WARNING] High memory usage: 82.8% of heap used
[2025-07-20T16:49:22.641Z] [ERROR] [attrition_score.py STDERR] Traceback (most recent call last):
  File [35m"/Users/sim/TestingPig/attrition_score.py"[0m, line [35m6[0m, in [35m<module>[0m
    import numpy as np
[1;35mModuleNotFoundError[0m: [35mNo module named 'numpy'[0m

[2025-07-20T16:49:22.642Z] [ERROR] ❌ [2/3] Attrition Score Calculation failed after 30.2s (attempt 1) {
  "script": "attrition_score.py",
  "duration": "30189ms",
  "attempts": 1,
  "startTime": "2025-07-20T16:48:52.453Z",
  "endTime": "2025-07-20T16:49:22.641Z"
}
[2025-07-20T16:49:22.642Z] [ERROR] 💥 Script failed: attrition_score.py (attempt 1/3) {
  "duration": "30189ms",
  "error": "Script failed after 3 attempts: Command failed: \"python3\" \"/Users/sim/TestingPig/attrition_score.py\"\nTraceback (most recent call last):\n  File \u001b[35m\"/Users/sim/TestingPig/attrition_score.py\"\u001b[0m, line \u001b[35m6\u001b[0m, in \u001b[35m<module>\u001b[0m\n    import numpy as np\n\u001b[1;35mModuleNotFoundError\u001b[0m: \u001b[35mNo module named 'numpy'\u001b[0m\n",
  "code": "N/A",
  "signal": "N/A"
}
[2025-07-20T16:49:22.642Z] [INFO] ⏳ Waiting 5s before next script...
[2025-07-20T16:49:27.643Z] [INFO] [RESOURCE] Memory: 4.43MB used, 5.31MB total, 34.44MB RSS | Load: 2.66, 2.34, 2.53
[2025-07-20T16:49:27.644Z] [WARN] [WARNING] High memory usage: 83.5% of heap used
[2025-07-20T16:49:27.644Z] [INFO] 
📋 [3/3] Starting script: Successor Identification {
  "script": "successor_identification.py",
  "args": "--refresh --batch-size=10",
  "timeout": "2700s",
  "maxRetries": 1,
  "retryDelay": "20000ms"
}
[2025-07-20T16:49:27.645Z] [DEBUG] Executing script: successor_identification.py {
  "args": [
    "--refresh",
    "--batch-size=10"
  ],
  "pid": 93154,
  "cwd": "/Users/sim/TestingPig",
  "pythonPath": "python3",
  "timeout": 2700000,
  "maxRetries": 1
}
[2025-07-20T16:49:27.711Z] [WARN] Script attempt 1 failed, will retry: successor_identification.py {
  "script": "successor_identification.py",
  "duration": "66ms",
  "exitCode": 1,
  "signal": null,
  "attempt": 1,
  "maxAttempts": 2,
  "error": "Command failed: \"python3\" \"/Users/sim/TestingPig/successor_identification.py\" \"--refresh\" \"--batch-size=10\"\nTraceback (most recent call last):\n  File \u001b[35m\"/Users/sim/TestingPig/successor_identification.py\"\u001b[0m, line \u001b[35m6\u001b[0m, in \u001b[35m<module>\u001b[0m\n    import numpy as np\n\u001b[1;35mModuleNotFoundError\u001b[0m: \u001b[35mNo module named 'numpy'\u001b[0m\n"
}
[2025-07-20T16:49:27.711Z] [WARN] Retry attempt 2 of 1 after 20000ms... {
  "script": "successor_identification.py",
  "previousError": "Command failed: \"python3\" \"/Users/sim/TestingPig/successor_identification.py\" \"--refresh\" \"--batch-size=10\"\nTraceback (most recent call last):\n  File \u001b[35m\"/Users/sim/TestingPig/successor_identification.py\"\u001b[0m, line \u001b[35m6\u001b[0m, in \u001b[35m<module>\u001b[0m\n    import numpy as np\n\u001b[1;35mModuleNotFoundError\u001b[0m: \u001b[35mNo module named 'numpy'\u001b[0m\n"
}
[2025-07-20T16:49:47.785Z] [ERROR] Script failed after 2 attempts: successor_identification.py {
  "script": "successor_identification.py",
  "duration": "20140ms",
  "exitCode": 1,
  "signal": null,
  "attempt": 2,
  "maxAttempts": 2,
  "error": "Command failed: \"python3\" \"/Users/sim/TestingPig/successor_identification.py\" \"--refresh\" \"--batch-size=10\"\nTraceback (most recent call last):\n  File \u001b[35m\"/Users/sim/TestingPig/successor_identification.py\"\u001b[0m, line \u001b[35m6\u001b[0m, in \u001b[35m<module>\u001b[0m\n    import numpy as np\n\u001b[1;35mModuleNotFoundError\u001b[0m: \u001b[35mNo module named 'numpy'\u001b[0m\n"
}
[2025-07-20T16:49:47.786Z] [ERROR] [successor_identification.py STDERR] Traceback (most recent call last):
  File [35m"/Users/sim/TestingPig/successor_identification.py"[0m, line [35m6[0m, in [35m<module>[0m
    import numpy as np
[1;35mModuleNotFoundError[0m: [35mNo module named 'numpy'[0m

[2025-07-20T16:49:47.786Z] [ERROR] ❌ [3/3] Successor Identification failed after 20.1s (attempt 1) {
  "script": "successor_identification.py",
  "duration": "20142ms",
  "attempts": 1,
  "startTime": "2025-07-20T16:49:27.645Z",
  "endTime": "2025-07-20T16:49:47.786Z"
}
[2025-07-20T16:49:47.786Z] [ERROR] 💥 Script failed: successor_identification.py (attempt 1/2) {
  "duration": "20142ms",
  "error": "Script failed after 2 attempts: Command failed: \"python3\" \"/Users/sim/TestingPig/successor_identification.py\" \"--refresh\" \"--batch-size=10\"\nTraceback (most recent call last):\n  File \u001b[35m\"/Users/sim/TestingPig/successor_identification.py\"\u001b[0m, line \u001b[35m6\u001b[0m, in \u001b[35m<module>\u001b[0m\n    import numpy as np\n\u001b[1;35mModuleNotFoundError\u001b[0m: \u001b[35mNo module named 'numpy'\u001b[0m\n",
  "code": "N/A",
  "signal": "N/A"
}
[2025-07-20T16:49:47.786Z] [INFO] ⏳ Waiting 5s before next script...
[2025-07-20T16:49:52.788Z] [INFO] [RESOURCE] Memory: 4.66MB used, 5.31MB total, 34.83MB RSS | Load: 2.41, 2.31, 2.51
[2025-07-20T16:49:52.789Z] [WARN] [WARNING] High memory usage: 87.6% of heap used
[2025-07-20T16:49:52.789Z] [INFO] 
📊 ====== DATA UPDATE SUMMARY ======
[2025-07-20T16:49:52.790Z] [INFO] 📅 Started: 2025-07-20T16:48:27.256Z
[2025-07-20T16:49:52.790Z] [INFO] 🏁 Finished: 2025-07-20T16:49:52.789Z
[2025-07-20T16:49:52.791Z] [INFO] ⏱️  Total Duration: 1.4 minutes
[2025-07-20T16:49:52.791Z] [INFO] 📋 Scripts: 3 total, 0 successful, 3 failed
[2025-07-20T16:49:52.791Z] [INFO] 📈 Success Rate: 0.0%
[2025-07-20T16:49:52.792Z] [INFO] 
📋 SCRIPT EXECUTION STATUS:
[2025-07-20T16:49:52.799Z] [INFO] 
💾 SYSTEM RESOURCE USAGE:
[2025-07-20T16:49:52.799Z] [INFO] Memory: 4.76MB used / 5.31MB total
[2025-07-20T16:49:52.800Z] [INFO] RSS: 35.58MB
[2025-07-20T16:49:52.801Z] [INFO] Load: 2.41, 2.31, 2.51
[2025-07-20T16:49:52.801Z] [WARN] 
⚠️  COMPLETED WITH 3 OF 3 SCRIPTS FAILING
[2025-07-20T16:49:52.801Z] [INFO] [RESOURCE] Memory: 4.78MB used, 5.31MB total, 35.64MB RSS | Load: 2.41, 2.31, 2.51
[2025-07-20T16:49:52.802Z] [WARN] [WARNING] High memory usage: 90.0% of heap used
[2025-07-20T16:49:52.802Z] [WARN] Initial update completed with 3 failures
[2025-07-20T16:49:52.803Z] [INFO] Initial update completed. Next update in 1440 minutes.
[2025-07-20T17:49:52.928Z] [DEBUG] [2025-07-20T17:49:52.928Z] Daemon is running...
[2025-07-20T17:49:52.931Z] [INFO] [RESOURCE] Memory: 4.05MB used, 5.31MB total, 31.23MB RSS | Load: 1.99, 2.19, 1.96
[2025-07-20T17:49:52.932Z] [WARN] [WARNING] High memory usage: 76.3% of heap used
[2025-07-20T18:49:52.891Z] [DEBUG] [2025-07-20T18:49:52.891Z] Daemon is running...
[2025-07-20T18:49:52.894Z] [INFO] [RESOURCE] Memory: 4.07MB used, 5.31MB total, 19.08MB RSS | Load: 2.25, 2.28, 2.16
[2025-07-20T18:49:52.896Z] [WARN] [WARNING] High memory usage: 76.6% of heap used
[2025-07-20T22:35:28.113Z] [INFO] 🚀 Starting data update daemon... {
  "nodeVersion": "v20.19.3",
  "platform": "darwin",
  "arch": "arm64",
  "pid": 15236,
  "cwd": "/Users/sim/TestingPig",
  "system": {
    "cpus": 8,
    "memory": {
      "total": "16.00 GB",
      "free": "1.58 GB",
      "usage": "90.09%"
    },
    "load": [
      2.81884765625,
      2.712890625,
      2.3955078125
    ]
  },
  "env": "production"
}
[2025-07-20T22:35:28.114Z] [INFO] [RESOURCE] Memory: 4.25MB used, 4.56MB total, 38.11MB RSS | Load: 2.82, 2.71, 2.40
[2025-07-20T22:35:28.114Z] [WARN] [WARNING] High memory usage: 93.3% of heap used
[2025-07-20T22:35:28.114Z] [WARN] [WARNING] Critical memory usage - consider increasing Node.js memory limit
[2025-07-20T22:35:28.114Z] [INFO] Performing initial data update...
[2025-07-20T22:35:28.115Z] [INFO] 🚀 Starting scheduled data updates... {
  "system": {
    "platform": "darwin",
    "arch": "arm64",
    "node": "v20.19.3",
    "pid": 15236,
    "cpus": 8,
    "memory": {
      "total": "16.00 GB",
      "free": "1.58 GB",
      "usage": "90.12%"
    }
  },
  "totalScripts": 3,
  "logLevel": "INFO"
}
[2025-07-20T22:35:28.115Z] [INFO] 
📋 [1/3] Starting script: Employee Utilization Analysis {
  "script": "employee_utilization_analyzer.py",
  "args": "",
  "timeout": "1800s",
  "maxRetries": 2,
  "retryDelay": "10000ms"
}
[2025-07-20T22:35:28.115Z] [DEBUG] Executing script: employee_utilization_analyzer.py {
  "args": [],
  "pid": 15236,
  "cwd": "/Users/sim/TestingPig",
  "pythonPath": "python3",
  "timeout": 1800000,
  "maxRetries": 2
}
[2025-07-20T22:35:28.164Z] [WARN] Script attempt 1 failed, will retry: employee_utilization_analyzer.py {
  "script": "employee_utilization_analyzer.py",
  "duration": "49ms",
  "exitCode": 1,
  "signal": null,
  "attempt": 1,
  "maxAttempts": 3,
  "error": "Command failed: \"python3\" \"/Users/sim/TestingPig/employee_utilization_analyzer.py\"\nTraceback (most recent call last):\n  File \u001b[35m\"/Users/sim/TestingPig/employee_utilization_analyzer.py\"\u001b[0m, line \u001b[35m5\u001b[0m, in \u001b[35m<module>\u001b[0m\n    from pymongo import MongoClient, UpdateOne\n\u001b[1;35mModuleNotFoundError\u001b[0m: \u001b[35mNo module named 'pymongo'\u001b[0m\n"
}
[2025-07-20T22:35:28.164Z] [WARN] Retry attempt 2 of 2 after 10000ms... {
  "script": "employee_utilization_analyzer.py",
  "previousError": "Command failed: \"python3\" \"/Users/sim/TestingPig/employee_utilization_analyzer.py\"\nTraceback (most recent call last):\n  File \u001b[35m\"/Users/sim/TestingPig/employee_utilization_analyzer.py\"\u001b[0m, line \u001b[35m5\u001b[0m, in \u001b[35m<module>\u001b[0m\n    from pymongo import MongoClient, UpdateOne\n\u001b[1;35mModuleNotFoundError\u001b[0m: \u001b[35mNo module named 'pymongo'\u001b[0m\n"
}
[2025-07-20T22:35:38.235Z] [WARN] Script attempt 2 failed, will retry: employee_utilization_analyzer.py {
  "script": "employee_utilization_analyzer.py",
  "duration": "10120ms",
  "exitCode": 1,
  "signal": null,
  "attempt": 2,
  "maxAttempts": 3,
  "error": "Command failed: \"python3\" \"/Users/sim/TestingPig/employee_utilization_analyzer.py\"\nTraceback (most recent call last):\n  File \u001b[35m\"/Users/sim/TestingPig/employee_utilization_analyzer.py\"\u001b[0m, line \u001b[35m5\u001b[0m, in \u001b[35m<module>\u001b[0m\n    from pymongo import MongoClient, UpdateOne\n\u001b[1;35mModuleNotFoundError\u001b[0m: \u001b[35mNo module named 'pymongo'\u001b[0m\n"
}
[2025-07-20T22:35:38.235Z] [WARN] Retry attempt 3 of 2 after 10000ms... {
  "script": "employee_utilization_analyzer.py",
  "previousError": "Command failed: \"python3\" \"/Users/sim/TestingPig/employee_utilization_analyzer.py\"\nTraceback (most recent call last):\n  File \u001b[35m\"/Users/sim/TestingPig/employee_utilization_analyzer.py\"\u001b[0m, line \u001b[35m5\u001b[0m, in \u001b[35m<module>\u001b[0m\n    from pymongo import MongoClient, UpdateOne\n\u001b[1;35mModuleNotFoundError\u001b[0m: \u001b[35mNo module named 'pymongo'\u001b[0m\n"
}
[2025-07-20T22:35:48.309Z] [ERROR] Script failed after 3 attempts: employee_utilization_analyzer.py {
  "script": "employee_utilization_analyzer.py",
  "duration": "20194ms",
  "exitCode": 1,
  "signal": null,
  "attempt": 3,
  "maxAttempts": 3,
  "error": "Command failed: \"python3\" \"/Users/sim/TestingPig/employee_utilization_analyzer.py\"\nTraceback (most recent call last):\n  File \u001b[35m\"/Users/sim/TestingPig/employee_utilization_analyzer.py\"\u001b[0m, line \u001b[35m5\u001b[0m, in \u001b[35m<module>\u001b[0m\n    from pymongo import MongoClient, UpdateOne\n\u001b[1;35mModuleNotFoundError\u001b[0m: \u001b[35mNo module named 'pymongo'\u001b[0m\n"
}
[2025-07-20T22:35:48.310Z] [ERROR] [employee_utilization_analyzer.py STDERR] Traceback (most recent call last):
  File [35m"/Users/sim/TestingPig/employee_utilization_analyzer.py"[0m, line [35m5[0m, in [35m<module>[0m
    from pymongo import MongoClient, UpdateOne
[1;35mModuleNotFoundError[0m: [35mNo module named 'pymongo'[0m

[2025-07-20T22:35:48.310Z] [ERROR] ❌ [1/3] Employee Utilization Analysis failed after 20.2s (attempt 1) {
  "script": "employee_utilization_analyzer.py",
  "duration": "20195ms",
  "attempts": 1,
  "startTime": "2025-07-20T22:35:28.115Z",
  "endTime": "2025-07-20T22:35:48.310Z"
}
[2025-07-20T22:35:48.310Z] [ERROR] 💥 Script failed: employee_utilization_analyzer.py (attempt 1/3) {
  "duration": "20195ms",
  "error": "Script failed after 3 attempts: Command failed: \"python3\" \"/Users/sim/TestingPig/employee_utilization_analyzer.py\"\nTraceback (most recent call last):\n  File \u001b[35m\"/Users/sim/TestingPig/employee_utilization_analyzer.py\"\u001b[0m, line \u001b[35m5\u001b[0m, in \u001b[35m<module>\u001b[0m\n    from pymongo import MongoClient, UpdateOne\n\u001b[1;35mModuleNotFoundError\u001b[0m: \u001b[35mNo module named 'pymongo'\u001b[0m\n",
  "code": "N/A",
  "signal": "N/A"
}
[2025-07-20T22:35:48.310Z] [INFO] ⏳ Waiting 5s before next script...
[2025-07-20T22:35:53.312Z] [INFO] [RESOURCE] Memory: 3.87MB used, 4.81MB total, 35.91MB RSS | Load: 2.71, 2.70, 2.40
[2025-07-20T22:35:53.313Z] [WARN] [WARNING] High memory usage: 80.4% of heap used
[2025-07-20T22:35:53.314Z] [INFO] 
📋 [2/3] Starting script: Attrition Score Calculation {
  "script": "attrition_score.py",
  "args": "",
  "timeout": "3600s",
  "maxRetries": 2,
  "retryDelay": "15000ms"
}
[2025-07-20T22:35:53.316Z] [DEBUG] Executing script: attrition_score.py {
  "args": [],
  "pid": 15236,
  "cwd": "/Users/sim/TestingPig",
  "pythonPath": "python3",
  "timeout": 3600000,
  "maxRetries": 2
}
[2025-07-20T22:35:53.379Z] [WARN] Script attempt 1 failed, will retry: attrition_score.py {
  "script": "attrition_score.py",
  "duration": "63ms",
  "exitCode": 1,
  "signal": null,
  "attempt": 1,
  "maxAttempts": 3,
  "error": "Command failed: \"python3\" \"/Users/sim/TestingPig/attrition_score.py\"\nTraceback (most recent call last):\n  File \u001b[35m\"/Users/sim/TestingPig/attrition_score.py\"\u001b[0m, line \u001b[35m6\u001b[0m, in \u001b[35m<module>\u001b[0m\n    import numpy as np\n\u001b[1;35mModuleNotFoundError\u001b[0m: \u001b[35mNo module named 'numpy'\u001b[0m\n"
}
[2025-07-20T22:35:53.379Z] [WARN] Retry attempt 2 of 2 after 15000ms... {
  "script": "attrition_score.py",
  "previousError": "Command failed: \"python3\" \"/Users/sim/TestingPig/attrition_score.py\"\nTraceback (most recent call last):\n  File \u001b[35m\"/Users/sim/TestingPig/attrition_score.py\"\u001b[0m, line \u001b[35m6\u001b[0m, in \u001b[35m<module>\u001b[0m\n    import numpy as np\n\u001b[1;35mModuleNotFoundError\u001b[0m: \u001b[35mNo module named 'numpy'\u001b[0m\n"
}
[2025-07-20T22:36:08.453Z] [WARN] Script attempt 2 failed, will retry: attrition_score.py {
  "script": "attrition_score.py",
  "duration": "15137ms",
  "exitCode": 1,
  "signal": null,
  "attempt": 2,
  "maxAttempts": 3,
  "error": "Command failed: \"python3\" \"/Users/sim/TestingPig/attrition_score.py\"\nTraceback (most recent call last):\n  File \u001b[35m\"/Users/sim/TestingPig/attrition_score.py\"\u001b[0m, line \u001b[35m6\u001b[0m, in \u001b[35m<module>\u001b[0m\n    import numpy as np\n\u001b[1;35mModuleNotFoundError\u001b[0m: \u001b[35mNo module named 'numpy'\u001b[0m\n"
}
[2025-07-20T22:36:08.453Z] [WARN] Retry attempt 3 of 2 after 15000ms... {
  "script": "attrition_score.py",
  "previousError": "Command failed: \"python3\" \"/Users/sim/TestingPig/attrition_score.py\"\nTraceback (most recent call last):\n  File \u001b[35m\"/Users/sim/TestingPig/attrition_score.py\"\u001b[0m, line \u001b[35m6\u001b[0m, in \u001b[35m<module>\u001b[0m\n    import numpy as np\n\u001b[1;35mModuleNotFoundError\u001b[0m: \u001b[35mNo module named 'numpy'\u001b[0m\n"
}
[2025-07-20T22:36:23.524Z] [ERROR] Script failed after 3 attempts: attrition_score.py {
  "script": "attrition_score.py",
  "duration": "30208ms",
  "exitCode": 1,
  "signal": null,
  "attempt": 3,
  "maxAttempts": 3,
  "error": "Command failed: \"python3\" \"/Users/sim/TestingPig/attrition_score.py\"\nTraceback (most recent call last):\n  File \u001b[35m\"/Users/sim/TestingPig/attrition_score.py\"\u001b[0m, line \u001b[35m6\u001b[0m, in \u001b[35m<module>\u001b[0m\n    import numpy as np\n\u001b[1;35mModuleNotFoundError\u001b[0m: \u001b[35mNo module named 'numpy'\u001b[0m\n"
}
[2025-07-20T22:36:23.524Z] [INFO] [RESOURCE] Memory: 4.34MB used, 5.06MB total, 36.48MB RSS | Load: 2.23, 2.58, 2.37
[2025-07-20T22:36:23.525Z] [WARN] [WARNING] High memory usage: 85.8% of heap used
[2025-07-20T22:36:23.525Z] [ERROR] [attrition_score.py STDERR] Traceback (most recent call last):
  File [35m"/Users/sim/TestingPig/attrition_score.py"[0m, line [35m6[0m, in [35m<module>[0m
    import numpy as np
[1;35mModuleNotFoundError[0m: [35mNo module named 'numpy'[0m

[2025-07-20T22:36:23.525Z] [ERROR] ❌ [2/3] Attrition Score Calculation failed after 30.2s (attempt 1) {
  "script": "attrition_score.py",
  "duration": "30211ms",
  "attempts": 1,
  "startTime": "2025-07-20T22:35:53.315Z",
  "endTime": "2025-07-20T22:36:23.525Z"
}
[2025-07-20T22:36:23.525Z] [ERROR] 💥 Script failed: attrition_score.py (attempt 1/3) {
  "duration": "30211ms",
  "error": "Script failed after 3 attempts: Command failed: \"python3\" \"/Users/sim/TestingPig/attrition_score.py\"\nTraceback (most recent call last):\n  File \u001b[35m\"/Users/sim/TestingPig/attrition_score.py\"\u001b[0m, line \u001b[35m6\u001b[0m, in \u001b[35m<module>\u001b[0m\n    import numpy as np\n\u001b[1;35mModuleNotFoundError\u001b[0m: \u001b[35mNo module named 'numpy'\u001b[0m\n",
  "code": "N/A",
  "signal": "N/A"
}
[2025-07-20T22:36:23.525Z] [INFO] ⏳ Waiting 5s before next script...
[2025-07-20T22:36:28.526Z] [INFO] [RESOURCE] Memory: 4.38MB used, 5.06MB total, 36.52MB RSS | Load: 2.13, 2.56, 2.36
[2025-07-20T22:36:28.527Z] [WARN] [WARNING] High memory usage: 86.5% of heap used
[2025-07-20T22:36:28.528Z] [INFO] 
📋 [3/3] Starting script: Successor Identification {
  "script": "successor_identification.py",
  "args": "--refresh --batch-size=10",
  "timeout": "2700s",
  "maxRetries": 1,
  "retryDelay": "20000ms"
}
[2025-07-20T22:36:28.529Z] [DEBUG] Executing script: successor_identification.py {
  "args": [
    "--refresh",
    "--batch-size=10"
  ],
  "pid": 15236,
  "cwd": "/Users/sim/TestingPig",
  "pythonPath": "python3",
  "timeout": 2700000,
  "maxRetries": 1
}
[2025-07-20T22:36:28.599Z] [WARN] Script attempt 1 failed, will retry: successor_identification.py {
  "script": "successor_identification.py",
  "duration": "70ms",
  "exitCode": 1,
  "signal": null,
  "attempt": 1,
  "maxAttempts": 2,
  "error": "Command failed: \"python3\" \"/Users/sim/TestingPig/successor_identification.py\" \"--refresh\" \"--batch-size=10\"\nTraceback (most recent call last):\n  File \u001b[35m\"/Users/sim/TestingPig/successor_identification.py\"\u001b[0m, line \u001b[35m6\u001b[0m, in \u001b[35m<module>\u001b[0m\n    import numpy as np\n\u001b[1;35mModuleNotFoundError\u001b[0m: \u001b[35mNo module named 'numpy'\u001b[0m\n"
}
[2025-07-20T22:36:28.600Z] [WARN] Retry attempt 2 of 1 after 20000ms... {
  "script": "successor_identification.py",
  "previousError": "Command failed: \"python3\" \"/Users/sim/TestingPig/successor_identification.py\" \"--refresh\" \"--batch-size=10\"\nTraceback (most recent call last):\n  File \u001b[35m\"/Users/sim/TestingPig/successor_identification.py\"\u001b[0m, line \u001b[35m6\u001b[0m, in \u001b[35m<module>\u001b[0m\n    import numpy as np\n\u001b[1;35mModuleNotFoundError\u001b[0m: \u001b[35mNo module named 'numpy'\u001b[0m\n"
}
[2025-07-20T22:36:48.680Z] [ERROR] Script failed after 2 attempts: successor_identification.py {
  "script": "successor_identification.py",
  "duration": "20151ms",
  "exitCode": 1,
  "signal": null,
  "attempt": 2,
  "maxAttempts": 2,
  "error": "Command failed: \"python3\" \"/Users/sim/TestingPig/successor_identification.py\" \"--refresh\" \"--batch-size=10\"\nTraceback (most recent call last):\n  File \u001b[35m\"/Users/sim/TestingPig/successor_identification.py\"\u001b[0m, line \u001b[35m6\u001b[0m, in \u001b[35m<module>\u001b[0m\n    import numpy as np\n\u001b[1;35mModuleNotFoundError\u001b[0m: \u001b[35mNo module named 'numpy'\u001b[0m\n"
}
[2025-07-20T22:36:48.680Z] [ERROR] [successor_identification.py STDERR] Traceback (most recent call last):
  File [35m"/Users/sim/TestingPig/successor_identification.py"[0m, line [35m6[0m, in [35m<module>[0m
    import numpy as np
[1;35mModuleNotFoundError[0m: [35mNo module named 'numpy'[0m

[2025-07-20T22:36:48.680Z] [ERROR] ❌ [3/3] Successor Identification failed after 20.2s (attempt 1) {
  "script": "successor_identification.py",
  "duration": "20152ms",
  "attempts": 1,
  "startTime": "2025-07-20T22:36:28.528Z",
  "endTime": "2025-07-20T22:36:48.680Z"
}
[2025-07-20T22:36:48.680Z] [ERROR] 💥 Script failed: successor_identification.py (attempt 1/2) {
  "duration": "20152ms",
  "error": "Script failed after 2 attempts: Command failed: \"python3\" \"/Users/sim/TestingPig/successor_identification.py\" \"--refresh\" \"--batch-size=10\"\nTraceback (most recent call last):\n  File \u001b[35m\"/Users/sim/TestingPig/successor_identification.py\"\u001b[0m, line \u001b[35m6\u001b[0m, in \u001b[35m<module>\u001b[0m\n    import numpy as np\n\u001b[1;35mModuleNotFoundError\u001b[0m: \u001b[35mNo module named 'numpy'\u001b[0m\n",
  "code": "N/A",
  "signal": "N/A"
}
[2025-07-20T22:36:48.680Z] [INFO] ⏳ Waiting 5s before next script...
[2025-07-20T22:36:53.682Z] [INFO] [RESOURCE] Memory: 4.60MB used, 5.06MB total, 36.84MB RSS | Load: 1.81, 2.45, 2.33
[2025-07-20T22:36:53.683Z] [WARN] [WARNING] High memory usage: 90.9% of heap used
[2025-07-20T22:36:53.684Z] [WARN] [WARNING] Critical memory usage - consider increasing Node.js memory limit
[2025-07-20T22:36:53.684Z] [INFO] 
📊 ====== DATA UPDATE SUMMARY ======
[2025-07-20T22:36:53.685Z] [INFO] 📅 Started: 2025-07-20T22:35:28.115Z
[2025-07-20T22:36:53.685Z] [INFO] 🏁 Finished: 2025-07-20T22:36:53.684Z
[2025-07-20T22:36:53.686Z] [INFO] ⏱️  Total Duration: 1.4 minutes
[2025-07-20T22:36:53.686Z] [INFO] 📋 Scripts: 3 total, 0 successful, 3 failed
[2025-07-20T22:36:53.687Z] [INFO] 📈 Success Rate: 0.0%
[2025-07-20T22:36:53.687Z] [INFO] 
📋 SCRIPT EXECUTION STATUS:
[2025-07-20T22:36:53.694Z] [INFO] 
💾 SYSTEM RESOURCE USAGE:
[2025-07-20T22:36:53.694Z] [INFO] Memory: 4.71MB used / 5.06MB total
[2025-07-20T22:36:53.695Z] [INFO] RSS: 37.45MB
[2025-07-20T22:36:53.695Z] [INFO] Load: 1.81, 2.45, 2.33
[2025-07-20T22:36:53.696Z] [WARN] 
⚠️  COMPLETED WITH 3 OF 3 SCRIPTS FAILING
[2025-07-20T22:36:53.696Z] [INFO] [RESOURCE] Memory: 4.73MB used, 5.06MB total, 37.47MB RSS | Load: 1.81, 2.45, 2.33
[2025-07-20T22:36:53.697Z] [WARN] [WARNING] High memory usage: 93.4% of heap used
[2025-07-20T22:36:53.697Z] [WARN] [WARNING] Critical memory usage - consider increasing Node.js memory limit
[2025-07-20T22:36:53.697Z] [WARN] Initial update completed with 3 failures
[2025-07-20T22:36:53.697Z] [INFO] Initial update completed. Next update in 1440 minutes.
[2025-07-20T23:36:53.703Z] [DEBUG] [2025-07-20T23:36:53.703Z] Daemon is running...
[2025-07-20T23:36:53.706Z] [INFO] [RESOURCE] Memory: 4.01MB used, 5.06MB total, 31.30MB RSS | Load: 1.31, 1.35, 1.31
[2025-07-20T23:36:53.707Z] [WARN] [WARNING] High memory usage: 79.3% of heap used
