[2025-07-11T00:57:53.718Z] [INFO] 🚀 Starting data update daemon... {
  "nodeVersion": "v20.19.3",
  "platform": "darwin",
  "arch": "arm64",
  "pid": 90354,
  "cwd": "/Users/sim/TestingPig",
  "system": {
    "cpus": 8,
    "memory": {
      "total": "16.00 GB",
      "free": "2.85 GB",
      "usage": "82.22%"
    },
    "load": [
      2.0498046875,
      2.9228515625,
      2.7080078125
    ]
  },
  "env": "production"
}
[2025-07-11T00:57:53.720Z] [INFO] [RESOURCE] Memory: 4.26MB used, 4.56MB total, 38.41MB RSS | Load: 2.05, 2.92, 2.71
[2025-07-11T00:57:53.720Z] [WARN] [WARNING] High memory usage: 93.3% of heap used
[2025-07-11T00:57:53.720Z] [WARN] [WARNING] Critical memory usage - consider increasing Node.js memory limit
[2025-07-11T00:57:53.720Z] [INFO] Performing initial data update...
[2025-07-11T00:57:53.721Z] [INFO] 🚀 Starting scheduled data updates... {
  "system": {
    "platform": "darwin",
    "arch": "arm64",
    "node": "v20.19.3",
    "pid": 90354,
    "cpus": 8,
    "memory": {
      "total": "16.00 GB",
      "free": "2.84 GB",
      "usage": "82.26%"
    }
  },
  "totalScripts": 3,
  "logLevel": "INFO"
}
[2025-07-11T00:57:53.722Z] [INFO] 
📋 [1/3] Starting script: Employee Utilization Analysis {
  "script": "employee_utilization_analyzer.py",
  "args": "",
  "timeout": "1800s",
  "maxRetries": 2,
  "retryDelay": "10000ms"
}
[2025-07-11T00:57:53.722Z] [DEBUG] Executing script: employee_utilization_analyzer.py {
  "args": [],
  "pid": 90354,
  "cwd": "/Users/sim/TestingPig",
  "pythonPath": "python3",
  "timeout": 1800000,
  "maxRetries": 2
}
[2025-07-11T00:57:53.800Z] [WARN] Script attempt 1 failed, will retry: employee_utilization_analyzer.py {
  "script": "employee_utilization_analyzer.py",
  "duration": "78ms",
  "exitCode": 1,
  "signal": null,
  "attempt": 1,
  "maxAttempts": 3,
  "error": "Command failed: \"python3\" \"/Users/sim/TestingPig/employee_utilization_analyzer.py\"\nTraceback (most recent call last):\n  File \u001b[35m\"/Users/sim/TestingPig/employee_utilization_analyzer.py\"\u001b[0m, line \u001b[35m5\u001b[0m, in \u001b[35m<module>\u001b[0m\n    from pymongo import MongoClient, UpdateOne\n\u001b[1;35mModuleNotFoundError\u001b[0m: \u001b[35mNo module named 'pymongo'\u001b[0m\n"
}
[2025-07-11T00:57:53.801Z] [WARN] Retry attempt 2 of 2 after 10000ms... {
  "script": "employee_utilization_analyzer.py",
  "previousError": "Command failed: \"python3\" \"/Users/sim/TestingPig/employee_utilization_analyzer.py\"\nTraceback (most recent call last):\n  File \u001b[35m\"/Users/sim/TestingPig/employee_utilization_analyzer.py\"\u001b[0m, line \u001b[35m5\u001b[0m, in \u001b[35m<module>\u001b[0m\n    from pymongo import MongoClient, UpdateOne\n\u001b[1;35mModuleNotFoundError\u001b[0m: \u001b[35mNo module named 'pymongo'\u001b[0m\n"
}
[2025-07-11T00:58:03.870Z] [WARN] Script attempt 2 failed, will retry: employee_utilization_analyzer.py {
  "script": "employee_utilization_analyzer.py",
  "duration": "10148ms",
  "exitCode": 1,
  "signal": null,
  "attempt": 2,
  "maxAttempts": 3,
  "error": "Command failed: \"python3\" \"/Users/sim/TestingPig/employee_utilization_analyzer.py\"\nTraceback (most recent call last):\n  File \u001b[35m\"/Users/sim/TestingPig/employee_utilization_analyzer.py\"\u001b[0m, line \u001b[35m5\u001b[0m, in \u001b[35m<module>\u001b[0m\n    from pymongo import MongoClient, UpdateOne\n\u001b[1;35mModuleNotFoundError\u001b[0m: \u001b[35mNo module named 'pymongo'\u001b[0m\n"
}
[2025-07-11T00:58:03.870Z] [WARN] Retry attempt 3 of 2 after 10000ms... {
  "script": "employee_utilization_analyzer.py",
  "previousError": "Command failed: \"python3\" \"/Users/sim/TestingPig/employee_utilization_analyzer.py\"\nTraceback (most recent call last):\n  File \u001b[35m\"/Users/sim/TestingPig/employee_utilization_analyzer.py\"\u001b[0m, line \u001b[35m5\u001b[0m, in \u001b[35m<module>\u001b[0m\n    from pymongo import MongoClient, UpdateOne\n\u001b[1;35mModuleNotFoundError\u001b[0m: \u001b[35mNo module named 'pymongo'\u001b[0m\n"
}
[2025-07-11T00:58:13.936Z] [ERROR] Script failed after 3 attempts: employee_utilization_analyzer.py {
  "script": "employee_utilization_analyzer.py",
  "duration": "20214ms",
  "exitCode": 1,
  "signal": null,
  "attempt": 3,
  "maxAttempts": 3,
  "error": "Command failed: \"python3\" \"/Users/sim/TestingPig/employee_utilization_analyzer.py\"\nTraceback (most recent call last):\n  File \u001b[35m\"/Users/sim/TestingPig/employee_utilization_analyzer.py\"\u001b[0m, line \u001b[35m5\u001b[0m, in \u001b[35m<module>\u001b[0m\n    from pymongo import MongoClient, UpdateOne\n\u001b[1;35mModuleNotFoundError\u001b[0m: \u001b[35mNo module named 'pymongo'\u001b[0m\n"
}
[2025-07-11T00:58:13.937Z] [ERROR] [employee_utilization_analyzer.py STDERR] Traceback (most recent call last):
  File [35m"/Users/sim/TestingPig/employee_utilization_analyzer.py"[0m, line [35m5[0m, in [35m<module>[0m
    from pymongo import MongoClient, UpdateOne
[1;35mModuleNotFoundError[0m: [35mNo module named 'pymongo'[0m

[2025-07-11T00:58:13.937Z] [ERROR] ❌ [1/3] Employee Utilization Analysis failed after 20.2s (attempt 1) {
  "script": "employee_utilization_analyzer.py",
  "duration": "20215ms",
  "attempts": 1,
  "startTime": "2025-07-11T00:57:53.722Z",
  "endTime": "2025-07-11T00:58:13.937Z"
}
[2025-07-11T00:58:13.937Z] [ERROR] 💥 Script failed: employee_utilization_analyzer.py (attempt 1/3) {
  "duration": "20215ms",
  "error": "Script failed after 3 attempts: Command failed: \"python3\" \"/Users/sim/TestingPig/employee_utilization_analyzer.py\"\nTraceback (most recent call last):\n  File \u001b[35m\"/Users/sim/TestingPig/employee_utilization_analyzer.py\"\u001b[0m, line \u001b[35m5\u001b[0m, in \u001b[35m<module>\u001b[0m\n    from pymongo import MongoClient, UpdateOne\n\u001b[1;35mModuleNotFoundError\u001b[0m: \u001b[35mNo module named 'pymongo'\u001b[0m\n",
  "code": "N/A",
  "signal": "N/A"
}
[2025-07-11T00:58:13.938Z] [INFO] ⏳ Waiting 5s before next script...
[2025-07-11T00:58:18.939Z] [INFO] [RESOURCE] Memory: 3.90MB used, 5.06MB total, 39.52MB RSS | Load: 1.98, 2.83, 2.68
[2025-07-11T00:58:18.941Z] [WARN] [WARNING] High memory usage: 77.0% of heap used
[2025-07-11T00:58:18.941Z] [INFO] 
📋 [2/3] Starting script: Attrition Score Calculation {
  "script": "attrition_score.py",
  "args": "",
  "timeout": "3600s",
  "maxRetries": 2,
  "retryDelay": "15000ms"
}
[2025-07-11T00:58:18.943Z] [DEBUG] Executing script: attrition_score.py {
  "args": [],
  "pid": 90354,
  "cwd": "/Users/sim/TestingPig",
  "pythonPath": "python3",
  "timeout": 3600000,
  "maxRetries": 2
}
[2025-07-11T00:58:19.010Z] [WARN] Script attempt 1 failed, will retry: attrition_score.py {
  "script": "attrition_score.py",
  "duration": "68ms",
  "exitCode": 1,
  "signal": null,
  "attempt": 1,
  "maxAttempts": 3,
  "error": "Command failed: \"python3\" \"/Users/sim/TestingPig/attrition_score.py\"\nTraceback (most recent call last):\n  File \u001b[35m\"/Users/sim/TestingPig/attrition_score.py\"\u001b[0m, line \u001b[35m6\u001b[0m, in \u001b[35m<module>\u001b[0m\n    import numpy as np\n\u001b[1;35mModuleNotFoundError\u001b[0m: \u001b[35mNo module named 'numpy'\u001b[0m\n"
}
[2025-07-11T00:58:19.010Z] [WARN] Retry attempt 2 of 2 after 15000ms... {
  "script": "attrition_score.py",
  "previousError": "Command failed: \"python3\" \"/Users/sim/TestingPig/attrition_score.py\"\nTraceback (most recent call last):\n  File \u001b[35m\"/Users/sim/TestingPig/attrition_score.py\"\u001b[0m, line \u001b[35m6\u001b[0m, in \u001b[35m<module>\u001b[0m\n    import numpy as np\n\u001b[1;35mModuleNotFoundError\u001b[0m: \u001b[35mNo module named 'numpy'\u001b[0m\n"
}
[2025-07-11T00:58:34.108Z] [WARN] Script attempt 2 failed, will retry: attrition_score.py {
  "script": "attrition_score.py",
  "duration": "15166ms",
  "exitCode": 1,
  "signal": null,
  "attempt": 2,
  "maxAttempts": 3,
  "error": "Command failed: \"python3\" \"/Users/sim/TestingPig/attrition_score.py\"\nTraceback (most recent call last):\n  File \u001b[35m\"/Users/sim/TestingPig/attrition_score.py\"\u001b[0m, line \u001b[35m6\u001b[0m, in \u001b[35m<module>\u001b[0m\n    import numpy as np\n\u001b[1;35mModuleNotFoundError\u001b[0m: \u001b[35mNo module named 'numpy'\u001b[0m\n"
}
[2025-07-11T00:58:34.108Z] [WARN] Retry attempt 3 of 2 after 15000ms... {
  "script": "attrition_score.py",
  "previousError": "Command failed: \"python3\" \"/Users/sim/TestingPig/attrition_score.py\"\nTraceback (most recent call last):\n  File \u001b[35m\"/Users/sim/TestingPig/attrition_score.py\"\u001b[0m, line \u001b[35m6\u001b[0m, in \u001b[35m<module>\u001b[0m\n    import numpy as np\n\u001b[1;35mModuleNotFoundError\u001b[0m: \u001b[35mNo module named 'numpy'\u001b[0m\n"
}
[2025-07-11T00:58:49.184Z] [ERROR] Script failed after 3 attempts: attrition_score.py {
  "script": "attrition_score.py",
  "duration": "30242ms",
  "exitCode": 1,
  "signal": null,
  "attempt": 3,
  "maxAttempts": 3,
  "error": "Command failed: \"python3\" \"/Users/sim/TestingPig/attrition_score.py\"\nTraceback (most recent call last):\n  File \u001b[35m\"/Users/sim/TestingPig/attrition_score.py\"\u001b[0m, line \u001b[35m6\u001b[0m, in \u001b[35m<module>\u001b[0m\n    import numpy as np\n\u001b[1;35mModuleNotFoundError\u001b[0m: \u001b[35mNo module named 'numpy'\u001b[0m\n"
}
[2025-07-11T00:58:49.184Z] [INFO] [RESOURCE] Memory: 4.38MB used, 5.31MB total, 40.00MB RSS | Load: 1.81, 2.70, 2.64
[2025-07-11T00:58:49.184Z] [WARN] [WARNING] High memory usage: 82.4% of heap used
[2025-07-11T00:58:49.184Z] [ERROR] [attrition_score.py STDERR] Traceback (most recent call last):
  File [35m"/Users/sim/TestingPig/attrition_score.py"[0m, line [35m6[0m, in [35m<module>[0m
    import numpy as np
[1;35mModuleNotFoundError[0m: [35mNo module named 'numpy'[0m

[2025-07-11T00:58:49.185Z] [ERROR] ❌ [2/3] Attrition Score Calculation failed after 30.2s (attempt 1) {
  "script": "attrition_score.py",
  "duration": "30244ms",
  "attempts": 1,
  "startTime": "2025-07-11T00:58:18.942Z",
  "endTime": "2025-07-11T00:58:49.185Z"
}
[2025-07-11T00:58:49.185Z] [ERROR] 💥 Script failed: attrition_score.py (attempt 1/3) {
  "duration": "30244ms",
  "error": "Script failed after 3 attempts: Command failed: \"python3\" \"/Users/sim/TestingPig/attrition_score.py\"\nTraceback (most recent call last):\n  File \u001b[35m\"/Users/sim/TestingPig/attrition_score.py\"\u001b[0m, line \u001b[35m6\u001b[0m, in \u001b[35m<module>\u001b[0m\n    import numpy as np\n\u001b[1;35mModuleNotFoundError\u001b[0m: \u001b[35mNo module named 'numpy'\u001b[0m\n",
  "code": "N/A",
  "signal": "N/A"
}
[2025-07-11T00:58:49.185Z] [INFO] ⏳ Waiting 5s before next script...
[2025-07-11T00:58:54.186Z] [INFO] [RESOURCE] Memory: 4.41MB used, 5.31MB total, 40.03MB RSS | Load: 1.75, 2.68, 2.63
[2025-07-11T00:58:54.187Z] [WARN] [WARNING] High memory usage: 83.1% of heap used
[2025-07-11T00:58:54.188Z] [INFO] 
📋 [3/3] Starting script: Successor Identification {
  "script": "successor_identification.py",
  "args": "--refresh --batch-size=10",
  "timeout": "2700s",
  "maxRetries": 1,
  "retryDelay": "20000ms"
}
[2025-07-11T00:58:54.189Z] [DEBUG] Executing script: successor_identification.py {
  "args": [
    "--refresh",
    "--batch-size=10"
  ],
  "pid": 90354,
  "cwd": "/Users/sim/TestingPig",
  "pythonPath": "python3",
  "timeout": 2700000,
  "maxRetries": 1
}
[2025-07-11T00:58:54.259Z] [WARN] Script attempt 1 failed, will retry: successor_identification.py {
  "script": "successor_identification.py",
  "duration": "70ms",
  "exitCode": 1,
  "signal": null,
  "attempt": 1,
  "maxAttempts": 2,
  "error": "Command failed: \"python3\" \"/Users/sim/TestingPig/successor_identification.py\" \"--refresh\" \"--batch-size=10\"\nTraceback (most recent call last):\n  File \u001b[35m\"/Users/sim/TestingPig/successor_identification.py\"\u001b[0m, line \u001b[35m6\u001b[0m, in \u001b[35m<module>\u001b[0m\n    import numpy as np\n\u001b[1;35mModuleNotFoundError\u001b[0m: \u001b[35mNo module named 'numpy'\u001b[0m\n"
}
[2025-07-11T00:58:54.259Z] [WARN] Retry attempt 2 of 1 after 20000ms... {
  "script": "successor_identification.py",
  "previousError": "Command failed: \"python3\" \"/Users/sim/TestingPig/successor_identification.py\" \"--refresh\" \"--batch-size=10\"\nTraceback (most recent call last):\n  File \u001b[35m\"/Users/sim/TestingPig/successor_identification.py\"\u001b[0m, line \u001b[35m6\u001b[0m, in \u001b[35m<module>\u001b[0m\n    import numpy as np\n\u001b[1;35mModuleNotFoundError\u001b[0m: \u001b[35mNo module named 'numpy'\u001b[0m\n"
}
[2025-07-11T00:59:14.337Z] [ERROR] Script failed after 2 attempts: successor_identification.py {
  "script": "successor_identification.py",
  "duration": "20148ms",
  "exitCode": 1,
  "signal": null,
  "attempt": 2,
  "maxAttempts": 2,
  "error": "Command failed: \"python3\" \"/Users/sim/TestingPig/successor_identification.py\" \"--refresh\" \"--batch-size=10\"\nTraceback (most recent call last):\n  File \u001b[35m\"/Users/sim/TestingPig/successor_identification.py\"\u001b[0m, line \u001b[35m6\u001b[0m, in \u001b[35m<module>\u001b[0m\n    import numpy as np\n\u001b[1;35mModuleNotFoundError\u001b[0m: \u001b[35mNo module named 'numpy'\u001b[0m\n"
}
[2025-07-11T00:59:14.337Z] [ERROR] [successor_identification.py STDERR] Traceback (most recent call last):
  File [35m"/Users/sim/TestingPig/successor_identification.py"[0m, line [35m6[0m, in [35m<module>[0m
    import numpy as np
[1;35mModuleNotFoundError[0m: [35mNo module named 'numpy'[0m

[2025-07-11T00:59:14.337Z] [ERROR] ❌ [3/3] Successor Identification failed after 20.1s (attempt 1) {
  "script": "successor_identification.py",
  "duration": "20149ms",
  "attempts": 1,
  "startTime": "2025-07-11T00:58:54.188Z",
  "endTime": "2025-07-11T00:59:14.337Z"
}
[2025-07-11T00:59:14.338Z] [ERROR] 💥 Script failed: successor_identification.py (attempt 1/2) {
  "duration": "20149ms",
  "error": "Script failed after 2 attempts: Command failed: \"python3\" \"/Users/sim/TestingPig/successor_identification.py\" \"--refresh\" \"--batch-size=10\"\nTraceback (most recent call last):\n  File \u001b[35m\"/Users/sim/TestingPig/successor_identification.py\"\u001b[0m, line \u001b[35m6\u001b[0m, in \u001b[35m<module>\u001b[0m\n    import numpy as np\n\u001b[1;35mModuleNotFoundError\u001b[0m: \u001b[35mNo module named 'numpy'\u001b[0m\n",
  "code": "N/A",
  "signal": "N/A"
}
[2025-07-11T00:59:14.338Z] [INFO] ⏳ Waiting 5s before next script...
[2025-07-11T00:59:19.339Z] [INFO] [RESOURCE] Memory: 4.63MB used, 5.31MB total, 40.30MB RSS | Load: 1.91, 2.64, 2.61
[2025-07-11T00:59:19.340Z] [WARN] [WARNING] High memory usage: 87.2% of heap used
[2025-07-11T00:59:19.341Z] [INFO] 
📊 ====== DATA UPDATE SUMMARY ======
[2025-07-11T00:59:19.342Z] [INFO] 📅 Started: 2025-07-11T00:57:53.722Z
[2025-07-11T00:59:19.342Z] [INFO] 🏁 Finished: 2025-07-11T00:59:19.341Z
[2025-07-11T00:59:19.342Z] [INFO] ⏱️  Total Duration: 1.4 minutes
[2025-07-11T00:59:19.343Z] [INFO] 📋 Scripts: 3 total, 0 successful, 3 failed
[2025-07-11T00:59:19.343Z] [INFO] 📈 Success Rate: 0.0%
[2025-07-11T00:59:19.344Z] [INFO] 
📋 SCRIPT EXECUTION STATUS:
[2025-07-11T00:59:19.351Z] [INFO] 
💾 SYSTEM RESOURCE USAGE:
[2025-07-11T00:59:19.351Z] [INFO] Memory: 4.74MB used / 5.31MB total
[2025-07-11T00:59:19.352Z] [INFO] RSS: 40.75MB
[2025-07-11T00:59:19.352Z] [INFO] Load: 1.91, 2.64, 2.61
[2025-07-11T00:59:19.353Z] [WARN] 
⚠️  COMPLETED WITH 3 OF 3 SCRIPTS FAILING
[2025-07-11T00:59:19.353Z] [INFO] [RESOURCE] Memory: 4.76MB used, 5.31MB total, 40.78MB RSS | Load: 1.91, 2.64, 2.61
[2025-07-11T00:59:19.354Z] [WARN] [WARNING] High memory usage: 89.6% of heap used
[2025-07-11T00:59:19.354Z] [WARN] Initial update completed with 3 failures
[2025-07-11T00:59:19.354Z] [INFO] Initial update completed. Next update in 1440 minutes.
[2025-07-11T01:59:19.351Z] [DEBUG] [2025-07-11T01:59:19.351Z] Daemon is running...
[2025-07-11T01:59:19.354Z] [INFO] [RESOURCE] Memory: 4.03MB used, 5.31MB total, 31.22MB RSS | Load: 1.66, 1.75, 1.91
[2025-07-11T01:59:19.355Z] [WARN] [WARNING] High memory usage: 75.9% of heap used
[2025-07-11T04:51:04.145Z] [INFO] 🚀 Starting data update daemon... {
  "nodeVersion": "v20.19.3",
  "platform": "darwin",
  "arch": "arm64",
  "pid": 39163,
  "cwd": "/Users/sim/TestingPig",
  "system": {
    "cpus": 8,
    "memory": {
      "total": "16.00 GB",
      "free": "0.54 GB",
      "usage": "96.62%"
    },
    "load": [
      3.4638671875,
      3.30712890625,
      3.119140625
    ]
  },
  "env": "production"
}
[2025-07-11T04:51:04.146Z] [INFO] [RESOURCE] Memory: 4.26MB used, 4.56MB total, 38.73MB RSS | Load: 3.46, 3.31, 3.12
[2025-07-11T04:51:04.146Z] [WARN] [WARNING] High memory usage: 93.3% of heap used
[2025-07-11T04:51:04.147Z] [WARN] [WARNING] Critical memory usage - consider increasing Node.js memory limit
[2025-07-11T04:51:04.147Z] [INFO] Performing initial data update...
[2025-07-11T04:51:04.148Z] [INFO] 🚀 Starting scheduled data updates... {
  "system": {
    "platform": "darwin",
    "arch": "arm64",
    "node": "v20.19.3",
    "pid": 39163,
    "cpus": 8,
    "memory": {
      "total": "16.00 GB",
      "free": "0.53 GB",
      "usage": "96.69%"
    }
  },
  "totalScripts": 3,
  "logLevel": "INFO"
}
[2025-07-11T04:51:04.148Z] [INFO] 
📋 [1/3] Starting script: Employee Utilization Analysis {
  "script": "employee_utilization_analyzer.py",
  "args": "",
  "timeout": "1800s",
  "maxRetries": 2,
  "retryDelay": "10000ms"
}
[2025-07-11T04:51:04.149Z] [DEBUG] Executing script: employee_utilization_analyzer.py {
  "args": [],
  "pid": 39163,
  "cwd": "/Users/sim/TestingPig",
  "pythonPath": "python3",
  "timeout": 1800000,
  "maxRetries": 2
}
[2025-07-11T04:51:04.234Z] [WARN] Script attempt 1 failed, will retry: employee_utilization_analyzer.py {
  "script": "employee_utilization_analyzer.py",
  "duration": "85ms",
  "exitCode": 1,
  "signal": null,
  "attempt": 1,
  "maxAttempts": 3,
  "error": "Command failed: \"python3\" \"/Users/sim/TestingPig/employee_utilization_analyzer.py\"\nTraceback (most recent call last):\n  File \u001b[35m\"/Users/sim/TestingPig/employee_utilization_analyzer.py\"\u001b[0m, line \u001b[35m5\u001b[0m, in \u001b[35m<module>\u001b[0m\n    from pymongo import MongoClient, UpdateOne\n\u001b[1;35mModuleNotFoundError\u001b[0m: \u001b[35mNo module named 'pymongo'\u001b[0m\n"
}
[2025-07-11T04:51:04.234Z] [WARN] Retry attempt 2 of 2 after 10000ms... {
  "script": "employee_utilization_analyzer.py",
  "previousError": "Command failed: \"python3\" \"/Users/sim/TestingPig/employee_utilization_analyzer.py\"\nTraceback (most recent call last):\n  File \u001b[35m\"/Users/sim/TestingPig/employee_utilization_analyzer.py\"\u001b[0m, line \u001b[35m5\u001b[0m, in \u001b[35m<module>\u001b[0m\n    from pymongo import MongoClient, UpdateOne\n\u001b[1;35mModuleNotFoundError\u001b[0m: \u001b[35mNo module named 'pymongo'\u001b[0m\n"
}
[2025-07-11T04:51:14.322Z] [WARN] Script attempt 2 failed, will retry: employee_utilization_analyzer.py {
  "script": "employee_utilization_analyzer.py",
  "duration": "10173ms",
  "exitCode": 1,
  "signal": null,
  "attempt": 2,
  "maxAttempts": 3,
  "error": "Command failed: \"python3\" \"/Users/sim/TestingPig/employee_utilization_analyzer.py\"\nTraceback (most recent call last):\n  File \u001b[35m\"/Users/sim/TestingPig/employee_utilization_analyzer.py\"\u001b[0m, line \u001b[35m5\u001b[0m, in \u001b[35m<module>\u001b[0m\n    from pymongo import MongoClient, UpdateOne\n\u001b[1;35mModuleNotFoundError\u001b[0m: \u001b[35mNo module named 'pymongo'\u001b[0m\n"
}
[2025-07-11T04:51:14.322Z] [WARN] Retry attempt 3 of 2 after 10000ms... {
  "script": "employee_utilization_analyzer.py",
  "previousError": "Command failed: \"python3\" \"/Users/sim/TestingPig/employee_utilization_analyzer.py\"\nTraceback (most recent call last):\n  File \u001b[35m\"/Users/sim/TestingPig/employee_utilization_analyzer.py\"\u001b[0m, line \u001b[35m5\u001b[0m, in \u001b[35m<module>\u001b[0m\n    from pymongo import MongoClient, UpdateOne\n\u001b[1;35mModuleNotFoundError\u001b[0m: \u001b[35mNo module named 'pymongo'\u001b[0m\n"
}
[2025-07-11T04:51:24.396Z] [ERROR] Script failed after 3 attempts: employee_utilization_analyzer.py {
  "script": "employee_utilization_analyzer.py",
  "duration": "20247ms",
  "exitCode": 1,
  "signal": null,
  "attempt": 3,
  "maxAttempts": 3,
  "error": "Command failed: \"python3\" \"/Users/sim/TestingPig/employee_utilization_analyzer.py\"\nTraceback (most recent call last):\n  File \u001b[35m\"/Users/sim/TestingPig/employee_utilization_analyzer.py\"\u001b[0m, line \u001b[35m5\u001b[0m, in \u001b[35m<module>\u001b[0m\n    from pymongo import MongoClient, UpdateOne\n\u001b[1;35mModuleNotFoundError\u001b[0m: \u001b[35mNo module named 'pymongo'\u001b[0m\n"
}
[2025-07-11T04:51:24.396Z] [ERROR] [employee_utilization_analyzer.py STDERR] Traceback (most recent call last):
  File [35m"/Users/sim/TestingPig/employee_utilization_analyzer.py"[0m, line [35m5[0m, in [35m<module>[0m
    from pymongo import MongoClient, UpdateOne
[1;35mModuleNotFoundError[0m: [35mNo module named 'pymongo'[0m

[2025-07-11T04:51:24.397Z] [ERROR] ❌ [1/3] Employee Utilization Analysis failed after 20.2s (attempt 1) {
  "script": "employee_utilization_analyzer.py",
  "duration": "20249ms",
  "attempts": 1,
  "startTime": "2025-07-11T04:51:04.148Z",
  "endTime": "2025-07-11T04:51:24.397Z"
}
[2025-07-11T04:51:24.397Z] [ERROR] 💥 Script failed: employee_utilization_analyzer.py (attempt 1/3) {
  "duration": "20249ms",
  "error": "Script failed after 3 attempts: Command failed: \"python3\" \"/Users/sim/TestingPig/employee_utilization_analyzer.py\"\nTraceback (most recent call last):\n  File \u001b[35m\"/Users/sim/TestingPig/employee_utilization_analyzer.py\"\u001b[0m, line \u001b[35m5\u001b[0m, in \u001b[35m<module>\u001b[0m\n    from pymongo import MongoClient, UpdateOne\n\u001b[1;35mModuleNotFoundError\u001b[0m: \u001b[35mNo module named 'pymongo'\u001b[0m\n",
  "code": "N/A",
  "signal": "N/A"
}
[2025-07-11T04:51:24.397Z] [INFO] ⏳ Waiting 5s before next script...
[2025-07-11T04:51:29.399Z] [INFO] [RESOURCE] Memory: 3.86MB used, 4.81MB total, 36.59MB RSS | Load: 2.74, 3.15, 3.07
[2025-07-11T04:51:29.400Z] [WARN] [WARNING] High memory usage: 80.2% of heap used
[2025-07-11T04:51:29.401Z] [INFO] 
📋 [2/3] Starting script: Attrition Score Calculation {
  "script": "attrition_score.py",
  "args": "",
  "timeout": "3600s",
  "maxRetries": 2,
  "retryDelay": "15000ms"
}
[2025-07-11T04:51:29.402Z] [DEBUG] Executing script: attrition_score.py {
  "args": [],
  "pid": 39163,
  "cwd": "/Users/sim/TestingPig",
  "pythonPath": "python3",
  "timeout": 3600000,
  "maxRetries": 2
}
[2025-07-11T04:51:29.469Z] [WARN] Script attempt 1 failed, will retry: attrition_score.py {
  "script": "attrition_score.py",
  "duration": "67ms",
  "exitCode": 1,
  "signal": null,
  "attempt": 1,
  "maxAttempts": 3,
  "error": "Command failed: \"python3\" \"/Users/sim/TestingPig/attrition_score.py\"\nTraceback (most recent call last):\n  File \u001b[35m\"/Users/sim/TestingPig/attrition_score.py\"\u001b[0m, line \u001b[35m6\u001b[0m, in \u001b[35m<module>\u001b[0m\n    import numpy as np\n\u001b[1;35mModuleNotFoundError\u001b[0m: \u001b[35mNo module named 'numpy'\u001b[0m\n"
}
[2025-07-11T04:51:29.469Z] [WARN] Retry attempt 2 of 2 after 15000ms... {
  "script": "attrition_score.py",
  "previousError": "Command failed: \"python3\" \"/Users/sim/TestingPig/attrition_score.py\"\nTraceback (most recent call last):\n  File \u001b[35m\"/Users/sim/TestingPig/attrition_score.py\"\u001b[0m, line \u001b[35m6\u001b[0m, in \u001b[35m<module>\u001b[0m\n    import numpy as np\n\u001b[1;35mModuleNotFoundError\u001b[0m: \u001b[35mNo module named 'numpy'\u001b[0m\n"
}
[2025-07-11T04:51:44.531Z] [WARN] Script attempt 2 failed, will retry: attrition_score.py {
  "script": "attrition_score.py",
  "duration": "15129ms",
  "exitCode": 1,
  "signal": null,
  "attempt": 2,
  "maxAttempts": 3,
  "error": "Command failed: \"python3\" \"/Users/sim/TestingPig/attrition_score.py\"\nTraceback (most recent call last):\n  File \u001b[35m\"/Users/sim/TestingPig/attrition_score.py\"\u001b[0m, line \u001b[35m6\u001b[0m, in \u001b[35m<module>\u001b[0m\n    import numpy as np\n\u001b[1;35mModuleNotFoundError\u001b[0m: \u001b[35mNo module named 'numpy'\u001b[0m\n"
}
[2025-07-11T04:51:44.531Z] [WARN] Retry attempt 3 of 2 after 15000ms... {
  "script": "attrition_score.py",
  "previousError": "Command failed: \"python3\" \"/Users/sim/TestingPig/attrition_score.py\"\nTraceback (most recent call last):\n  File \u001b[35m\"/Users/sim/TestingPig/attrition_score.py\"\u001b[0m, line \u001b[35m6\u001b[0m, in \u001b[35m<module>\u001b[0m\n    import numpy as np\n\u001b[1;35mModuleNotFoundError\u001b[0m: \u001b[35mNo module named 'numpy'\u001b[0m\n"
}
[2025-07-11T04:51:59.621Z] [ERROR] Script failed after 3 attempts: attrition_score.py {
  "script": "attrition_score.py",
  "duration": "30219ms",
  "exitCode": 1,
  "signal": null,
  "attempt": 3,
  "maxAttempts": 3,
  "error": "Command failed: \"python3\" \"/Users/sim/TestingPig/attrition_score.py\"\nTraceback (most recent call last):\n  File \u001b[35m\"/Users/sim/TestingPig/attrition_score.py\"\u001b[0m, line \u001b[35m6\u001b[0m, in \u001b[35m<module>\u001b[0m\n    import numpy as np\n\u001b[1;35mModuleNotFoundError\u001b[0m: \u001b[35mNo module named 'numpy'\u001b[0m\n"
}
[2025-07-11T04:51:59.621Z] [INFO] [RESOURCE] Memory: 4.34MB used, 5.06MB total, 37.17MB RSS | Load: 2.11, 2.96, 3.00
[2025-07-11T04:51:59.621Z] [WARN] [WARNING] High memory usage: 85.7% of heap used
[2025-07-11T04:51:59.621Z] [ERROR] [attrition_score.py STDERR] Traceback (most recent call last):
  File [35m"/Users/sim/TestingPig/attrition_score.py"[0m, line [35m6[0m, in [35m<module>[0m
    import numpy as np
[1;35mModuleNotFoundError[0m: [35mNo module named 'numpy'[0m

[2025-07-11T04:51:59.621Z] [ERROR] ❌ [2/3] Attrition Score Calculation failed after 30.2s (attempt 1) {
  "script": "attrition_score.py",
  "duration": "30220ms",
  "attempts": 1,
  "startTime": "2025-07-11T04:51:29.402Z",
  "endTime": "2025-07-11T04:51:59.621Z"
}
[2025-07-11T04:51:59.621Z] [ERROR] 💥 Script failed: attrition_score.py (attempt 1/3) {
  "duration": "30220ms",
  "error": "Script failed after 3 attempts: Command failed: \"python3\" \"/Users/sim/TestingPig/attrition_score.py\"\nTraceback (most recent call last):\n  File \u001b[35m\"/Users/sim/TestingPig/attrition_score.py\"\u001b[0m, line \u001b[35m6\u001b[0m, in \u001b[35m<module>\u001b[0m\n    import numpy as np\n\u001b[1;35mModuleNotFoundError\u001b[0m: \u001b[35mNo module named 'numpy'\u001b[0m\n",
  "code": "N/A",
  "signal": "N/A"
}
[2025-07-11T04:51:59.622Z] [INFO] ⏳ Waiting 5s before next script...
[2025-07-11T04:52:04.623Z] [INFO] [RESOURCE] Memory: 4.38MB used, 5.06MB total, 37.22MB RSS | Load: 2.02, 2.93, 2.99
[2025-07-11T04:52:04.624Z] [WARN] [WARNING] High memory usage: 86.4% of heap used
[2025-07-11T04:52:04.625Z] [INFO] 
📋 [3/3] Starting script: Successor Identification {
  "script": "successor_identification.py",
  "args": "--refresh --batch-size=10",
  "timeout": "2700s",
  "maxRetries": 1,
  "retryDelay": "20000ms"
}
[2025-07-11T04:52:04.626Z] [DEBUG] Executing script: successor_identification.py {
  "args": [
    "--refresh",
    "--batch-size=10"
  ],
  "pid": 39163,
  "cwd": "/Users/sim/TestingPig",
  "pythonPath": "python3",
  "timeout": 2700000,
  "maxRetries": 1
}
[2025-07-11T04:52:04.690Z] [WARN] Script attempt 1 failed, will retry: successor_identification.py {
  "script": "successor_identification.py",
  "duration": "65ms",
  "exitCode": 1,
  "signal": null,
  "attempt": 1,
  "maxAttempts": 2,
  "error": "Command failed: \"python3\" \"/Users/sim/TestingPig/successor_identification.py\" \"--refresh\" \"--batch-size=10\"\nTraceback (most recent call last):\n  File \u001b[35m\"/Users/sim/TestingPig/successor_identification.py\"\u001b[0m, line \u001b[35m6\u001b[0m, in \u001b[35m<module>\u001b[0m\n    import numpy as np\n\u001b[1;35mModuleNotFoundError\u001b[0m: \u001b[35mNo module named 'numpy'\u001b[0m\n"
}
[2025-07-11T04:52:04.691Z] [WARN] Retry attempt 2 of 1 after 20000ms... {
  "script": "successor_identification.py",
  "previousError": "Command failed: \"python3\" \"/Users/sim/TestingPig/successor_identification.py\" \"--refresh\" \"--batch-size=10\"\nTraceback (most recent call last):\n  File \u001b[35m\"/Users/sim/TestingPig/successor_identification.py\"\u001b[0m, line \u001b[35m6\u001b[0m, in \u001b[35m<module>\u001b[0m\n    import numpy as np\n\u001b[1;35mModuleNotFoundError\u001b[0m: \u001b[35mNo module named 'numpy'\u001b[0m\n"
}
[2025-07-11T04:52:24.781Z] [ERROR] Script failed after 2 attempts: successor_identification.py {
  "script": "successor_identification.py",
  "duration": "20156ms",
  "exitCode": 1,
  "signal": null,
  "attempt": 2,
  "maxAttempts": 2,
  "error": "Command failed: \"python3\" \"/Users/sim/TestingPig/successor_identification.py\" \"--refresh\" \"--batch-size=10\"\nTraceback (most recent call last):\n  File \u001b[35m\"/Users/sim/TestingPig/successor_identification.py\"\u001b[0m, line \u001b[35m6\u001b[0m, in \u001b[35m<module>\u001b[0m\n    import numpy as np\n\u001b[1;35mModuleNotFoundError\u001b[0m: \u001b[35mNo module named 'numpy'\u001b[0m\n"
}
[2025-07-11T04:52:24.781Z] [ERROR] [successor_identification.py STDERR] Traceback (most recent call last):
  File [35m"/Users/sim/TestingPig/successor_identification.py"[0m, line [35m6[0m, in [35m<module>[0m
    import numpy as np
[1;35mModuleNotFoundError[0m: [35mNo module named 'numpy'[0m

[2025-07-11T04:52:24.781Z] [ERROR] ❌ [3/3] Successor Identification failed after 20.2s (attempt 1) {
  "script": "successor_identification.py",
  "duration": "20156ms",
  "attempts": 1,
  "startTime": "2025-07-11T04:52:04.625Z",
  "endTime": "2025-07-11T04:52:24.781Z"
}
[2025-07-11T04:52:24.781Z] [ERROR] 💥 Script failed: successor_identification.py (attempt 1/2) {
  "duration": "20156ms",
  "error": "Script failed after 2 attempts: Command failed: \"python3\" \"/Users/sim/TestingPig/successor_identification.py\" \"--refresh\" \"--batch-size=10\"\nTraceback (most recent call last):\n  File \u001b[35m\"/Users/sim/TestingPig/successor_identification.py\"\u001b[0m, line \u001b[35m6\u001b[0m, in \u001b[35m<module>\u001b[0m\n    import numpy as np\n\u001b[1;35mModuleNotFoundError\u001b[0m: \u001b[35mNo module named 'numpy'\u001b[0m\n",
  "code": "N/A",
  "signal": "N/A"
}
[2025-07-11T04:52:24.781Z] [INFO] ⏳ Waiting 5s before next script...
[2025-07-11T04:52:29.783Z] [INFO] [RESOURCE] Memory: 4.60MB used, 5.06MB total, 37.52MB RSS | Load: 1.81, 2.80, 2.94
[2025-07-11T04:52:29.784Z] [WARN] [WARNING] High memory usage: 90.8% of heap used
[2025-07-11T04:52:29.784Z] [WARN] [WARNING] Critical memory usage - consider increasing Node.js memory limit
[2025-07-11T04:52:29.785Z] [INFO] 
📊 ====== DATA UPDATE SUMMARY ======
[2025-07-11T04:52:29.785Z] [INFO] 📅 Started: 2025-07-11T04:51:04.148Z
[2025-07-11T04:52:29.786Z] [INFO] 🏁 Finished: 2025-07-11T04:52:29.785Z
[2025-07-11T04:52:29.786Z] [INFO] ⏱️  Total Duration: 1.4 minutes
[2025-07-11T04:52:29.786Z] [INFO] 📋 Scripts: 3 total, 0 successful, 3 failed
[2025-07-11T04:52:29.786Z] [INFO] 📈 Success Rate: 0.0%
[2025-07-11T04:52:29.786Z] [INFO] 
📋 SCRIPT EXECUTION STATUS:
[2025-07-11T04:52:29.790Z] [INFO] 
💾 SYSTEM RESOURCE USAGE:
[2025-07-11T04:52:29.791Z] [INFO] Memory: 4.70MB used / 5.06MB total
[2025-07-11T04:52:29.791Z] [INFO] RSS: 38.03MB
[2025-07-11T04:52:29.791Z] [INFO] Load: 1.81, 2.80, 2.94
[2025-07-11T04:52:29.791Z] [WARN] 
⚠️  COMPLETED WITH 3 OF 3 SCRIPTS FAILING
[2025-07-11T04:52:29.792Z] [INFO] [RESOURCE] Memory: 4.72MB used, 5.06MB total, 38.05MB RSS | Load: 1.81, 2.80, 2.94
[2025-07-11T04:52:29.792Z] [WARN] [WARNING] High memory usage: 93.3% of heap used
[2025-07-11T04:52:29.792Z] [WARN] [WARNING] Critical memory usage - consider increasing Node.js memory limit
[2025-07-11T04:52:29.792Z] [WARN] Initial update completed with 3 failures
[2025-07-11T04:52:29.792Z] [INFO] Initial update completed. Next update in 1440 minutes.
