[2025-07-21T00:36:53.685Z] [DEBUG] [2025-07-21T00:36:53.685Z] Daemon is running...
[2025-07-21T00:36:53.686Z] [INFO] [RESOURCE] Memory: 4.03MB used, 5.06MB total, 32.52MB RSS | Load: 1.40, 1.15, 1.13
[2025-07-21T00:36:53.686Z] [WARN] [WARNING] High memory usage: 79.5% of heap used
[2025-07-21T02:02:27.219Z] [DEBUG] [2025-07-21T02:02:27.219Z] Daemon is running...
[2025-07-21T02:02:27.221Z] [INFO] [RESOURCE] Memory: 4.04MB used, 5.06MB total, 30.84MB RSS | Load: 2.16, 1.88, 1.80
[2025-07-21T02:02:27.223Z] [WARN] [WARNING] High memory usage: 79.8% of heap used
[2025-07-21T03:02:27.236Z] [DEBUG] [2025-07-21T03:02:27.236Z] Daemon is running...
[2025-07-21T03:02:27.238Z] [INFO] [RESOURCE] Memory: 4.05MB used, 5.06MB total, 29.41MB RSS | Load: 1.81, 2.33, 2.01
[2025-07-21T03:02:27.239Z] [WARN] [WARNING] High memory usage: 80.1% of heap used
[2025-07-21T12:12:57.083Z] [INFO] 🚀 Starting data update daemon... {
  "nodeVersion": "v20.19.3",
  "platform": "darwin",
  "arch": "arm64",
  "pid": 62635,
  "cwd": "/Users/sim/TestingPig",
  "system": {
    "cpus": 8,
    "memory": {
      "total": "16.00 GB",
      "free": "8.14 GB",
      "usage": "49.11%"
    },
    "load": [
      2.8779296875,
      2.4013671875,
      2.09130859375
    ]
  },
  "env": "production"
}
[2025-07-21T12:12:57.084Z] [INFO] [RESOURCE] Memory: 4.25MB used, 4.56MB total, 38.41MB RSS | Load: 2.88, 2.40, 2.09
[2025-07-21T12:12:57.084Z] [WARN] [WARNING] High memory usage: 93.3% of heap used
[2025-07-21T12:12:57.084Z] [WARN] [WARNING] Critical memory usage - consider increasing Node.js memory limit
[2025-07-21T12:12:57.084Z] [INFO] Performing initial data update...
[2025-07-21T12:12:57.085Z] [INFO] 🚀 Starting scheduled data updates... {
  "system": {
    "platform": "darwin",
    "arch": "arm64",
    "node": "v20.19.3",
    "pid": 62635,
    "cpus": 8,
    "memory": {
      "total": "16.00 GB",
      "free": "8.14 GB",
      "usage": "49.11%"
    }
  },
  "totalScripts": 3,
  "logLevel": "INFO"
}
[2025-07-21T12:12:57.085Z] [INFO] 
📋 [1/3] Starting script: Employee Utilization Analysis {
  "script": "employee_utilization_analyzer.py",
  "args": "",
  "timeout": "1800s",
  "maxRetries": 2,
  "retryDelay": "10000ms"
}
[2025-07-21T12:12:57.085Z] [DEBUG] Executing script: employee_utilization_analyzer.py {
  "args": [],
  "pid": 62635,
  "cwd": "/Users/sim/TestingPig",
  "pythonPath": "python3",
  "timeout": 1800000,
  "maxRetries": 2
}
[2025-07-21T12:12:57.134Z] [WARN] Script attempt 1 failed, will retry: employee_utilization_analyzer.py {
  "script": "employee_utilization_analyzer.py",
  "duration": "49ms",
  "exitCode": 1,
  "signal": null,
  "attempt": 1,
  "maxAttempts": 3,
  "error": "Command failed: \"python3\" \"/Users/sim/TestingPig/employee_utilization_analyzer.py\"\nTraceback (most recent call last):\n  File \u001b[35m\"/Users/sim/TestingPig/employee_utilization_analyzer.py\"\u001b[0m, line \u001b[35m5\u001b[0m, in \u001b[35m<module>\u001b[0m\n    from pymongo import MongoClient, UpdateOne\n\u001b[1;35mModuleNotFoundError\u001b[0m: \u001b[35mNo module named 'pymongo'\u001b[0m\n"
}
[2025-07-21T12:12:57.134Z] [WARN] Retry attempt 2 of 2 after 10000ms... {
  "script": "employee_utilization_analyzer.py",
  "previousError": "Command failed: \"python3\" \"/Users/sim/TestingPig/employee_utilization_analyzer.py\"\nTraceback (most recent call last):\n  File \u001b[35m\"/Users/sim/TestingPig/employee_utilization_analyzer.py\"\u001b[0m, line \u001b[35m5\u001b[0m, in \u001b[35m<module>\u001b[0m\n    from pymongo import MongoClient, UpdateOne\n\u001b[1;35mModuleNotFoundError\u001b[0m: \u001b[35mNo module named 'pymongo'\u001b[0m\n"
}
[2025-07-21T12:13:07.206Z] [WARN] Script attempt 2 failed, will retry: employee_utilization_analyzer.py {
  "script": "employee_utilization_analyzer.py",
  "duration": "10121ms",
  "exitCode": 1,
  "signal": null,
  "attempt": 2,
  "maxAttempts": 3,
  "error": "Command failed: \"python3\" \"/Users/sim/TestingPig/employee_utilization_analyzer.py\"\nTraceback (most recent call last):\n  File \u001b[35m\"/Users/sim/TestingPig/employee_utilization_analyzer.py\"\u001b[0m, line \u001b[35m5\u001b[0m, in \u001b[35m<module>\u001b[0m\n    from pymongo import MongoClient, UpdateOne\n\u001b[1;35mModuleNotFoundError\u001b[0m: \u001b[35mNo module named 'pymongo'\u001b[0m\n"
}
[2025-07-21T12:13:07.206Z] [WARN] Retry attempt 3 of 2 after 10000ms... {
  "script": "employee_utilization_analyzer.py",
  "previousError": "Command failed: \"python3\" \"/Users/sim/TestingPig/employee_utilization_analyzer.py\"\nTraceback (most recent call last):\n  File \u001b[35m\"/Users/sim/TestingPig/employee_utilization_analyzer.py\"\u001b[0m, line \u001b[35m5\u001b[0m, in \u001b[35m<module>\u001b[0m\n    from pymongo import MongoClient, UpdateOne\n\u001b[1;35mModuleNotFoundError\u001b[0m: \u001b[35mNo module named 'pymongo'\u001b[0m\n"
}
[2025-07-21T12:13:17.246Z] [ERROR] Script failed after 3 attempts: employee_utilization_analyzer.py {
  "script": "employee_utilization_analyzer.py",
  "duration": "20161ms",
  "exitCode": 1,
  "signal": null,
  "attempt": 3,
  "maxAttempts": 3,
  "error": "Command failed: \"python3\" \"/Users/sim/TestingPig/employee_utilization_analyzer.py\"\nTraceback (most recent call last):\n  File \u001b[35m\"/Users/sim/TestingPig/employee_utilization_analyzer.py\"\u001b[0m, line \u001b[35m5\u001b[0m, in \u001b[35m<module>\u001b[0m\n    from pymongo import MongoClient, UpdateOne\n\u001b[1;35mModuleNotFoundError\u001b[0m: \u001b[35mNo module named 'pymongo'\u001b[0m\n"
}
[2025-07-21T12:13:17.247Z] [ERROR] [employee_utilization_analyzer.py STDERR] Traceback (most recent call last):
  File [35m"/Users/sim/TestingPig/employee_utilization_analyzer.py"[0m, line [35m5[0m, in [35m<module>[0m
    from pymongo import MongoClient, UpdateOne
[1;35mModuleNotFoundError[0m: [35mNo module named 'pymongo'[0m

[2025-07-21T12:13:17.247Z] [ERROR] ❌ [1/3] Employee Utilization Analysis failed after 20.2s (attempt 1) {
  "script": "employee_utilization_analyzer.py",
  "duration": "20162ms",
  "attempts": 1,
  "startTime": "2025-07-21T12:12:57.085Z",
  "endTime": "2025-07-21T12:13:17.247Z"
}
[2025-07-21T12:13:17.247Z] [ERROR] 💥 Script failed: employee_utilization_analyzer.py (attempt 1/3) {
  "duration": "20162ms",
  "error": "Script failed after 3 attempts: Command failed: \"python3\" \"/Users/sim/TestingPig/employee_utilization_analyzer.py\"\nTraceback (most recent call last):\n  File \u001b[35m\"/Users/sim/TestingPig/employee_utilization_analyzer.py\"\u001b[0m, line \u001b[35m5\u001b[0m, in \u001b[35m<module>\u001b[0m\n    from pymongo import MongoClient, UpdateOne\n\u001b[1;35mModuleNotFoundError\u001b[0m: \u001b[35mNo module named 'pymongo'\u001b[0m\n",
  "code": "N/A",
  "signal": "N/A"
}
[2025-07-21T12:13:17.247Z] [INFO] ⏳ Waiting 5s before next script...
[2025-07-21T12:13:22.249Z] [INFO] [RESOURCE] Memory: 3.91MB used, 5.06MB total, 39.31MB RSS | Load: 2.87, 2.45, 2.12
[2025-07-21T12:13:22.250Z] [WARN] [WARNING] High memory usage: 77.2% of heap used
[2025-07-21T12:13:22.251Z] [INFO] 
📋 [2/3] Starting script: Attrition Score Calculation {
  "script": "attrition_score.py",
  "args": "",
  "timeout": "3600s",
  "maxRetries": 2,
  "retryDelay": "15000ms"
}
[2025-07-21T12:13:22.252Z] [DEBUG] Executing script: attrition_score.py {
  "args": [],
  "pid": 62635,
  "cwd": "/Users/sim/TestingPig",
  "pythonPath": "python3",
  "timeout": 3600000,
  "maxRetries": 2
}
[2025-07-21T12:13:22.319Z] [WARN] Script attempt 1 failed, will retry: attrition_score.py {
  "script": "attrition_score.py",
  "duration": "67ms",
  "exitCode": 1,
  "signal": null,
  "attempt": 1,
  "maxAttempts": 3,
  "error": "Command failed: \"python3\" \"/Users/sim/TestingPig/attrition_score.py\"\nTraceback (most recent call last):\n  File \u001b[35m\"/Users/sim/TestingPig/attrition_score.py\"\u001b[0m, line \u001b[35m6\u001b[0m, in \u001b[35m<module>\u001b[0m\n    import numpy as np\n\u001b[1;35mModuleNotFoundError\u001b[0m: \u001b[35mNo module named 'numpy'\u001b[0m\n"
}
[2025-07-21T12:13:22.320Z] [WARN] Retry attempt 2 of 2 after 15000ms... {
  "script": "attrition_score.py",
  "previousError": "Command failed: \"python3\" \"/Users/sim/TestingPig/attrition_score.py\"\nTraceback (most recent call last):\n  File \u001b[35m\"/Users/sim/TestingPig/attrition_score.py\"\u001b[0m, line \u001b[35m6\u001b[0m, in \u001b[35m<module>\u001b[0m\n    import numpy as np\n\u001b[1;35mModuleNotFoundError\u001b[0m: \u001b[35mNo module named 'numpy'\u001b[0m\n"
}
[2025-07-21T12:13:37.373Z] [WARN] Script attempt 2 failed, will retry: attrition_score.py {
  "script": "attrition_score.py",
  "duration": "15121ms",
  "exitCode": 1,
  "signal": null,
  "attempt": 2,
  "maxAttempts": 3,
  "error": "Command failed: \"python3\" \"/Users/sim/TestingPig/attrition_score.py\"\nTraceback (most recent call last):\n  File \u001b[35m\"/Users/sim/TestingPig/attrition_score.py\"\u001b[0m, line \u001b[35m6\u001b[0m, in \u001b[35m<module>\u001b[0m\n    import numpy as np\n\u001b[1;35mModuleNotFoundError\u001b[0m: \u001b[35mNo module named 'numpy'\u001b[0m\n"
}
[2025-07-21T12:13:37.373Z] [WARN] Retry attempt 3 of 2 after 15000ms... {
  "script": "attrition_score.py",
  "previousError": "Command failed: \"python3\" \"/Users/sim/TestingPig/attrition_score.py\"\nTraceback (most recent call last):\n  File \u001b[35m\"/Users/sim/TestingPig/attrition_score.py\"\u001b[0m, line \u001b[35m6\u001b[0m, in \u001b[35m<module>\u001b[0m\n    import numpy as np\n\u001b[1;35mModuleNotFoundError\u001b[0m: \u001b[35mNo module named 'numpy'\u001b[0m\n"
}
[2025-07-21T12:13:52.438Z] [ERROR] Script failed after 3 attempts: attrition_score.py {
  "script": "attrition_score.py",
  "duration": "30186ms",
  "exitCode": 1,
  "signal": null,
  "attempt": 3,
  "maxAttempts": 3,
  "error": "Command failed: \"python3\" \"/Users/sim/TestingPig/attrition_score.py\"\nTraceback (most recent call last):\n  File \u001b[35m\"/Users/sim/TestingPig/attrition_score.py\"\u001b[0m, line \u001b[35m6\u001b[0m, in \u001b[35m<module>\u001b[0m\n    import numpy as np\n\u001b[1;35mModuleNotFoundError\u001b[0m: \u001b[35mNo module named 'numpy'\u001b[0m\n"
}
[2025-07-21T12:13:52.439Z] [INFO] [RESOURCE] Memory: 4.39MB used, 5.31MB total, 39.72MB RSS | Load: 3.03, 2.53, 2.16
[2025-07-21T12:13:52.439Z] [WARN] [WARNING] High memory usage: 82.6% of heap used
[2025-07-21T12:13:52.439Z] [ERROR] [attrition_score.py STDERR] Traceback (most recent call last):
  File [35m"/Users/sim/TestingPig/attrition_score.py"[0m, line [35m6[0m, in [35m<module>[0m
    import numpy as np
[1;35mModuleNotFoundError[0m: [35mNo module named 'numpy'[0m

[2025-07-21T12:13:52.439Z] [ERROR] ❌ [2/3] Attrition Score Calculation failed after 30.2s (attempt 1) {
  "script": "attrition_score.py",
  "duration": "30188ms",
  "attempts": 1,
  "startTime": "2025-07-21T12:13:22.252Z",
  "endTime": "2025-07-21T12:13:52.439Z"
}
[2025-07-21T12:13:52.439Z] [ERROR] 💥 Script failed: attrition_score.py (attempt 1/3) {
  "duration": "30188ms",
  "error": "Script failed after 3 attempts: Command failed: \"python3\" \"/Users/sim/TestingPig/attrition_score.py\"\nTraceback (most recent call last):\n  File \u001b[35m\"/Users/sim/TestingPig/attrition_score.py\"\u001b[0m, line \u001b[35m6\u001b[0m, in \u001b[35m<module>\u001b[0m\n    import numpy as np\n\u001b[1;35mModuleNotFoundError\u001b[0m: \u001b[35mNo module named 'numpy'\u001b[0m\n",
  "code": "N/A",
  "signal": "N/A"
}
[2025-07-21T12:13:52.439Z] [INFO] ⏳ Waiting 5s before next script...
[2025-07-21T12:13:57.441Z] [INFO] [RESOURCE] Memory: 4.42MB used, 5.31MB total, 39.77MB RSS | Load: 2.87, 2.50, 2.15
[2025-07-21T12:13:57.442Z] [WARN] [WARNING] High memory usage: 83.2% of heap used
[2025-07-21T12:13:57.443Z] [INFO] 
📋 [3/3] Starting script: Successor Identification {
  "script": "successor_identification.py",
  "args": "--refresh --batch-size=10",
  "timeout": "2700s",
  "maxRetries": 1,
  "retryDelay": "20000ms"
}
[2025-07-21T12:13:57.444Z] [DEBUG] Executing script: successor_identification.py {
  "args": [
    "--refresh",
    "--batch-size=10"
  ],
  "pid": 62635,
  "cwd": "/Users/sim/TestingPig",
  "pythonPath": "python3",
  "timeout": 2700000,
  "maxRetries": 1
}
[2025-07-21T12:13:57.513Z] [WARN] Script attempt 1 failed, will retry: successor_identification.py {
  "script": "successor_identification.py",
  "duration": "70ms",
  "exitCode": 1,
  "signal": null,
  "attempt": 1,
  "maxAttempts": 2,
  "error": "Command failed: \"python3\" \"/Users/sim/TestingPig/successor_identification.py\" \"--refresh\" \"--batch-size=10\"\nTraceback (most recent call last):\n  File \u001b[35m\"/Users/sim/TestingPig/successor_identification.py\"\u001b[0m, line \u001b[35m6\u001b[0m, in \u001b[35m<module>\u001b[0m\n    import numpy as np\n\u001b[1;35mModuleNotFoundError\u001b[0m: \u001b[35mNo module named 'numpy'\u001b[0m\n"
}
[2025-07-21T12:13:57.513Z] [WARN] Retry attempt 2 of 1 after 20000ms... {
  "script": "successor_identification.py",
  "previousError": "Command failed: \"python3\" \"/Users/sim/TestingPig/successor_identification.py\" \"--refresh\" \"--batch-size=10\"\nTraceback (most recent call last):\n  File \u001b[35m\"/Users/sim/TestingPig/successor_identification.py\"\u001b[0m, line \u001b[35m6\u001b[0m, in \u001b[35m<module>\u001b[0m\n    import numpy as np\n\u001b[1;35mModuleNotFoundError\u001b[0m: \u001b[35mNo module named 'numpy'\u001b[0m\n"
}
[2025-07-21T12:14:17.585Z] [ERROR] Script failed after 2 attempts: successor_identification.py {
  "script": "successor_identification.py",
  "duration": "20142ms",
  "exitCode": 1,
  "signal": null,
  "attempt": 2,
  "maxAttempts": 2,
  "error": "Command failed: \"python3\" \"/Users/sim/TestingPig/successor_identification.py\" \"--refresh\" \"--batch-size=10\"\nTraceback (most recent call last):\n  File \u001b[35m\"/Users/sim/TestingPig/successor_identification.py\"\u001b[0m, line \u001b[35m6\u001b[0m, in \u001b[35m<module>\u001b[0m\n    import numpy as np\n\u001b[1;35mModuleNotFoundError\u001b[0m: \u001b[35mNo module named 'numpy'\u001b[0m\n"
}
[2025-07-21T12:14:17.586Z] [ERROR] [successor_identification.py STDERR] Traceback (most recent call last):
  File [35m"/Users/sim/TestingPig/successor_identification.py"[0m, line [35m6[0m, in [35m<module>[0m
    import numpy as np
[1;35mModuleNotFoundError[0m: [35mNo module named 'numpy'[0m

[2025-07-21T12:14:17.586Z] [ERROR] ❌ [3/3] Successor Identification failed after 20.1s (attempt 1) {
  "script": "successor_identification.py",
  "duration": "20143ms",
  "attempts": 1,
  "startTime": "2025-07-21T12:13:57.443Z",
  "endTime": "2025-07-21T12:14:17.586Z"
}
[2025-07-21T12:14:17.586Z] [ERROR] 💥 Script failed: successor_identification.py (attempt 1/2) {
  "duration": "20143ms",
  "error": "Script failed after 2 attempts: Command failed: \"python3\" \"/Users/sim/TestingPig/successor_identification.py\" \"--refresh\" \"--batch-size=10\"\nTraceback (most recent call last):\n  File \u001b[35m\"/Users/sim/TestingPig/successor_identification.py\"\u001b[0m, line \u001b[35m6\u001b[0m, in \u001b[35m<module>\u001b[0m\n    import numpy as np\n\u001b[1;35mModuleNotFoundError\u001b[0m: \u001b[35mNo module named 'numpy'\u001b[0m\n",
  "code": "N/A",
  "signal": "N/A"
}
[2025-07-21T12:14:17.586Z] [INFO] ⏳ Waiting 5s before next script...
[2025-07-21T12:14:22.588Z] [INFO] [RESOURCE] Memory: 4.64MB used, 5.31MB total, 40.06MB RSS | Load: 2.29, 2.40, 2.12
[2025-07-21T12:14:22.589Z] [WARN] [WARNING] High memory usage: 87.4% of heap used
[2025-07-21T12:14:22.589Z] [INFO] 
📊 ====== DATA UPDATE SUMMARY ======
[2025-07-21T12:14:22.590Z] [INFO] 📅 Started: 2025-07-21T12:12:57.085Z
[2025-07-21T12:14:22.590Z] [INFO] 🏁 Finished: 2025-07-21T12:14:22.589Z
[2025-07-21T12:14:22.590Z] [INFO] ⏱️  Total Duration: 1.4 minutes
[2025-07-21T12:14:22.591Z] [INFO] 📋 Scripts: 3 total, 0 successful, 3 failed
[2025-07-21T12:14:22.591Z] [INFO] 📈 Success Rate: 0.0%
[2025-07-21T12:14:22.591Z] [INFO] 
📋 SCRIPT EXECUTION STATUS:
[2025-07-21T12:14:22.596Z] [INFO] 
💾 SYSTEM RESOURCE USAGE:
[2025-07-21T12:14:22.596Z] [INFO] Memory: 4.75MB used / 5.31MB total
[2025-07-21T12:14:22.597Z] [INFO] RSS: 40.52MB
[2025-07-21T12:14:22.597Z] [INFO] Load: 2.29, 2.40, 2.12
[2025-07-21T12:14:22.597Z] [WARN] 
⚠️  COMPLETED WITH 3 OF 3 SCRIPTS FAILING
[2025-07-21T12:14:22.598Z] [INFO] [RESOURCE] Memory: 4.77MB used, 5.31MB total, 40.53MB RSS | Load: 2.29, 2.40, 2.12
[2025-07-21T12:14:22.598Z] [WARN] [WARNING] High memory usage: 89.7% of heap used
[2025-07-21T12:14:22.599Z] [WARN] Initial update completed with 3 failures
[2025-07-21T12:14:22.599Z] [INFO] Initial update completed. Next update in 1440 minutes.
