[2025-07-04T07:52:52.838Z] [INFO] 🚀 Starting data update daemon... {
  "nodeVersion": "v20.19.3",
  "platform": "darwin",
  "arch": "arm64",
  "pid": 83139,
  "cwd": "/Users/sim/TestingPig",
  "system": {
    "cpus": 8,
    "memory": {
      "total": "16.00 GB",
      "free": "1.50 GB",
      "usage": "90.60%"
    },
    "load": [
      1.798828125,
      2.1572265625,
      2.0625
    ]
  },
  "env": "production"
}
[2025-07-04T07:52:52.839Z] [INFO] [RESOURCE] Memory: 4.26MB used, 4.56MB total, 38.39MB RSS | Load: 1.80, 2.16, 2.06
[2025-07-04T07:52:52.840Z] [WARN] [WARNING] High memory usage: 93.3% of heap used
[2025-07-04T07:52:52.840Z] [WARN] [WARNING] Critical memory usage - consider increasing Node.js memory limit
[2025-07-04T07:52:52.840Z] [INFO] Performing initial data update...
[2025-07-04T07:52:52.841Z] [INFO] 🚀 Starting scheduled data updates... {
  "system": {
    "platform": "darwin",
    "arch": "arm64",
    "node": "v20.19.3",
    "pid": 83139,
    "cpus": 8,
    "memory": {
      "total": "16.00 GB",
      "free": "1.50 GB",
      "usage": "90.64%"
    }
  },
  "totalScripts": 4,
  "logLevel": "INFO"
}
[2025-07-04T07:52:52.841Z] [INFO] 
📋 [1/4] Starting script: Employee Utilization Analysis {
  "script": "employee_utilization_analyzer.py",
  "args": "",
  "timeout": "1800s",
  "maxRetries": 2,
  "retryDelay": "10000ms"
}
[2025-07-04T07:52:52.842Z] [DEBUG] Executing script: employee_utilization_analyzer.py {
  "args": [],
  "pid": 83139,
  "cwd": "/Users/sim/TestingPig",
  "pythonPath": "python3",
  "timeout": 1800000,
  "maxRetries": 2
}
[2025-07-04T07:52:52.930Z] [WARN] Script attempt 1 failed, will retry: employee_utilization_analyzer.py {
  "script": "employee_utilization_analyzer.py",
  "duration": "88ms",
  "exitCode": 1,
  "signal": null,
  "attempt": 1,
  "maxAttempts": 3,
  "error": "Command failed: \"python3\" \"/Users/sim/TestingPig/employee_utilization_analyzer.py\"\nTraceback (most recent call last):\n  File \u001b[35m\"/Users/sim/TestingPig/employee_utilization_analyzer.py\"\u001b[0m, line \u001b[35m5\u001b[0m, in \u001b[35m<module>\u001b[0m\n    from pymongo import MongoClient, UpdateOne\n\u001b[1;35mModuleNotFoundError\u001b[0m: \u001b[35mNo module named 'pymongo'\u001b[0m\n"
}
[2025-07-04T07:52:52.930Z] [WARN] Retry attempt 2 of 2 after 10000ms... {
  "script": "employee_utilization_analyzer.py",
  "previousError": "Command failed: \"python3\" \"/Users/sim/TestingPig/employee_utilization_analyzer.py\"\nTraceback (most recent call last):\n  File \u001b[35m\"/Users/sim/TestingPig/employee_utilization_analyzer.py\"\u001b[0m, line \u001b[35m5\u001b[0m, in \u001b[35m<module>\u001b[0m\n    from pymongo import MongoClient, UpdateOne\n\u001b[1;35mModuleNotFoundError\u001b[0m: \u001b[35mNo module named 'pymongo'\u001b[0m\n"
}
[2025-07-04T07:53:03.012Z] [WARN] Script attempt 2 failed, will retry: employee_utilization_analyzer.py {
  "script": "employee_utilization_analyzer.py",
  "duration": "10170ms",
  "exitCode": 1,
  "signal": null,
  "attempt": 2,
  "maxAttempts": 3,
  "error": "Command failed: \"python3\" \"/Users/sim/TestingPig/employee_utilization_analyzer.py\"\nTraceback (most recent call last):\n  File \u001b[35m\"/Users/sim/TestingPig/employee_utilization_analyzer.py\"\u001b[0m, line \u001b[35m5\u001b[0m, in \u001b[35m<module>\u001b[0m\n    from pymongo import MongoClient, UpdateOne\n\u001b[1;35mModuleNotFoundError\u001b[0m: \u001b[35mNo module named 'pymongo'\u001b[0m\n"
}
[2025-07-04T07:53:03.012Z] [WARN] Retry attempt 3 of 2 after 10000ms... {
  "script": "employee_utilization_analyzer.py",
  "previousError": "Command failed: \"python3\" \"/Users/sim/TestingPig/employee_utilization_analyzer.py\"\nTraceback (most recent call last):\n  File \u001b[35m\"/Users/sim/TestingPig/employee_utilization_analyzer.py\"\u001b[0m, line \u001b[35m5\u001b[0m, in \u001b[35m<module>\u001b[0m\n    from pymongo import MongoClient, UpdateOne\n\u001b[1;35mModuleNotFoundError\u001b[0m: \u001b[35mNo module named 'pymongo'\u001b[0m\n"
}
[2025-07-04T07:53:13.093Z] [ERROR] Script failed after 3 attempts: employee_utilization_analyzer.py {
  "script": "employee_utilization_analyzer.py",
  "duration": "20251ms",
  "exitCode": 1,
  "signal": null,
  "attempt": 3,
  "maxAttempts": 3,
  "error": "Command failed: \"python3\" \"/Users/sim/TestingPig/employee_utilization_analyzer.py\"\nTraceback (most recent call last):\n  File \u001b[35m\"/Users/sim/TestingPig/employee_utilization_analyzer.py\"\u001b[0m, line \u001b[35m5\u001b[0m, in \u001b[35m<module>\u001b[0m\n    from pymongo import MongoClient, UpdateOne\n\u001b[1;35mModuleNotFoundError\u001b[0m: \u001b[35mNo module named 'pymongo'\u001b[0m\n"
}
[2025-07-04T07:53:13.094Z] [ERROR] [employee_utilization_analyzer.py STDERR] Traceback (most recent call last):
  File [35m"/Users/sim/TestingPig/employee_utilization_analyzer.py"[0m, line [35m5[0m, in [35m<module>[0m
    from pymongo import MongoClient, UpdateOne
[1;35mModuleNotFoundError[0m: [35mNo module named 'pymongo'[0m

[2025-07-04T07:53:13.094Z] [ERROR] ❌ [1/4] Employee Utilization Analysis failed after 20.3s (attempt 1) {
  "script": "employee_utilization_analyzer.py",
  "duration": "20253ms",
  "attempts": 1,
  "startTime": "2025-07-04T07:52:52.842Z",
  "endTime": "2025-07-04T07:53:13.094Z"
}
[2025-07-04T07:53:13.094Z] [ERROR] 💥 Script failed: employee_utilization_analyzer.py (attempt 1/3) {
  "duration": "20253ms",
  "error": "Script failed after 3 attempts: Command failed: \"python3\" \"/Users/sim/TestingPig/employee_utilization_analyzer.py\"\nTraceback (most recent call last):\n  File \u001b[35m\"/Users/sim/TestingPig/employee_utilization_analyzer.py\"\u001b[0m, line \u001b[35m5\u001b[0m, in \u001b[35m<module>\u001b[0m\n    from pymongo import MongoClient, UpdateOne\n\u001b[1;35mModuleNotFoundError\u001b[0m: \u001b[35mNo module named 'pymongo'\u001b[0m\n",
  "code": "N/A",
  "signal": "N/A"
}
[2025-07-04T07:53:13.094Z] [INFO] ⏳ Waiting 5s before next script...
[2025-07-04T07:53:18.096Z] [INFO] [RESOURCE] Memory: 3.86MB used, 4.81MB total, 34.20MB RSS | Load: 2.08, 2.19, 2.08
[2025-07-04T07:53:18.096Z] [WARN] [WARNING] High memory usage: 80.2% of heap used
[2025-07-04T07:53:18.096Z] [INFO] 
📋 [2/4] Starting script: Attrition Score Calculation {
  "script": "attrition_score.py",
  "args": "",
  "timeout": "3600s",
  "maxRetries": 2,
  "retryDelay": "15000ms"
}
[2025-07-04T07:53:18.097Z] [DEBUG] Executing script: attrition_score.py {
  "args": [],
  "pid": 83139,
  "cwd": "/Users/sim/TestingPig",
  "pythonPath": "python3",
  "timeout": 3600000,
  "maxRetries": 2
}
[2025-07-04T07:53:18.164Z] [WARN] Script attempt 1 failed, will retry: attrition_score.py {
  "script": "attrition_score.py",
  "duration": "67ms",
  "exitCode": 1,
  "signal": null,
  "attempt": 1,
  "maxAttempts": 3,
  "error": "Command failed: \"python3\" \"/Users/sim/TestingPig/attrition_score.py\"\nTraceback (most recent call last):\n  File \u001b[35m\"/Users/sim/TestingPig/attrition_score.py\"\u001b[0m, line \u001b[35m6\u001b[0m, in \u001b[35m<module>\u001b[0m\n    import numpy as np\n\u001b[1;35mModuleNotFoundError\u001b[0m: \u001b[35mNo module named 'numpy'\u001b[0m\n"
}
[2025-07-04T07:53:18.164Z] [WARN] Retry attempt 2 of 2 after 15000ms... {
  "script": "attrition_score.py",
  "previousError": "Command failed: \"python3\" \"/Users/sim/TestingPig/attrition_score.py\"\nTraceback (most recent call last):\n  File \u001b[35m\"/Users/sim/TestingPig/attrition_score.py\"\u001b[0m, line \u001b[35m6\u001b[0m, in \u001b[35m<module>\u001b[0m\n    import numpy as np\n\u001b[1;35mModuleNotFoundError\u001b[0m: \u001b[35mNo module named 'numpy'\u001b[0m\n"
}
[2025-07-04T07:53:33.272Z] [WARN] Script attempt 2 failed, will retry: attrition_score.py {
  "script": "attrition_score.py",
  "duration": "15174ms",
  "exitCode": 1,
  "signal": null,
  "attempt": 2,
  "maxAttempts": 3,
  "error": "Command failed: \"python3\" \"/Users/sim/TestingPig/attrition_score.py\"\nTraceback (most recent call last):\n  File \u001b[35m\"/Users/sim/TestingPig/attrition_score.py\"\u001b[0m, line \u001b[35m6\u001b[0m, in \u001b[35m<module>\u001b[0m\n    import numpy as np\n\u001b[1;35mModuleNotFoundError\u001b[0m: \u001b[35mNo module named 'numpy'\u001b[0m\n"
}
[2025-07-04T07:53:33.273Z] [WARN] Retry attempt 3 of 2 after 15000ms... {
  "script": "attrition_score.py",
  "previousError": "Command failed: \"python3\" \"/Users/sim/TestingPig/attrition_score.py\"\nTraceback (most recent call last):\n  File \u001b[35m\"/Users/sim/TestingPig/attrition_score.py\"\u001b[0m, line \u001b[35m6\u001b[0m, in \u001b[35m<module>\u001b[0m\n    import numpy as np\n\u001b[1;35mModuleNotFoundError\u001b[0m: \u001b[35mNo module named 'numpy'\u001b[0m\n"
}
[2025-07-04T07:53:48.381Z] [ERROR] Script failed after 3 attempts: attrition_score.py {
  "script": "attrition_score.py",
  "duration": "30284ms",
  "exitCode": 1,
  "signal": null,
  "attempt": 3,
  "maxAttempts": 3,
  "error": "Command failed: \"python3\" \"/Users/sim/TestingPig/attrition_score.py\"\nTraceback (most recent call last):\n  File \u001b[35m\"/Users/sim/TestingPig/attrition_score.py\"\u001b[0m, line \u001b[35m6\u001b[0m, in \u001b[35m<module>\u001b[0m\n    import numpy as np\n\u001b[1;35mModuleNotFoundError\u001b[0m: \u001b[35mNo module named 'numpy'\u001b[0m\n"
}
[2025-07-04T07:53:48.381Z] [INFO] [RESOURCE] Memory: 4.34MB used, 5.06MB total, 33.91MB RSS | Load: 2.19, 2.22, 2.09
[2025-07-04T07:53:48.382Z] [WARN] [WARNING] High memory usage: 85.7% of heap used
[2025-07-04T07:53:48.382Z] [ERROR] [attrition_score.py STDERR] Traceback (most recent call last):
  File [35m"/Users/sim/TestingPig/attrition_score.py"[0m, line [35m6[0m, in [35m<module>[0m
    import numpy as np
[1;35mModuleNotFoundError[0m: [35mNo module named 'numpy'[0m

[2025-07-04T07:53:48.382Z] [ERROR] ❌ [2/4] Attrition Score Calculation failed after 30.3s (attempt 1) {
  "script": "attrition_score.py",
  "duration": "30286ms",
  "attempts": 1,
  "startTime": "2025-07-04T07:53:18.096Z",
  "endTime": "2025-07-04T07:53:48.382Z"
}
[2025-07-04T07:53:48.382Z] [ERROR] 💥 Script failed: attrition_score.py (attempt 1/3) {
  "duration": "30286ms",
  "error": "Script failed after 3 attempts: Command failed: \"python3\" \"/Users/sim/TestingPig/attrition_score.py\"\nTraceback (most recent call last):\n  File \u001b[35m\"/Users/sim/TestingPig/attrition_score.py\"\u001b[0m, line \u001b[35m6\u001b[0m, in \u001b[35m<module>\u001b[0m\n    import numpy as np\n\u001b[1;35mModuleNotFoundError\u001b[0m: \u001b[35mNo module named 'numpy'\u001b[0m\n",
  "code": "N/A",
  "signal": "N/A"
}
[2025-07-04T07:53:48.382Z] [INFO] ⏳ Waiting 5s before next script...
[2025-07-04T07:53:53.384Z] [INFO] [RESOURCE] Memory: 4.37MB used, 5.06MB total, 33.95MB RSS | Load: 2.18, 2.21, 2.09
[2025-07-04T07:53:53.384Z] [WARN] [WARNING] High memory usage: 86.4% of heap used
[2025-07-04T07:53:53.385Z] [INFO] 
📋 [3/4] Starting script: Successor Identification {
  "script": "successor_identification.py",
  "args": "--refresh --batch-size=10",
  "timeout": "2700s",
  "maxRetries": 1,
  "retryDelay": "20000ms"
}
[2025-07-04T07:53:53.386Z] [DEBUG] Executing script: successor_identification.py {
  "args": [
    "--refresh",
    "--batch-size=10"
  ],
  "pid": 83139,
  "cwd": "/Users/sim/TestingPig",
  "pythonPath": "python3",
  "timeout": 2700000,
  "maxRetries": 1
}
[2025-07-04T07:53:53.452Z] [WARN] Script attempt 1 failed, will retry: successor_identification.py {
  "script": "successor_identification.py",
  "duration": "66ms",
  "exitCode": 1,
  "signal": null,
  "attempt": 1,
  "maxAttempts": 2,
  "error": "Command failed: \"python3\" \"/Users/sim/TestingPig/successor_identification.py\" \"--refresh\" \"--batch-size=10\"\nTraceback (most recent call last):\n  File \u001b[35m\"/Users/sim/TestingPig/successor_identification.py\"\u001b[0m, line \u001b[35m6\u001b[0m, in \u001b[35m<module>\u001b[0m\n    import numpy as np\n\u001b[1;35mModuleNotFoundError\u001b[0m: \u001b[35mNo module named 'numpy'\u001b[0m\n"
}
[2025-07-04T07:53:53.452Z] [WARN] Retry attempt 2 of 1 after 20000ms... {
  "script": "successor_identification.py",
  "previousError": "Command failed: \"python3\" \"/Users/sim/TestingPig/successor_identification.py\" \"--refresh\" \"--batch-size=10\"\nTraceback (most recent call last):\n  File \u001b[35m\"/Users/sim/TestingPig/successor_identification.py\"\u001b[0m, line \u001b[35m6\u001b[0m, in \u001b[35m<module>\u001b[0m\n    import numpy as np\n\u001b[1;35mModuleNotFoundError\u001b[0m: \u001b[35mNo module named 'numpy'\u001b[0m\n"
}
[2025-07-04T07:54:13.534Z] [ERROR] Script failed after 2 attempts: successor_identification.py {
  "script": "successor_identification.py",
  "duration": "20148ms",
  "exitCode": 1,
  "signal": null,
  "attempt": 2,
  "maxAttempts": 2,
  "error": "Command failed: \"python3\" \"/Users/sim/TestingPig/successor_identification.py\" \"--refresh\" \"--batch-size=10\"\nTraceback (most recent call last):\n  File \u001b[35m\"/Users/sim/TestingPig/successor_identification.py\"\u001b[0m, line \u001b[35m6\u001b[0m, in \u001b[35m<module>\u001b[0m\n    import numpy as np\n\u001b[1;35mModuleNotFoundError\u001b[0m: \u001b[35mNo module named 'numpy'\u001b[0m\n"
}
[2025-07-04T07:54:13.535Z] [ERROR] [successor_identification.py STDERR] Traceback (most recent call last):
  File [35m"/Users/sim/TestingPig/successor_identification.py"[0m, line [35m6[0m, in [35m<module>[0m
    import numpy as np
[1;35mModuleNotFoundError[0m: [35mNo module named 'numpy'[0m

[2025-07-04T07:54:13.535Z] [ERROR] ❌ [3/4] Successor Identification failed after 20.1s (attempt 1) {
  "script": "successor_identification.py",
  "duration": "20150ms",
  "attempts": 1,
  "startTime": "2025-07-04T07:53:53.385Z",
  "endTime": "2025-07-04T07:54:13.535Z"
}
[2025-07-04T07:54:13.535Z] [ERROR] 💥 Script failed: successor_identification.py (attempt 1/2) {
  "duration": "20150ms",
  "error": "Script failed after 2 attempts: Command failed: \"python3\" \"/Users/sim/TestingPig/successor_identification.py\" \"--refresh\" \"--batch-size=10\"\nTraceback (most recent call last):\n  File \u001b[35m\"/Users/sim/TestingPig/successor_identification.py\"\u001b[0m, line \u001b[35m6\u001b[0m, in \u001b[35m<module>\u001b[0m\n    import numpy as np\n\u001b[1;35mModuleNotFoundError\u001b[0m: \u001b[35mNo module named 'numpy'\u001b[0m\n",
  "code": "N/A",
  "signal": "N/A"
}
[2025-07-04T07:54:13.535Z] [INFO] ⏳ Waiting 5s before next script...
[2025-07-04T07:54:18.535Z] [INFO] [RESOURCE] Memory: 4.59MB used, 5.06MB total, 33.39MB RSS | Load: 3.13, 2.45, 2.18
[2025-07-04T07:54:18.536Z] [WARN] [WARNING] High memory usage: 90.7% of heap used
[2025-07-04T07:54:18.536Z] [WARN] [WARNING] Critical memory usage - consider increasing Node.js memory limit
[2025-07-04T07:54:18.536Z] [INFO] 
📋 [4/4] Starting script: Successor Finder {
  "script": "successor_finder.py",
  "args": "--refresh-all --batch-size=10 --verbose",
  "timeout": "3600s",
  "maxRetries": 2,
  "retryDelay": "10000ms"
}
[2025-07-04T07:54:18.537Z] [DEBUG] Executing script: successor_finder.py {
  "args": [
    "--refresh-all",
    "--batch-size=10",
    "--verbose"
  ],
  "pid": 83139,
  "cwd": "/Users/sim/TestingPig",
  "pythonPath": "python3",
  "timeout": 3600000,
  "maxRetries": 2
}
[2025-07-04T07:54:18.594Z] [WARN] Script attempt 1 failed, will retry: successor_finder.py {
  "script": "successor_finder.py",
  "duration": "57ms",
  "exitCode": 1,
  "signal": null,
  "attempt": 1,
  "maxAttempts": 3,
  "error": "Command failed: \"python3\" \"/Users/sim/TestingPig/successor_finder.py\" \"--refresh-all\" \"--batch-size=10\" \"--verbose\"\nTraceback (most recent call last):\n  File \u001b[35m\"/Users/sim/TestingPig/successor_finder.py\"\u001b[0m, line \u001b[35m5\u001b[0m, in \u001b[35m<module>\u001b[0m\n    import numpy as np\n\u001b[1;35mModuleNotFoundError\u001b[0m: \u001b[35mNo module named 'numpy'\u001b[0m\n"
}
[2025-07-04T07:54:18.595Z] [WARN] Retry attempt 2 of 2 after 10000ms... {
  "script": "successor_finder.py",
  "previousError": "Command failed: \"python3\" \"/Users/sim/TestingPig/successor_finder.py\" \"--refresh-all\" \"--batch-size=10\" \"--verbose\"\nTraceback (most recent call last):\n  File \u001b[35m\"/Users/sim/TestingPig/successor_finder.py\"\u001b[0m, line \u001b[35m5\u001b[0m, in \u001b[35m<module>\u001b[0m\n    import numpy as np\n\u001b[1;35mModuleNotFoundError\u001b[0m: \u001b[35mNo module named 'numpy'\u001b[0m\n"
}
[2025-07-04T07:54:28.659Z] [WARN] Script attempt 2 failed, will retry: successor_finder.py {
  "script": "successor_finder.py",
  "duration": "10122ms",
  "exitCode": 1,
  "signal": null,
  "attempt": 2,
  "maxAttempts": 3,
  "error": "Command failed: \"python3\" \"/Users/sim/TestingPig/successor_finder.py\" \"--refresh-all\" \"--batch-size=10\" \"--verbose\"\nTraceback (most recent call last):\n  File \u001b[35m\"/Users/sim/TestingPig/successor_finder.py\"\u001b[0m, line \u001b[35m5\u001b[0m, in \u001b[35m<module>\u001b[0m\n    import numpy as np\n\u001b[1;35mModuleNotFoundError\u001b[0m: \u001b[35mNo module named 'numpy'\u001b[0m\n"
}
[2025-07-04T07:54:28.660Z] [WARN] Retry attempt 3 of 2 after 10000ms... {
  "script": "successor_finder.py",
  "previousError": "Command failed: \"python3\" \"/Users/sim/TestingPig/successor_finder.py\" \"--refresh-all\" \"--batch-size=10\" \"--verbose\"\nTraceback (most recent call last):\n  File \u001b[35m\"/Users/sim/TestingPig/successor_finder.py\"\u001b[0m, line \u001b[35m5\u001b[0m, in \u001b[35m<module>\u001b[0m\n    import numpy as np\n\u001b[1;35mModuleNotFoundError\u001b[0m: \u001b[35mNo module named 'numpy'\u001b[0m\n"
}
[2025-07-04T07:54:38.757Z] [ERROR] Script failed after 3 attempts: successor_finder.py {
  "script": "successor_finder.py",
  "duration": "20220ms",
  "exitCode": 1,
  "signal": null,
  "attempt": 3,
  "maxAttempts": 3,
  "error": "Command failed: \"python3\" \"/Users/sim/TestingPig/successor_finder.py\" \"--refresh-all\" \"--batch-size=10\" \"--verbose\"\nTraceback (most recent call last):\n  File \u001b[35m\"/Users/sim/TestingPig/successor_finder.py\"\u001b[0m, line \u001b[35m5\u001b[0m, in \u001b[35m<module>\u001b[0m\n    import numpy as np\n\u001b[1;35mModuleNotFoundError\u001b[0m: \u001b[35mNo module named 'numpy'\u001b[0m\n"
}
[2025-07-04T07:54:38.758Z] [ERROR] [successor_finder.py STDERR] Traceback (most recent call last):
  File [35m"/Users/sim/TestingPig/successor_finder.py"[0m, line [35m5[0m, in [35m<module>[0m
    import numpy as np
[1;35mModuleNotFoundError[0m: [35mNo module named 'numpy'[0m

[2025-07-04T07:54:38.758Z] [ERROR] ❌ [4/4] Successor Finder failed after 20.2s (attempt 1) {
  "script": "successor_finder.py",
  "duration": "20222ms",
  "attempts": 1,
  "startTime": "2025-07-04T07:54:18.537Z",
  "endTime": "2025-07-04T07:54:38.758Z"
}
[2025-07-04T07:54:38.759Z] [ERROR] 💥 Script failed: successor_finder.py (attempt 1/3) {
  "duration": "20222ms",
  "error": "Script failed after 3 attempts: Command failed: \"python3\" \"/Users/sim/TestingPig/successor_finder.py\" \"--refresh-all\" \"--batch-size=10\" \"--verbose\"\nTraceback (most recent call last):\n  File \u001b[35m\"/Users/sim/TestingPig/successor_finder.py\"\u001b[0m, line \u001b[35m5\u001b[0m, in \u001b[35m<module>\u001b[0m\n    import numpy as np\n\u001b[1;35mModuleNotFoundError\u001b[0m: \u001b[35mNo module named 'numpy'\u001b[0m\n",
  "code": "N/A",
  "signal": "N/A"
}
[2025-07-04T07:54:38.759Z] [INFO] ⏳ Waiting 5s before next script...
[2025-07-04T07:54:43.760Z] [INFO] [RESOURCE] Memory: 4.23MB used, 5.06MB total, 35.13MB RSS | Load: 2.90, 2.44, 2.18
[2025-07-04T07:54:43.761Z] [WARN] [WARNING] High memory usage: 83.6% of heap used
[2025-07-04T07:54:43.762Z] [INFO] 
📊 ====== DATA UPDATE SUMMARY ======
[2025-07-04T07:54:43.762Z] [INFO] 📅 Started: 2025-07-04T07:52:52.841Z
[2025-07-04T07:54:43.763Z] [INFO] 🏁 Finished: 2025-07-04T07:54:43.762Z
[2025-07-04T07:54:43.763Z] [INFO] ⏱️  Total Duration: 1.8 minutes
[2025-07-04T07:54:43.763Z] [INFO] 📋 Scripts: 4 total, 0 successful, 4 failed
[2025-07-04T07:54:43.764Z] [INFO] 📈 Success Rate: 0.0%
[2025-07-04T07:54:43.764Z] [INFO] 
📋 SCRIPT EXECUTION STATUS:
[2025-07-04T07:54:43.769Z] [INFO] 
💾 SYSTEM RESOURCE USAGE:
[2025-07-04T07:54:43.770Z] [INFO] Memory: 4.59MB used / 5.31MB total
[2025-07-04T07:54:43.770Z] [INFO] RSS: 35.78MB
[2025-07-04T07:54:43.770Z] [INFO] Load: 2.90, 2.44, 2.18
[2025-07-04T07:54:43.770Z] [WARN] 
⚠️  COMPLETED WITH 4 OF 4 SCRIPTS FAILING
[2025-07-04T07:54:43.770Z] [INFO] [RESOURCE] Memory: 4.61MB used, 5.31MB total, 35.86MB RSS | Load: 2.90, 2.44, 2.18
[2025-07-04T07:54:43.770Z] [WARN] [WARNING] High memory usage: 86.8% of heap used
[2025-07-04T07:54:43.771Z] [WARN] Initial update completed with 4 failures
[2025-07-04T07:54:43.771Z] [INFO] Initial update completed. Next update in 1440 minutes.
[2025-07-04T08:54:43.751Z] [DEBUG] [2025-07-04T08:54:43.750Z] Daemon is running...
[2025-07-04T08:54:43.754Z] [INFO] [RESOURCE] Memory: 4.64MB used, 5.31MB total, 30.84MB RSS | Load: 1.57, 1.67, 1.94
[2025-07-04T08:54:43.756Z] [WARN] [WARNING] High memory usage: 87.3% of heap used
[2025-07-04T22:45:41.850Z] [INFO] 🚀 Starting data update daemon... {
  "nodeVersion": "v20.19.3",
  "platform": "darwin",
  "arch": "arm64",
  "pid": 18167,
  "cwd": "/Users/sim/TestingPig",
  "system": {
    "cpus": 8,
    "memory": {
      "total": "16.00 GB",
      "free": "0.08 GB",
      "usage": "99.51%"
    },
    "load": [
      1.62890625,
      1.7880859375,
      2.04345703125
    ]
  },
  "env": "production"
}
[2025-07-04T22:45:41.852Z] [INFO] [RESOURCE] Memory: 4.26MB used, 4.56MB total, 38.45MB RSS | Load: 1.63, 1.79, 2.04
[2025-07-04T22:45:41.852Z] [WARN] [WARNING] High memory usage: 93.3% of heap used
[2025-07-04T22:45:41.852Z] [WARN] [WARNING] Critical memory usage - consider increasing Node.js memory limit
[2025-07-04T22:45:41.852Z] [INFO] Performing initial data update...
[2025-07-04T22:45:41.853Z] [INFO] 🚀 Starting scheduled data updates... {
  "system": {
    "platform": "darwin",
    "arch": "arm64",
    "node": "v20.19.3",
    "pid": 18167,
    "cpus": 8,
    "memory": {
      "total": "16.00 GB",
      "free": "0.08 GB",
      "usage": "99.52%"
    }
  },
  "totalScripts": 4,
  "logLevel": "INFO"
}
[2025-07-04T22:45:41.853Z] [INFO] 
📋 [1/4] Starting script: Employee Utilization Analysis {
  "script": "employee_utilization_analyzer.py",
  "args": "",
  "timeout": "1800s",
  "maxRetries": 2,
  "retryDelay": "10000ms"
}
[2025-07-04T22:45:41.854Z] [DEBUG] Executing script: employee_utilization_analyzer.py {
  "args": [],
  "pid": 18167,
  "cwd": "/Users/sim/TestingPig",
  "pythonPath": "python3",
  "timeout": 1800000,
  "maxRetries": 2
}
[2025-07-04T22:45:41.962Z] [WARN] Script attempt 1 failed, will retry: employee_utilization_analyzer.py {
  "script": "employee_utilization_analyzer.py",
  "duration": "108ms",
  "exitCode": 1,
  "signal": null,
  "attempt": 1,
  "maxAttempts": 3,
  "error": "Command failed: \"python3\" \"/Users/sim/TestingPig/employee_utilization_analyzer.py\"\nTraceback (most recent call last):\n  File \u001b[35m\"/Users/sim/TestingPig/employee_utilization_analyzer.py\"\u001b[0m, line \u001b[35m5\u001b[0m, in \u001b[35m<module>\u001b[0m\n    from pymongo import MongoClient, UpdateOne\n\u001b[1;35mModuleNotFoundError\u001b[0m: \u001b[35mNo module named 'pymongo'\u001b[0m\n"
}
[2025-07-04T22:45:41.963Z] [WARN] Retry attempt 2 of 2 after 10000ms... {
  "script": "employee_utilization_analyzer.py",
  "previousError": "Command failed: \"python3\" \"/Users/sim/TestingPig/employee_utilization_analyzer.py\"\nTraceback (most recent call last):\n  File \u001b[35m\"/Users/sim/TestingPig/employee_utilization_analyzer.py\"\u001b[0m, line \u001b[35m5\u001b[0m, in \u001b[35m<module>\u001b[0m\n    from pymongo import MongoClient, UpdateOne\n\u001b[1;35mModuleNotFoundError\u001b[0m: \u001b[35mNo module named 'pymongo'\u001b[0m\n"
}
[2025-07-04T22:45:52.040Z] [WARN] Script attempt 2 failed, will retry: employee_utilization_analyzer.py {
  "script": "employee_utilization_analyzer.py",
  "duration": "10186ms",
  "exitCode": 1,
  "signal": null,
  "attempt": 2,
  "maxAttempts": 3,
  "error": "Command failed: \"python3\" \"/Users/sim/TestingPig/employee_utilization_analyzer.py\"\nTraceback (most recent call last):\n  File \u001b[35m\"/Users/sim/TestingPig/employee_utilization_analyzer.py\"\u001b[0m, line \u001b[35m5\u001b[0m, in \u001b[35m<module>\u001b[0m\n    from pymongo import MongoClient, UpdateOne\n\u001b[1;35mModuleNotFoundError\u001b[0m: \u001b[35mNo module named 'pymongo'\u001b[0m\n"
}
[2025-07-04T22:45:52.040Z] [WARN] Retry attempt 3 of 2 after 10000ms... {
  "script": "employee_utilization_analyzer.py",
  "previousError": "Command failed: \"python3\" \"/Users/sim/TestingPig/employee_utilization_analyzer.py\"\nTraceback (most recent call last):\n  File \u001b[35m\"/Users/sim/TestingPig/employee_utilization_analyzer.py\"\u001b[0m, line \u001b[35m5\u001b[0m, in \u001b[35m<module>\u001b[0m\n    from pymongo import MongoClient, UpdateOne\n\u001b[1;35mModuleNotFoundError\u001b[0m: \u001b[35mNo module named 'pymongo'\u001b[0m\n"
}
[2025-07-04T22:46:02.119Z] [ERROR] Script failed after 3 attempts: employee_utilization_analyzer.py {
  "script": "employee_utilization_analyzer.py",
  "duration": "20265ms",
  "exitCode": 1,
  "signal": null,
  "attempt": 3,
  "maxAttempts": 3,
  "error": "Command failed: \"python3\" \"/Users/sim/TestingPig/employee_utilization_analyzer.py\"\nTraceback (most recent call last):\n  File \u001b[35m\"/Users/sim/TestingPig/employee_utilization_analyzer.py\"\u001b[0m, line \u001b[35m5\u001b[0m, in \u001b[35m<module>\u001b[0m\n    from pymongo import MongoClient, UpdateOne\n\u001b[1;35mModuleNotFoundError\u001b[0m: \u001b[35mNo module named 'pymongo'\u001b[0m\n"
}
[2025-07-04T22:46:02.119Z] [ERROR] [employee_utilization_analyzer.py STDERR] Traceback (most recent call last):
  File [35m"/Users/sim/TestingPig/employee_utilization_analyzer.py"[0m, line [35m5[0m, in [35m<module>[0m
    from pymongo import MongoClient, UpdateOne
[1;35mModuleNotFoundError[0m: [35mNo module named 'pymongo'[0m

[2025-07-04T22:46:02.119Z] [ERROR] ❌ [1/4] Employee Utilization Analysis failed after 20.3s (attempt 1) {
  "script": "employee_utilization_analyzer.py",
  "duration": "20266ms",
  "attempts": 1,
  "startTime": "2025-07-04T22:45:41.853Z",
  "endTime": "2025-07-04T22:46:02.119Z"
}
[2025-07-04T22:46:02.120Z] [ERROR] 💥 Script failed: employee_utilization_analyzer.py (attempt 1/3) {
  "duration": "20266ms",
  "error": "Script failed after 3 attempts: Command failed: \"python3\" \"/Users/sim/TestingPig/employee_utilization_analyzer.py\"\nTraceback (most recent call last):\n  File \u001b[35m\"/Users/sim/TestingPig/employee_utilization_analyzer.py\"\u001b[0m, line \u001b[35m5\u001b[0m, in \u001b[35m<module>\u001b[0m\n    from pymongo import MongoClient, UpdateOne\n\u001b[1;35mModuleNotFoundError\u001b[0m: \u001b[35mNo module named 'pymongo'\u001b[0m\n",
  "code": "N/A",
  "signal": "N/A"
}
[2025-07-04T22:46:02.120Z] [INFO] ⏳ Waiting 5s before next script...
[2025-07-04T22:46:07.122Z] [INFO] [RESOURCE] Memory: 3.86MB used, 4.81MB total, 39.23MB RSS | Load: 2.52, 2.03, 2.13
[2025-07-04T22:46:07.123Z] [WARN] [WARNING] High memory usage: 80.2% of heap used
[2025-07-04T22:46:07.124Z] [INFO] 
📋 [2/4] Starting script: Attrition Score Calculation {
  "script": "attrition_score.py",
  "args": "",
  "timeout": "3600s",
  "maxRetries": 2,
  "retryDelay": "15000ms"
}
[2025-07-04T22:46:07.125Z] [DEBUG] Executing script: attrition_score.py {
  "args": [],
  "pid": 18167,
  "cwd": "/Users/sim/TestingPig",
  "pythonPath": "python3",
  "timeout": 3600000,
  "maxRetries": 2
}
[2025-07-04T22:46:07.205Z] [WARN] Script attempt 1 failed, will retry: attrition_score.py {
  "script": "attrition_score.py",
  "duration": "80ms",
  "exitCode": 1,
  "signal": null,
  "attempt": 1,
  "maxAttempts": 3,
  "error": "Command failed: \"python3\" \"/Users/sim/TestingPig/attrition_score.py\"\nTraceback (most recent call last):\n  File \u001b[35m\"/Users/sim/TestingPig/attrition_score.py\"\u001b[0m, line \u001b[35m6\u001b[0m, in \u001b[35m<module>\u001b[0m\n    import numpy as np\n\u001b[1;35mModuleNotFoundError\u001b[0m: \u001b[35mNo module named 'numpy'\u001b[0m\n"
}
[2025-07-04T22:46:07.205Z] [WARN] Retry attempt 2 of 2 after 15000ms... {
  "script": "attrition_score.py",
  "previousError": "Command failed: \"python3\" \"/Users/sim/TestingPig/attrition_score.py\"\nTraceback (most recent call last):\n  File \u001b[35m\"/Users/sim/TestingPig/attrition_score.py\"\u001b[0m, line \u001b[35m6\u001b[0m, in \u001b[35m<module>\u001b[0m\n    import numpy as np\n\u001b[1;35mModuleNotFoundError\u001b[0m: \u001b[35mNo module named 'numpy'\u001b[0m\n"
}
[2025-07-04T22:46:22.276Z] [WARN] Script attempt 2 failed, will retry: attrition_score.py {
  "script": "attrition_score.py",
  "duration": "15151ms",
  "exitCode": 1,
  "signal": null,
  "attempt": 2,
  "maxAttempts": 3,
  "error": "Command failed: \"python3\" \"/Users/sim/TestingPig/attrition_score.py\"\nTraceback (most recent call last):\n  File \u001b[35m\"/Users/sim/TestingPig/attrition_score.py\"\u001b[0m, line \u001b[35m6\u001b[0m, in \u001b[35m<module>\u001b[0m\n    import numpy as np\n\u001b[1;35mModuleNotFoundError\u001b[0m: \u001b[35mNo module named 'numpy'\u001b[0m\n"
}
[2025-07-04T22:46:22.276Z] [WARN] Retry attempt 3 of 2 after 15000ms... {
  "script": "attrition_score.py",
  "previousError": "Command failed: \"python3\" \"/Users/sim/TestingPig/attrition_score.py\"\nTraceback (most recent call last):\n  File \u001b[35m\"/Users/sim/TestingPig/attrition_score.py\"\u001b[0m, line \u001b[35m6\u001b[0m, in \u001b[35m<module>\u001b[0m\n    import numpy as np\n\u001b[1;35mModuleNotFoundError\u001b[0m: \u001b[35mNo module named 'numpy'\u001b[0m\n"
}
[2025-07-04T22:46:37.373Z] [ERROR] Script failed after 3 attempts: attrition_score.py {
  "script": "attrition_score.py",
  "duration": "30248ms",
  "exitCode": 1,
  "signal": null,
  "attempt": 3,
  "maxAttempts": 3,
  "error": "Command failed: \"python3\" \"/Users/sim/TestingPig/attrition_score.py\"\nTraceback (most recent call last):\n  File \u001b[35m\"/Users/sim/TestingPig/attrition_score.py\"\u001b[0m, line \u001b[35m6\u001b[0m, in \u001b[35m<module>\u001b[0m\n    import numpy as np\n\u001b[1;35mModuleNotFoundError\u001b[0m: \u001b[35mNo module named 'numpy'\u001b[0m\n"
}
[2025-07-04T22:46:37.373Z] [INFO] [RESOURCE] Memory: 4.34MB used, 5.06MB total, 39.66MB RSS | Load: 1.97, 1.95, 2.09
[2025-07-04T22:46:37.373Z] [WARN] [WARNING] High memory usage: 85.7% of heap used
[2025-07-04T22:46:37.373Z] [ERROR] [attrition_score.py STDERR] Traceback (most recent call last):
  File [35m"/Users/sim/TestingPig/attrition_score.py"[0m, line [35m6[0m, in [35m<module>[0m
    import numpy as np
[1;35mModuleNotFoundError[0m: [35mNo module named 'numpy'[0m

[2025-07-04T22:46:37.373Z] [ERROR] ❌ [2/4] Attrition Score Calculation failed after 30.2s (attempt 1) {
  "script": "attrition_score.py",
  "duration": "30249ms",
  "attempts": 1,
  "startTime": "2025-07-04T22:46:07.125Z",
  "endTime": "2025-07-04T22:46:37.373Z"
}
[2025-07-04T22:46:37.373Z] [ERROR] 💥 Script failed: attrition_score.py (attempt 1/3) {
  "duration": "30249ms",
  "error": "Script failed after 3 attempts: Command failed: \"python3\" \"/Users/sim/TestingPig/attrition_score.py\"\nTraceback (most recent call last):\n  File \u001b[35m\"/Users/sim/TestingPig/attrition_score.py\"\u001b[0m, line \u001b[35m6\u001b[0m, in \u001b[35m<module>\u001b[0m\n    import numpy as np\n\u001b[1;35mModuleNotFoundError\u001b[0m: \u001b[35mNo module named 'numpy'\u001b[0m\n",
  "code": "N/A",
  "signal": "N/A"
}
[2025-07-04T22:46:37.374Z] [INFO] ⏳ Waiting 5s before next script...
[2025-07-04T22:46:42.375Z] [INFO] [RESOURCE] Memory: 4.37MB used, 5.06MB total, 39.69MB RSS | Load: 1.90, 1.93, 2.08
[2025-07-04T22:46:42.376Z] [WARN] [WARNING] High memory usage: 86.4% of heap used
[2025-07-04T22:46:42.377Z] [INFO] 
📋 [3/4] Starting script: Successor Identification {
  "script": "successor_identification.py",
  "args": "--refresh --batch-size=10",
  "timeout": "2700s",
  "maxRetries": 1,
  "retryDelay": "20000ms"
}
[2025-07-04T22:46:42.378Z] [DEBUG] Executing script: successor_identification.py {
  "args": [
    "--refresh",
    "--batch-size=10"
  ],
  "pid": 18167,
  "cwd": "/Users/sim/TestingPig",
  "pythonPath": "python3",
  "timeout": 2700000,
  "maxRetries": 1
}
[2025-07-04T22:46:42.438Z] [WARN] Script attempt 1 failed, will retry: successor_identification.py {
  "script": "successor_identification.py",
  "duration": "60ms",
  "exitCode": 1,
  "signal": null,
  "attempt": 1,
  "maxAttempts": 2,
  "error": "Command failed: \"python3\" \"/Users/sim/TestingPig/successor_identification.py\" \"--refresh\" \"--batch-size=10\"\nTraceback (most recent call last):\n  File \u001b[35m\"/Users/sim/TestingPig/successor_identification.py\"\u001b[0m, line \u001b[35m6\u001b[0m, in \u001b[35m<module>\u001b[0m\n    import numpy as np\n\u001b[1;35mModuleNotFoundError\u001b[0m: \u001b[35mNo module named 'numpy'\u001b[0m\n"
}
[2025-07-04T22:46:42.438Z] [WARN] Retry attempt 2 of 1 after 20000ms... {
  "script": "successor_identification.py",
  "previousError": "Command failed: \"python3\" \"/Users/sim/TestingPig/successor_identification.py\" \"--refresh\" \"--batch-size=10\"\nTraceback (most recent call last):\n  File \u001b[35m\"/Users/sim/TestingPig/successor_identification.py\"\u001b[0m, line \u001b[35m6\u001b[0m, in \u001b[35m<module>\u001b[0m\n    import numpy as np\n\u001b[1;35mModuleNotFoundError\u001b[0m: \u001b[35mNo module named 'numpy'\u001b[0m\n"
}
[2025-07-04T22:47:02.500Z] [ERROR] Script failed after 2 attempts: successor_identification.py {
  "script": "successor_identification.py",
  "duration": "20122ms",
  "exitCode": 1,
  "signal": null,
  "attempt": 2,
  "maxAttempts": 2,
  "error": "Command failed: \"python3\" \"/Users/sim/TestingPig/successor_identification.py\" \"--refresh\" \"--batch-size=10\"\nTraceback (most recent call last):\n  File \u001b[35m\"/Users/sim/TestingPig/successor_identification.py\"\u001b[0m, line \u001b[35m6\u001b[0m, in \u001b[35m<module>\u001b[0m\n    import numpy as np\n\u001b[1;35mModuleNotFoundError\u001b[0m: \u001b[35mNo module named 'numpy'\u001b[0m\n"
}
[2025-07-04T22:47:02.500Z] [ERROR] [successor_identification.py STDERR] Traceback (most recent call last):
  File [35m"/Users/sim/TestingPig/successor_identification.py"[0m, line [35m6[0m, in [35m<module>[0m
    import numpy as np
[1;35mModuleNotFoundError[0m: [35mNo module named 'numpy'[0m

[2025-07-04T22:47:02.501Z] [ERROR] ❌ [3/4] Successor Identification failed after 20.1s (attempt 1) {
  "script": "successor_identification.py",
  "duration": "20124ms",
  "attempts": 1,
  "startTime": "2025-07-04T22:46:42.377Z",
  "endTime": "2025-07-04T22:47:02.501Z"
}
[2025-07-04T22:47:02.501Z] [ERROR] 💥 Script failed: successor_identification.py (attempt 1/2) {
  "duration": "20124ms",
  "error": "Script failed after 2 attempts: Command failed: \"python3\" \"/Users/sim/TestingPig/successor_identification.py\" \"--refresh\" \"--batch-size=10\"\nTraceback (most recent call last):\n  File \u001b[35m\"/Users/sim/TestingPig/successor_identification.py\"\u001b[0m, line \u001b[35m6\u001b[0m, in \u001b[35m<module>\u001b[0m\n    import numpy as np\n\u001b[1;35mModuleNotFoundError\u001b[0m: \u001b[35mNo module named 'numpy'\u001b[0m\n",
  "code": "N/A",
  "signal": "N/A"
}
[2025-07-04T22:47:02.501Z] [INFO] ⏳ Waiting 5s before next script...
[2025-07-04T22:47:07.503Z] [INFO] [RESOURCE] Memory: 4.59MB used, 5.06MB total, 39.98MB RSS | Load: 1.52, 1.84, 2.05
[2025-07-04T22:47:07.503Z] [WARN] [WARNING] High memory usage: 90.7% of heap used
[2025-07-04T22:47:07.504Z] [WARN] [WARNING] Critical memory usage - consider increasing Node.js memory limit
[2025-07-04T22:47:07.504Z] [INFO] 
📋 [4/4] Starting script: Successor Finder {
  "script": "successor_finder.py",
  "args": "--refresh-all --batch-size=10 --verbose",
  "timeout": "3600s",
  "maxRetries": 2,
  "retryDelay": "10000ms"
}
[2025-07-04T22:47:07.505Z] [DEBUG] Executing script: successor_finder.py {
  "args": [
    "--refresh-all",
    "--batch-size=10",
    "--verbose"
  ],
  "pid": 18167,
  "cwd": "/Users/sim/TestingPig",
  "pythonPath": "python3",
  "timeout": 3600000,
  "maxRetries": 2
}
[2025-07-04T22:47:07.565Z] [WARN] Script attempt 1 failed, will retry: successor_finder.py {
  "script": "successor_finder.py",
  "duration": "60ms",
  "exitCode": 1,
  "signal": null,
  "attempt": 1,
  "maxAttempts": 3,
  "error": "Command failed: \"python3\" \"/Users/sim/TestingPig/successor_finder.py\" \"--refresh-all\" \"--batch-size=10\" \"--verbose\"\nTraceback (most recent call last):\n  File \u001b[35m\"/Users/sim/TestingPig/successor_finder.py\"\u001b[0m, line \u001b[35m5\u001b[0m, in \u001b[35m<module>\u001b[0m\n    import numpy as np\n\u001b[1;35mModuleNotFoundError\u001b[0m: \u001b[35mNo module named 'numpy'\u001b[0m\n"
}
[2025-07-04T22:47:07.565Z] [WARN] Retry attempt 2 of 2 after 10000ms... {
  "script": "successor_finder.py",
  "previousError": "Command failed: \"python3\" \"/Users/sim/TestingPig/successor_finder.py\" \"--refresh-all\" \"--batch-size=10\" \"--verbose\"\nTraceback (most recent call last):\n  File \u001b[35m\"/Users/sim/TestingPig/successor_finder.py\"\u001b[0m, line \u001b[35m5\u001b[0m, in \u001b[35m<module>\u001b[0m\n    import numpy as np\n\u001b[1;35mModuleNotFoundError\u001b[0m: \u001b[35mNo module named 'numpy'\u001b[0m\n"
}
[2025-07-04T22:47:17.633Z] [WARN] Script attempt 2 failed, will retry: successor_finder.py {
  "script": "successor_finder.py",
  "duration": "10128ms",
  "exitCode": 1,
  "signal": null,
  "attempt": 2,
  "maxAttempts": 3,
  "error": "Command failed: \"python3\" \"/Users/sim/TestingPig/successor_finder.py\" \"--refresh-all\" \"--batch-size=10\" \"--verbose\"\nTraceback (most recent call last):\n  File \u001b[35m\"/Users/sim/TestingPig/successor_finder.py\"\u001b[0m, line \u001b[35m5\u001b[0m, in \u001b[35m<module>\u001b[0m\n    import numpy as np\n\u001b[1;35mModuleNotFoundError\u001b[0m: \u001b[35mNo module named 'numpy'\u001b[0m\n"
}
[2025-07-04T22:47:17.633Z] [WARN] Retry attempt 3 of 2 after 10000ms... {
  "script": "successor_finder.py",
  "previousError": "Command failed: \"python3\" \"/Users/sim/TestingPig/successor_finder.py\" \"--refresh-all\" \"--batch-size=10\" \"--verbose\"\nTraceback (most recent call last):\n  File \u001b[35m\"/Users/sim/TestingPig/successor_finder.py\"\u001b[0m, line \u001b[35m5\u001b[0m, in \u001b[35m<module>\u001b[0m\n    import numpy as np\n\u001b[1;35mModuleNotFoundError\u001b[0m: \u001b[35mNo module named 'numpy'\u001b[0m\n"
}
[2025-07-04T22:47:27.696Z] [ERROR] Script failed after 3 attempts: successor_finder.py {
  "script": "successor_finder.py",
  "duration": "20191ms",
  "exitCode": 1,
  "signal": null,
  "attempt": 3,
  "maxAttempts": 3,
  "error": "Command failed: \"python3\" \"/Users/sim/TestingPig/successor_finder.py\" \"--refresh-all\" \"--batch-size=10\" \"--verbose\"\nTraceback (most recent call last):\n  File \u001b[35m\"/Users/sim/TestingPig/successor_finder.py\"\u001b[0m, line \u001b[35m5\u001b[0m, in \u001b[35m<module>\u001b[0m\n    import numpy as np\n\u001b[1;35mModuleNotFoundError\u001b[0m: \u001b[35mNo module named 'numpy'\u001b[0m\n"
}
[2025-07-04T22:47:27.696Z] [ERROR] [successor_finder.py STDERR] Traceback (most recent call last):
  File [35m"/Users/sim/TestingPig/successor_finder.py"[0m, line [35m5[0m, in [35m<module>[0m
    import numpy as np
[1;35mModuleNotFoundError[0m: [35mNo module named 'numpy'[0m

[2025-07-04T22:47:27.696Z] [ERROR] ❌ [4/4] Successor Finder failed after 20.2s (attempt 1) {
  "script": "successor_finder.py",
  "duration": "20192ms",
  "attempts": 1,
  "startTime": "2025-07-04T22:47:07.505Z",
  "endTime": "2025-07-04T22:47:27.696Z"
}
[2025-07-04T22:47:27.697Z] [ERROR] 💥 Script failed: successor_finder.py (attempt 1/3) {
  "duration": "20192ms",
  "error": "Script failed after 3 attempts: Command failed: \"python3\" \"/Users/sim/TestingPig/successor_finder.py\" \"--refresh-all\" \"--batch-size=10\" \"--verbose\"\nTraceback (most recent call last):\n  File \u001b[35m\"/Users/sim/TestingPig/successor_finder.py\"\u001b[0m, line \u001b[35m5\u001b[0m, in \u001b[35m<module>\u001b[0m\n    import numpy as np\n\u001b[1;35mModuleNotFoundError\u001b[0m: \u001b[35mNo module named 'numpy'\u001b[0m\n",
  "code": "N/A",
  "signal": "N/A"
}
[2025-07-04T22:47:27.697Z] [INFO] ⏳ Waiting 5s before next script...
[2025-07-04T22:47:32.698Z] [INFO] [RESOURCE] Memory: 4.22MB used, 5.06MB total, 39.81MB RSS | Load: 1.42, 1.79, 2.02
[2025-07-04T22:47:32.699Z] [WARN] [WARNING] High memory usage: 83.3% of heap used
[2025-07-04T22:47:32.700Z] [INFO] 
📊 ====== DATA UPDATE SUMMARY ======
[2025-07-04T22:47:32.701Z] [INFO] 📅 Started: 2025-07-04T22:45:41.853Z
[2025-07-04T22:47:32.701Z] [INFO] 🏁 Finished: 2025-07-04T22:47:32.700Z
[2025-07-04T22:47:32.702Z] [INFO] ⏱️  Total Duration: 1.8 minutes
[2025-07-04T22:47:32.702Z] [INFO] 📋 Scripts: 4 total, 0 successful, 4 failed
[2025-07-04T22:47:32.702Z] [INFO] 📈 Success Rate: 0.0%
[2025-07-04T22:47:32.703Z] [INFO] 
📋 SCRIPT EXECUTION STATUS:
[2025-07-04T22:47:32.707Z] [INFO] 
💾 SYSTEM RESOURCE USAGE:
[2025-07-04T22:47:32.708Z] [INFO] Memory: 4.58MB used / 5.31MB total
[2025-07-04T22:47:32.708Z] [INFO] RSS: 40.17MB
[2025-07-04T22:47:32.708Z] [INFO] Load: 1.42, 1.79, 2.02
[2025-07-04T22:47:32.709Z] [WARN] 
⚠️  COMPLETED WITH 4 OF 4 SCRIPTS FAILING
[2025-07-04T22:47:32.709Z] [INFO] [RESOURCE] Memory: 4.60MB used, 5.31MB total, 40.19MB RSS | Load: 1.42, 1.79, 2.02
[2025-07-04T22:47:32.709Z] [WARN] [WARNING] High memory usage: 86.5% of heap used
[2025-07-04T22:47:32.710Z] [WARN] Initial update completed with 4 failures
[2025-07-04T22:47:32.710Z] [INFO] Initial update completed. Next update in 1440 minutes.
