[2025-08-10T17:02:06.362Z] [INFO] 🚀 Starting data update daemon... {
  "nodeVersion": "v20.19.3",
  "platform": "darwin",
  "arch": "arm64",
  "pid": 4481,
  "cwd": "/Users/sim/selora-clean",
  "system": {
    "cpus": 8,
    "memory": {
      "total": "16.00 GB",
      "free": "0.06 GB",
      "usage": "99.62%"
    },
    "load": [
      2.537109375,
      2.34228515625,
      2.4609375
    ]
  },
  "env": "production"
}
[2025-08-10T17:02:06.363Z] [INFO] [RESOURCE] Memory: 4.26MB used, 4.56MB total, 37.88MB RSS | Load: 2.54, 2.34, 2.46
[2025-08-10T17:02:06.363Z] [WARN] [WARNING] High memory usage: 93.3% of heap used
[2025-08-10T17:02:06.363Z] [WARN] [WARNING] Critical memory usage - consider increasing Node.js memory limit
[2025-08-10T17:02:06.363Z] [INFO] Performing initial data update...
[2025-08-10T17:02:06.364Z] [INFO] 🚀 Starting scheduled data updates... {
  "system": {
    "platform": "darwin",
    "arch": "arm64",
    "node": "v20.19.3",
    "pid": 4481,
    "cpus": 8,
    "memory": {
      "total": "16.00 GB",
      "free": "0.06 GB",
      "usage": "99.65%"
    }
  },
  "totalScripts": 3,
  "logLevel": "INFO"
}
[2025-08-10T17:02:06.364Z] [INFO] 
📋 [1/3] Starting script: Employee Utilization Analysis {
  "script": "employee_utilization_analyzer.py",
  "args": "",
  "timeout": "1800s",
  "maxRetries": 2,
  "retryDelay": "10000ms"
}
[2025-08-10T17:02:06.365Z] [DEBUG] Executing script: employee_utilization_analyzer.py {
  "args": [],
  "pid": 4481,
  "cwd": "/Users/sim/selora-clean",
  "pythonPath": "python3",
  "timeout": 1800000,
  "maxRetries": 2
}
[2025-08-10T17:02:06.436Z] [WARN] Script attempt 1 failed, will retry: employee_utilization_analyzer.py {
  "script": "employee_utilization_analyzer.py",
  "duration": "71ms",
  "exitCode": 1,
  "signal": null,
  "attempt": 1,
  "maxAttempts": 3,
  "error": "Command failed: \"python3\" \"/Users/sim/selora-clean/employee_utilization_analyzer.py\"\nTraceback (most recent call last):\n  File \u001b[35m\"/Users/sim/selora-clean/employee_utilization_analyzer.py\"\u001b[0m, line \u001b[35m5\u001b[0m, in \u001b[35m<module>\u001b[0m\n    from pymongo import MongoClient, UpdateOne\n\u001b[1;35mModuleNotFoundError\u001b[0m: \u001b[35mNo module named 'pymongo'\u001b[0m\n"
}
[2025-08-10T17:02:06.436Z] [WARN] Retry attempt 2 of 2 after 10000ms... {
  "script": "employee_utilization_analyzer.py",
  "previousError": "Command failed: \"python3\" \"/Users/sim/selora-clean/employee_utilization_analyzer.py\"\nTraceback (most recent call last):\n  File \u001b[35m\"/Users/sim/selora-clean/employee_utilization_analyzer.py\"\u001b[0m, line \u001b[35m5\u001b[0m, in \u001b[35m<module>\u001b[0m\n    from pymongo import MongoClient, UpdateOne\n\u001b[1;35mModuleNotFoundError\u001b[0m: \u001b[35mNo module named 'pymongo'\u001b[0m\n"
}
[2025-08-10T17:02:16.500Z] [WARN] Script attempt 2 failed, will retry: employee_utilization_analyzer.py {
  "script": "employee_utilization_analyzer.py",
  "duration": "10135ms",
  "exitCode": 1,
  "signal": null,
  "attempt": 2,
  "maxAttempts": 3,
  "error": "Command failed: \"python3\" \"/Users/sim/selora-clean/employee_utilization_analyzer.py\"\nTraceback (most recent call last):\n  File \u001b[35m\"/Users/sim/selora-clean/employee_utilization_analyzer.py\"\u001b[0m, line \u001b[35m5\u001b[0m, in \u001b[35m<module>\u001b[0m\n    from pymongo import MongoClient, UpdateOne\n\u001b[1;35mModuleNotFoundError\u001b[0m: \u001b[35mNo module named 'pymongo'\u001b[0m\n"
}
[2025-08-10T17:02:16.500Z] [WARN] Retry attempt 3 of 2 after 10000ms... {
  "script": "employee_utilization_analyzer.py",
  "previousError": "Command failed: \"python3\" \"/Users/sim/selora-clean/employee_utilization_analyzer.py\"\nTraceback (most recent call last):\n  File \u001b[35m\"/Users/sim/selora-clean/employee_utilization_analyzer.py\"\u001b[0m, line \u001b[35m5\u001b[0m, in \u001b[35m<module>\u001b[0m\n    from pymongo import MongoClient, UpdateOne\n\u001b[1;35mModuleNotFoundError\u001b[0m: \u001b[35mNo module named 'pymongo'\u001b[0m\n"
}
[2025-08-10T17:02:26.580Z] [ERROR] Script failed after 3 attempts: employee_utilization_analyzer.py {
  "script": "employee_utilization_analyzer.py",
  "duration": "20215ms",
  "exitCode": 1,
  "signal": null,
  "attempt": 3,
  "maxAttempts": 3,
  "error": "Command failed: \"python3\" \"/Users/sim/selora-clean/employee_utilization_analyzer.py\"\nTraceback (most recent call last):\n  File \u001b[35m\"/Users/sim/selora-clean/employee_utilization_analyzer.py\"\u001b[0m, line \u001b[35m5\u001b[0m, in \u001b[35m<module>\u001b[0m\n    from pymongo import MongoClient, UpdateOne\n\u001b[1;35mModuleNotFoundError\u001b[0m: \u001b[35mNo module named 'pymongo'\u001b[0m\n"
}
[2025-08-10T17:02:26.581Z] [ERROR] [employee_utilization_analyzer.py STDERR] Traceback (most recent call last):
  File [35m"/Users/sim/selora-clean/employee_utilization_analyzer.py"[0m, line [35m5[0m, in [35m<module>[0m
    from pymongo import MongoClient, UpdateOne
[1;35mModuleNotFoundError[0m: [35mNo module named 'pymongo'[0m

[2025-08-10T17:02:26.581Z] [ERROR] ❌ [1/3] Employee Utilization Analysis failed after 20.2s (attempt 1) {
  "script": "employee_utilization_analyzer.py",
  "duration": "20217ms",
  "attempts": 1,
  "startTime": "2025-08-10T17:02:06.364Z",
  "endTime": "2025-08-10T17:02:26.581Z"
}
[2025-08-10T17:02:26.581Z] [ERROR] 💥 Script failed: employee_utilization_analyzer.py (attempt 1/3) {
  "duration": "20217ms",
  "error": "Script failed after 3 attempts: Command failed: \"python3\" \"/Users/sim/selora-clean/employee_utilization_analyzer.py\"\nTraceback (most recent call last):\n  File \u001b[35m\"/Users/sim/selora-clean/employee_utilization_analyzer.py\"\u001b[0m, line \u001b[35m5\u001b[0m, in \u001b[35m<module>\u001b[0m\n    from pymongo import MongoClient, UpdateOne\n\u001b[1;35mModuleNotFoundError\u001b[0m: \u001b[35mNo module named 'pymongo'\u001b[0m\n",
  "code": "N/A",
  "signal": "N/A"
}
[2025-08-10T17:02:26.581Z] [INFO] ⏳ Waiting 5s before next script...
[2025-08-10T17:02:31.582Z] [INFO] [RESOURCE] Memory: 3.89MB used, 5.06MB total, 37.17MB RSS | Load: 2.20, 2.28, 2.43
[2025-08-10T17:02:31.583Z] [WARN] [WARNING] High memory usage: 76.9% of heap used
[2025-08-10T17:02:31.584Z] [INFO] 
📋 [2/3] Starting script: Attrition Score Calculation {
  "script": "attrition_score.py",
  "args": "",
  "timeout": "3600s",
  "maxRetries": 2,
  "retryDelay": "15000ms"
}
[2025-08-10T17:02:31.585Z] [DEBUG] Executing script: attrition_score.py {
  "args": [],
  "pid": 4481,
  "cwd": "/Users/sim/selora-clean",
  "pythonPath": "python3",
  "timeout": 3600000,
  "maxRetries": 2
}
[2025-08-10T17:02:31.648Z] [WARN] Script attempt 1 failed, will retry: attrition_score.py {
  "script": "attrition_score.py",
  "duration": "63ms",
  "exitCode": 1,
  "signal": null,
  "attempt": 1,
  "maxAttempts": 3,
  "error": "Command failed: \"python3\" \"/Users/sim/selora-clean/attrition_score.py\"\nTraceback (most recent call last):\n  File \u001b[35m\"/Users/sim/selora-clean/attrition_score.py\"\u001b[0m, line \u001b[35m6\u001b[0m, in \u001b[35m<module>\u001b[0m\n    import numpy as np\n\u001b[1;35mModuleNotFoundError\u001b[0m: \u001b[35mNo module named 'numpy'\u001b[0m\n"
}
[2025-08-10T17:02:31.649Z] [WARN] Retry attempt 2 of 2 after 15000ms... {
  "script": "attrition_score.py",
  "previousError": "Command failed: \"python3\" \"/Users/sim/selora-clean/attrition_score.py\"\nTraceback (most recent call last):\n  File \u001b[35m\"/Users/sim/selora-clean/attrition_score.py\"\u001b[0m, line \u001b[35m6\u001b[0m, in \u001b[35m<module>\u001b[0m\n    import numpy as np\n\u001b[1;35mModuleNotFoundError\u001b[0m: \u001b[35mNo module named 'numpy'\u001b[0m\n"
}
[2025-08-10T17:02:46.740Z] [WARN] Script attempt 2 failed, will retry: attrition_score.py {
  "script": "attrition_score.py",
  "duration": "15155ms",
  "exitCode": 1,
  "signal": null,
  "attempt": 2,
  "maxAttempts": 3,
  "error": "Command failed: \"python3\" \"/Users/sim/selora-clean/attrition_score.py\"\nTraceback (most recent call last):\n  File \u001b[35m\"/Users/sim/selora-clean/attrition_score.py\"\u001b[0m, line \u001b[35m6\u001b[0m, in \u001b[35m<module>\u001b[0m\n    import numpy as np\n\u001b[1;35mModuleNotFoundError\u001b[0m: \u001b[35mNo module named 'numpy'\u001b[0m\n"
}
[2025-08-10T17:02:46.740Z] [WARN] Retry attempt 3 of 2 after 15000ms... {
  "script": "attrition_score.py",
  "previousError": "Command failed: \"python3\" \"/Users/sim/selora-clean/attrition_score.py\"\nTraceback (most recent call last):\n  File \u001b[35m\"/Users/sim/selora-clean/attrition_score.py\"\u001b[0m, line \u001b[35m6\u001b[0m, in \u001b[35m<module>\u001b[0m\n    import numpy as np\n\u001b[1;35mModuleNotFoundError\u001b[0m: \u001b[35mNo module named 'numpy'\u001b[0m\n"
}
[2025-08-10T17:03:01.826Z] [ERROR] Script failed after 3 attempts: attrition_score.py {
  "script": "attrition_score.py",
  "duration": "30241ms",
  "exitCode": 1,
  "signal": null,
  "attempt": 3,
  "maxAttempts": 3,
  "error": "Command failed: \"python3\" \"/Users/sim/selora-clean/attrition_score.py\"\nTraceback (most recent call last):\n  File \u001b[35m\"/Users/sim/selora-clean/attrition_score.py\"\u001b[0m, line \u001b[35m6\u001b[0m, in \u001b[35m<module>\u001b[0m\n    import numpy as np\n\u001b[1;35mModuleNotFoundError\u001b[0m: \u001b[35mNo module named 'numpy'\u001b[0m\n"
}
[2025-08-10T17:03:01.827Z] [INFO] [RESOURCE] Memory: 4.37MB used, 5.31MB total, 37.11MB RSS | Load: 2.34, 2.30, 2.43
[2025-08-10T17:03:01.827Z] [WARN] [WARNING] High memory usage: 82.3% of heap used
[2025-08-10T17:03:01.827Z] [ERROR] [attrition_score.py STDERR] Traceback (most recent call last):
  File [35m"/Users/sim/selora-clean/attrition_score.py"[0m, line [35m6[0m, in [35m<module>[0m
    import numpy as np
[1;35mModuleNotFoundError[0m: [35mNo module named 'numpy'[0m

[2025-08-10T17:03:01.827Z] [ERROR] ❌ [2/3] Attrition Score Calculation failed after 30.2s (attempt 1) {
  "script": "attrition_score.py",
  "duration": "30243ms",
  "attempts": 1,
  "startTime": "2025-08-10T17:02:31.585Z",
  "endTime": "2025-08-10T17:03:01.827Z"
}
[2025-08-10T17:03:01.827Z] [ERROR] 💥 Script failed: attrition_score.py (attempt 1/3) {
  "duration": "30243ms",
  "error": "Script failed after 3 attempts: Command failed: \"python3\" \"/Users/sim/selora-clean/attrition_score.py\"\nTraceback (most recent call last):\n  File \u001b[35m\"/Users/sim/selora-clean/attrition_score.py\"\u001b[0m, line \u001b[35m6\u001b[0m, in \u001b[35m<module>\u001b[0m\n    import numpy as np\n\u001b[1;35mModuleNotFoundError\u001b[0m: \u001b[35mNo module named 'numpy'\u001b[0m\n",
  "code": "N/A",
  "signal": "N/A"
}
[2025-08-10T17:03:01.827Z] [INFO] ⏳ Waiting 5s before next script...
[2025-08-10T17:03:06.829Z] [INFO] [RESOURCE] Memory: 4.41MB used, 5.31MB total, 37.13MB RSS | Load: 2.23, 2.28, 2.43
[2025-08-10T17:03:06.829Z] [WARN] [WARNING] High memory usage: 83.0% of heap used
[2025-08-10T17:03:06.830Z] [INFO] 
📋 [3/3] Starting script: Successor Identification {
  "script": "successor_identification.py",
  "args": "--refresh --batch-size=10",
  "timeout": "2700s",
  "maxRetries": 1,
  "retryDelay": "20000ms"
}
[2025-08-10T17:03:06.831Z] [DEBUG] Executing script: successor_identification.py {
  "args": [
    "--refresh",
    "--batch-size=10"
  ],
  "pid": 4481,
  "cwd": "/Users/sim/selora-clean",
  "pythonPath": "python3",
  "timeout": 2700000,
  "maxRetries": 1
}
[2025-08-10T17:03:06.947Z] [WARN] Script attempt 1 failed, will retry: successor_identification.py {
  "script": "successor_identification.py",
  "duration": "116ms",
  "exitCode": 1,
  "signal": null,
  "attempt": 1,
  "maxAttempts": 2,
  "error": "Command failed: \"python3\" \"/Users/sim/selora-clean/successor_identification.py\" \"--refresh\" \"--batch-size=10\"\nTraceback (most recent call last):\n  File \u001b[35m\"/Users/sim/selora-clean/successor_identification.py\"\u001b[0m, line \u001b[35m6\u001b[0m, in \u001b[35m<module>\u001b[0m\n    import numpy as np\n\u001b[1;35mModuleNotFoundError\u001b[0m: \u001b[35mNo module named 'numpy'\u001b[0m\n"
}
[2025-08-10T17:03:06.947Z] [WARN] Retry attempt 2 of 1 after 20000ms... {
  "script": "successor_identification.py",
  "previousError": "Command failed: \"python3\" \"/Users/sim/selora-clean/successor_identification.py\" \"--refresh\" \"--batch-size=10\"\nTraceback (most recent call last):\n  File \u001b[35m\"/Users/sim/selora-clean/successor_identification.py\"\u001b[0m, line \u001b[35m6\u001b[0m, in \u001b[35m<module>\u001b[0m\n    import numpy as np\n\u001b[1;35mModuleNotFoundError\u001b[0m: \u001b[35mNo module named 'numpy'\u001b[0m\n"
}
[2025-08-10T17:03:26.985Z] [ERROR] Script failed after 2 attempts: successor_identification.py {
  "script": "successor_identification.py",
  "duration": "20154ms",
  "exitCode": 1,
  "signal": null,
  "attempt": 2,
  "maxAttempts": 2,
  "error": "Command failed: \"python3\" \"/Users/sim/selora-clean/successor_identification.py\" \"--refresh\" \"--batch-size=10\"\nTraceback (most recent call last):\n  File \u001b[35m\"/Users/sim/selora-clean/successor_identification.py\"\u001b[0m, line \u001b[35m6\u001b[0m, in \u001b[35m<module>\u001b[0m\n    import numpy as np\n\u001b[1;35mModuleNotFoundError\u001b[0m: \u001b[35mNo module named 'numpy'\u001b[0m\n"
}
[2025-08-10T17:03:26.985Z] [ERROR] [successor_identification.py STDERR] Traceback (most recent call last):
  File [35m"/Users/sim/selora-clean/successor_identification.py"[0m, line [35m6[0m, in [35m<module>[0m
    import numpy as np
[1;35mModuleNotFoundError[0m: [35mNo module named 'numpy'[0m

[2025-08-10T17:03:26.985Z] [ERROR] ❌ [3/3] Successor Identification failed after 20.2s (attempt 1) {
  "script": "successor_identification.py",
  "duration": "20155ms",
  "attempts": 1,
  "startTime": "2025-08-10T17:03:06.830Z",
  "endTime": "2025-08-10T17:03:26.985Z"
}
[2025-08-10T17:03:26.985Z] [ERROR] 💥 Script failed: successor_identification.py (attempt 1/2) {
  "duration": "20155ms",
  "error": "Script failed after 2 attempts: Command failed: \"python3\" \"/Users/sim/selora-clean/successor_identification.py\" \"--refresh\" \"--batch-size=10\"\nTraceback (most recent call last):\n  File \u001b[35m\"/Users/sim/selora-clean/successor_identification.py\"\u001b[0m, line \u001b[35m6\u001b[0m, in \u001b[35m<module>\u001b[0m\n    import numpy as np\n\u001b[1;35mModuleNotFoundError\u001b[0m: \u001b[35mNo module named 'numpy'\u001b[0m\n",
  "code": "N/A",
  "signal": "N/A"
}
[2025-08-10T17:03:26.985Z] [INFO] ⏳ Waiting 5s before next script...
[2025-08-10T17:03:31.987Z] [INFO] [RESOURCE] Memory: 4.63MB used, 5.31MB total, 33.94MB RSS | Load: 3.14, 2.49, 2.50
[2025-08-10T17:03:31.987Z] [WARN] [WARNING] High memory usage: 87.1% of heap used
[2025-08-10T17:03:31.988Z] [INFO] 
📊 ====== DATA UPDATE SUMMARY ======
[2025-08-10T17:03:31.989Z] [INFO] 📅 Started: 2025-08-10T17:02:06.364Z
[2025-08-10T17:03:31.989Z] [INFO] 🏁 Finished: 2025-08-10T17:03:31.988Z
[2025-08-10T17:03:31.989Z] [INFO] ⏱️  Total Duration: 1.4 minutes
[2025-08-10T17:03:31.989Z] [INFO] 📋 Scripts: 3 total, 0 successful, 3 failed
[2025-08-10T17:03:31.989Z] [INFO] 📈 Success Rate: 0.0%
[2025-08-10T17:03:31.989Z] [INFO] 
📋 SCRIPT EXECUTION STATUS:
[2025-08-10T17:03:31.993Z] [INFO] 
💾 SYSTEM RESOURCE USAGE:
[2025-08-10T17:03:31.994Z] [INFO] Memory: 4.73MB used / 5.31MB total
[2025-08-10T17:03:31.994Z] [INFO] RSS: 34.89MB
[2025-08-10T17:03:31.994Z] [INFO] Load: 3.14, 2.49, 2.50
[2025-08-10T17:03:31.994Z] [WARN] 
⚠️  COMPLETED WITH 3 OF 3 SCRIPTS FAILING
[2025-08-10T17:03:31.994Z] [INFO] [RESOURCE] Memory: 4.75MB used, 5.31MB total, 34.92MB RSS | Load: 3.14, 2.49, 2.50
[2025-08-10T17:03:31.994Z] [WARN] [WARNING] High memory usage: 89.5% of heap used
[2025-08-10T17:03:31.994Z] [WARN] Initial update completed with 3 failures
[2025-08-10T17:03:31.994Z] [INFO] Initial update completed. Next update in 1440 minutes.
[2025-08-10T18:03:32.095Z] [DEBUG] [2025-08-10T18:03:32.095Z] Daemon is running...
[2025-08-10T18:03:32.097Z] [INFO] [RESOURCE] Memory: 4.03MB used, 5.31MB total, 31.17MB RSS | Load: 1.17, 1.19, 1.23
[2025-08-10T18:03:32.099Z] [WARN] [WARNING] High memory usage: 75.8% of heap used
[2025-08-10T19:03:32.074Z] [DEBUG] [2025-08-10T19:03:32.074Z] Daemon is running...
[2025-08-10T19:03:32.077Z] [INFO] [RESOURCE] Memory: 4.04MB used, 5.31MB total, 30.61MB RSS | Load: 1.33, 1.87, 1.99
[2025-08-10T19:03:32.078Z] [WARN] [WARNING] High memory usage: 76.1% of heap used
[2025-08-10T20:03:32.062Z] [DEBUG] [2025-08-10T20:03:32.062Z] Daemon is running...
[2025-08-10T20:03:32.064Z] [INFO] [RESOURCE] Memory: 4.05MB used, 5.31MB total, 24.81MB RSS | Load: 1.41, 2.04, 2.09
[2025-08-10T20:03:32.065Z] [WARN] [WARNING] High memory usage: 76.3% of heap used
[2025-08-10T21:03:32.070Z] [DEBUG] [2025-08-10T21:03:32.070Z] Daemon is running...
[2025-08-10T21:03:32.071Z] [INFO] [RESOURCE] Memory: 4.07MB used, 5.31MB total, 24.73MB RSS | Load: 3.24, 2.32, 1.90
[2025-08-10T21:03:32.071Z] [WARN] [WARNING] High memory usage: 76.6% of heap used
