[2025-08-16T00:00:00.021Z] [INFO] Found 0 reports to execute in company_ry0iwbpw
[2025-08-16T00:00:00.026Z] [INFO] Scheduled reports check completed
[2025-08-16T00:00:00.034Z] [DEBUG] MongoDB connection closed
[2025-08-16T00:00:09.170Z] [INFO] Checking for scheduled reports...
[2025-08-16T00:00:09.795Z] [DEBUG] Connected to MongoDB
[2025-08-16T00:00:09.858Z] [INFO] Found 3 company databases
[2025-08-16T00:00:09.859Z] [DEBUG] Processing company database: company_6I22ydwr
[2025-08-16T00:00:09.915Z] [DEBUG] Skipping company_6I22ydwr: No scheduled reports collection found
[2025-08-16T00:00:09.916Z] [DEBUG] Processing company database: company_ieebsmug
[2025-08-16T00:00:09.970Z] [DEBUG] Skipping company_ieebsmug: No scheduled reports collection found
[2025-08-16T00:00:09.971Z] [DEBUG] Processing company database: company_ry0iwbpw
[2025-08-16T00:00:10.027Z] [DEBUG] Finding reports to execute in company_ry0iwbpw (current time: 2025-08-16T00:00:10.027Z)
[2025-08-16T00:00:10.086Z] [INFO] Found 0 reports to execute in company_ry0iwbpw
[2025-08-16T00:00:10.086Z] [INFO] Scheduled reports check completed
[2025-08-16T00:00:10.089Z] [DEBUG] MongoDB connection closed
[2025-08-16T00:00:19.171Z] [INFO] Checking for scheduled reports...
[2025-08-16T00:00:19.781Z] [DEBUG] Connected to MongoDB
[2025-08-16T00:00:19.850Z] [INFO] Found 3 company databases
[2025-08-16T00:00:19.851Z] [DEBUG] Processing company database: company_6I22ydwr
[2025-08-16T00:00:19.900Z] [DEBUG] Skipping company_6I22ydwr: No scheduled reports collection found
[2025-08-16T00:00:19.901Z] [DEBUG] Processing company database: company_ieebsmug
[2025-08-16T00:00:19.951Z] [DEBUG] Skipping company_ieebsmug: No scheduled reports collection found
[2025-08-16T00:00:19.951Z] [DEBUG] Processing company database: company_ry0iwbpw
[2025-08-16T00:00:20.003Z] [DEBUG] Finding reports to execute in company_ry0iwbpw (current time: 2025-08-16T00:00:20.003Z)
[2025-08-16T00:00:20.053Z] [INFO] Found 0 reports to execute in company_ry0iwbpw
[2025-08-16T00:00:20.053Z] [INFO] Scheduled reports check completed
[2025-08-16T00:00:20.056Z] [DEBUG] MongoDB connection closed
[2025-08-16T00:00:29.173Z] [INFO] Checking for scheduled reports...
[2025-08-16T00:00:29.796Z] [DEBUG] Connected to MongoDB
[2025-08-16T00:00:29.860Z] [INFO] Found 3 company databases
[2025-08-16T00:00:29.860Z] [DEBUG] Processing company database: company_6I22ydwr
[2025-08-16T00:00:29.916Z] [DEBUG] Skipping company_6I22ydwr: No scheduled reports collection found
[2025-08-16T00:00:29.916Z] [DEBUG] Processing company database: company_ieebsmug
[2025-08-16T00:00:29.971Z] [DEBUG] Skipping company_ieebsmug: No scheduled reports collection found
[2025-08-16T00:00:29.971Z] [DEBUG] Processing company database: company_ry0iwbpw
[2025-08-16T00:00:30.027Z] [DEBUG] Finding reports to execute in company_ry0iwbpw (current time: 2025-08-16T00:00:30.027Z)
[2025-08-16T00:00:30.081Z] [INFO] Found 0 reports to execute in company_ry0iwbpw
[2025-08-16T00:00:30.082Z] [INFO] Scheduled reports check completed
[2025-08-16T00:00:30.086Z] [DEBUG] MongoDB connection closed
[2025-08-16T00:00:39.173Z] [INFO] Checking for scheduled reports...
[2025-08-16T00:00:39.828Z] [DEBUG] Connected to MongoDB
[2025-08-16T00:00:39.886Z] [INFO] Found 3 company databases
[2025-08-16T00:00:39.886Z] [DEBUG] Processing company database: company_6I22ydwr
[2025-08-16T00:00:39.937Z] [DEBUG] Skipping company_6I22ydwr: No scheduled reports collection found
[2025-08-16T00:00:39.937Z] [DEBUG] Processing company database: company_ieebsmug
[2025-08-16T00:00:39.988Z] [DEBUG] Skipping company_ieebsmug: No scheduled reports collection found
[2025-08-16T00:00:39.989Z] [DEBUG] Processing company database: company_ry0iwbpw
[2025-08-16T00:00:40.039Z] [DEBUG] Finding reports to execute in company_ry0iwbpw (current time: 2025-08-16T00:00:40.039Z)
[2025-08-16T00:00:40.089Z] [INFO] Found 0 reports to execute in company_ry0iwbpw
[2025-08-16T00:00:40.089Z] [INFO] Scheduled reports check completed
[2025-08-16T00:00:40.092Z] [DEBUG] MongoDB connection closed
[2025-08-16T00:00:49.173Z] [INFO] Checking for scheduled reports...
[2025-08-16T00:00:49.753Z] [DEBUG] Connected to MongoDB
[2025-08-16T00:00:49.810Z] [INFO] Found 3 company databases
[2025-08-16T00:00:49.811Z] [DEBUG] Processing company database: company_6I22ydwr
[2025-08-16T00:00:49.860Z] [DEBUG] Skipping company_6I22ydwr: No scheduled reports collection found
[2025-08-16T00:00:49.860Z] [DEBUG] Processing company database: company_ieebsmug
[2025-08-16T00:00:49.909Z] [DEBUG] Skipping company_ieebsmug: No scheduled reports collection found
[2025-08-16T00:00:49.910Z] [DEBUG] Processing company database: company_ry0iwbpw
[2025-08-16T00:00:49.960Z] [DEBUG] Finding reports to execute in company_ry0iwbpw (current time: 2025-08-16T00:00:49.960Z)
[2025-08-16T00:00:50.009Z] [INFO] Found 0 reports to execute in company_ry0iwbpw
[2025-08-16T00:00:50.009Z] [INFO] Scheduled reports check completed
[2025-08-16T00:00:50.011Z] [DEBUG] MongoDB connection closed
[2025-08-16T00:00:59.173Z] [INFO] Checking for scheduled reports...
[2025-08-16T00:00:59.792Z] [DEBUG] Connected to MongoDB
[2025-08-16T00:00:59.854Z] [INFO] Found 3 company databases
[2025-08-16T00:00:59.855Z] [DEBUG] Processing company database: company_6I22ydwr
[2025-08-16T00:00:59.909Z] [DEBUG] Skipping company_6I22ydwr: No scheduled reports collection found
[2025-08-16T00:00:59.910Z] [DEBUG] Processing company database: company_ieebsmug
[2025-08-16T00:00:59.964Z] [DEBUG] Skipping company_ieebsmug: No scheduled reports collection found
[2025-08-16T00:00:59.964Z] [DEBUG] Processing company database: company_ry0iwbpw
[2025-08-16T00:01:00.022Z] [DEBUG] Finding reports to execute in company_ry0iwbpw (current time: 2025-08-16T00:01:00.022Z)
[2025-08-16T00:01:00.075Z] [INFO] Found 0 reports to execute in company_ry0iwbpw
[2025-08-16T00:01:00.076Z] [INFO] Scheduled reports check completed
[2025-08-16T00:01:00.079Z] [DEBUG] MongoDB connection closed
[2025-08-16T00:01:09.175Z] [INFO] Checking for scheduled reports...
[2025-08-16T00:01:09.985Z] [DEBUG] Connected to MongoDB
[2025-08-16T00:01:10.048Z] [INFO] Found 3 company databases
[2025-08-16T00:01:10.049Z] [DEBUG] Processing company database: company_6I22ydwr
[2025-08-16T00:01:10.103Z] [DEBUG] Skipping company_6I22ydwr: No scheduled reports collection found
[2025-08-16T00:01:10.104Z] [DEBUG] Processing company database: company_ieebsmug
[2025-08-16T00:01:10.157Z] [DEBUG] Skipping company_ieebsmug: No scheduled reports collection found
[2025-08-16T00:01:10.158Z] [DEBUG] Processing company database: company_ry0iwbpw
[2025-08-16T00:01:10.211Z] [DEBUG] Finding reports to execute in company_ry0iwbpw (current time: 2025-08-16T00:01:10.211Z)
[2025-08-16T00:01:10.265Z] [INFO] Found 0 reports to execute in company_ry0iwbpw
[2025-08-16T00:01:10.265Z] [INFO] Scheduled reports check completed
[2025-08-16T00:01:10.267Z] [DEBUG] MongoDB connection closed
[2025-08-16T00:01:19.175Z] [INFO] Checking for scheduled reports...
[2025-08-16T00:01:19.793Z] [DEBUG] Connected to MongoDB
[2025-08-16T00:01:19.856Z] [INFO] Found 3 company databases
[2025-08-16T00:01:19.857Z] [DEBUG] Processing company database: company_6I22ydwr
[2025-08-16T00:01:19.911Z] [DEBUG] Skipping company_6I22ydwr: No scheduled reports collection found
[2025-08-16T00:01:19.912Z] [DEBUG] Processing company database: company_ieebsmug
[2025-08-16T00:01:19.966Z] [DEBUG] Skipping company_ieebsmug: No scheduled reports collection found
[2025-08-16T00:01:19.967Z] [DEBUG] Processing company database: company_ry0iwbpw
[2025-08-16T00:01:20.025Z] [DEBUG] Finding reports to execute in company_ry0iwbpw (current time: 2025-08-16T00:01:20.025Z)
[2025-08-16T00:01:20.079Z] [INFO] Found 0 reports to execute in company_ry0iwbpw
[2025-08-16T00:01:20.080Z] [INFO] Scheduled reports check completed
[2025-08-16T00:01:20.084Z] [DEBUG] MongoDB connection closed
[2025-08-16T00:01:29.176Z] [INFO] Checking for scheduled reports...
[2025-08-16T00:01:29.778Z] [DEBUG] Connected to MongoDB
[2025-08-16T00:01:29.839Z] [INFO] Found 3 company databases
[2025-08-16T00:01:29.839Z] [DEBUG] Processing company database: company_6I22ydwr
[2025-08-16T00:01:29.893Z] [DEBUG] Skipping company_6I22ydwr: No scheduled reports collection found
[2025-08-16T00:01:29.894Z] [DEBUG] Processing company database: company_ieebsmug
[2025-08-16T00:01:29.947Z] [DEBUG] Skipping company_ieebsmug: No scheduled reports collection found
[2025-08-16T00:01:29.947Z] [DEBUG] Processing company database: company_ry0iwbpw
[2025-08-16T00:01:30.001Z] [DEBUG] Finding reports to execute in company_ry0iwbpw (current time: 2025-08-16T00:01:30.001Z)
[2025-08-16T00:01:30.054Z] [INFO] Found 0 reports to execute in company_ry0iwbpw
[2025-08-16T00:01:30.054Z] [INFO] Scheduled reports check completed
[2025-08-16T00:01:30.056Z] [DEBUG] MongoDB connection closed
[2025-08-16T00:01:39.177Z] [INFO] Checking for scheduled reports...
[2025-08-16T00:01:39.863Z] [DEBUG] Connected to MongoDB
[2025-08-16T00:01:39.929Z] [INFO] Found 3 company databases
[2025-08-16T00:01:39.930Z] [DEBUG] Processing company database: company_6I22ydwr
[2025-08-16T00:01:39.984Z] [DEBUG] Skipping company_6I22ydwr: No scheduled reports collection found
[2025-08-16T00:01:39.984Z] [DEBUG] Processing company database: company_ieebsmug
[2025-08-16T00:01:40.044Z] [DEBUG] Skipping company_ieebsmug: No scheduled reports collection found
[2025-08-16T00:01:40.045Z] [DEBUG] Processing company database: company_ry0iwbpw
[2025-08-16T00:01:40.103Z] [DEBUG] Finding reports to execute in company_ry0iwbpw (current time: 2025-08-16T00:01:40.103Z)
[2025-08-16T00:01:40.157Z] [INFO] Found 0 reports to execute in company_ry0iwbpw
[2025-08-16T00:01:40.157Z] [INFO] Scheduled reports check completed
[2025-08-16T00:01:40.160Z] [DEBUG] MongoDB connection closed
[2025-08-16T00:01:49.178Z] [INFO] Checking for scheduled reports...
[2025-08-16T00:01:49.781Z] [DEBUG] Connected to MongoDB
[2025-08-16T00:01:49.842Z] [INFO] Found 3 company databases
[2025-08-16T00:01:49.843Z] [DEBUG] Processing company database: company_6I22ydwr
[2025-08-16T00:01:49.897Z] [DEBUG] Skipping company_6I22ydwr: No scheduled reports collection found
[2025-08-16T00:01:49.897Z] [DEBUG] Processing company database: company_ieebsmug
[2025-08-16T00:01:49.950Z] [DEBUG] Skipping company_ieebsmug: No scheduled reports collection found
[2025-08-16T00:01:49.951Z] [DEBUG] Processing company database: company_ry0iwbpw
[2025-08-16T00:01:50.005Z] [DEBUG] Finding reports to execute in company_ry0iwbpw (current time: 2025-08-16T00:01:50.005Z)
[2025-08-16T00:01:50.061Z] [INFO] Found 0 reports to execute in company_ry0iwbpw
[2025-08-16T00:01:50.061Z] [INFO] Scheduled reports check completed
[2025-08-16T00:01:50.064Z] [DEBUG] MongoDB connection closed
[2025-08-16T00:01:59.179Z] [INFO] Checking for scheduled reports...
[2025-08-16T00:01:59.800Z] [DEBUG] Connected to MongoDB
[2025-08-16T00:01:59.862Z] [INFO] Found 3 company databases
[2025-08-16T00:01:59.863Z] [DEBUG] Processing company database: company_6I22ydwr
[2025-08-16T00:01:59.920Z] [DEBUG] Skipping company_6I22ydwr: No scheduled reports collection found
[2025-08-16T00:01:59.921Z] [DEBUG] Processing company database: company_ieebsmug
[2025-08-16T00:01:59.975Z] [DEBUG] Skipping company_ieebsmug: No scheduled reports collection found
[2025-08-16T00:01:59.976Z] [DEBUG] Processing company database: company_ry0iwbpw
[2025-08-16T00:02:00.031Z] [DEBUG] Finding reports to execute in company_ry0iwbpw (current time: 2025-08-16T00:02:00.031Z)
[2025-08-16T00:02:00.084Z] [INFO] Found 0 reports to execute in company_ry0iwbpw
[2025-08-16T00:02:00.084Z] [INFO] Scheduled reports check completed
[2025-08-16T00:02:00.086Z] [DEBUG] MongoDB connection closed
[2025-08-16T00:02:09.180Z] [INFO] Checking for scheduled reports...
[2025-08-16T00:02:09.783Z] [DEBUG] Connected to MongoDB
[2025-08-16T00:02:09.845Z] [INFO] Found 3 company databases
[2025-08-16T00:02:09.846Z] [DEBUG] Processing company database: company_6I22ydwr
[2025-08-16T00:02:09.900Z] [DEBUG] Skipping company_6I22ydwr: No scheduled reports collection found
[2025-08-16T00:02:09.901Z] [DEBUG] Processing company database: company_ieebsmug
[2025-08-16T00:02:09.954Z] [DEBUG] Skipping company_ieebsmug: No scheduled reports collection found
[2025-08-16T00:02:09.955Z] [DEBUG] Processing company database: company_ry0iwbpw
[2025-08-16T00:02:10.009Z] [DEBUG] Finding reports to execute in company_ry0iwbpw (current time: 2025-08-16T00:02:10.009Z)
[2025-08-16T00:02:10.064Z] [INFO] Found 0 reports to execute in company_ry0iwbpw
[2025-08-16T00:02:10.065Z] [INFO] Scheduled reports check completed
[2025-08-16T00:02:10.069Z] [DEBUG] MongoDB connection closed
[2025-08-16T00:02:19.180Z] [INFO] Checking for scheduled reports...
[2025-08-16T00:02:19.786Z] [DEBUG] Connected to MongoDB
[2025-08-16T00:02:19.846Z] [INFO] Found 3 company databases
[2025-08-16T00:02:19.847Z] [DEBUG] Processing company database: company_6I22ydwr
[2025-08-16T00:02:19.900Z] [DEBUG] Skipping company_6I22ydwr: No scheduled reports collection found
[2025-08-16T00:02:19.901Z] [DEBUG] Processing company database: company_ieebsmug
[2025-08-16T00:02:19.955Z] [DEBUG] Skipping company_ieebsmug: No scheduled reports collection found
[2025-08-16T00:02:19.955Z] [DEBUG] Processing company database: company_ry0iwbpw
[2025-08-16T00:02:20.014Z] [DEBUG] Finding reports to execute in company_ry0iwbpw (current time: 2025-08-16T00:02:20.014Z)
[2025-08-16T00:02:20.068Z] [INFO] Found 0 reports to execute in company_ry0iwbpw
[2025-08-16T00:02:20.069Z] [INFO] Scheduled reports check completed
[2025-08-16T00:02:20.071Z] [DEBUG] MongoDB connection closed
[2025-08-16T00:02:29.181Z] [INFO] Checking for scheduled reports...
[2025-08-16T00:02:29.920Z] [DEBUG] Connected to MongoDB
[2025-08-16T00:02:29.992Z] [INFO] Found 3 company databases
[2025-08-16T00:02:29.992Z] [DEBUG] Processing company database: company_6I22ydwr
[2025-08-16T00:02:30.046Z] [DEBUG] Skipping company_6I22ydwr: No scheduled reports collection found
[2025-08-16T00:02:30.046Z] [DEBUG] Processing company database: company_ieebsmug
[2025-08-16T00:02:30.098Z] [DEBUG] Skipping company_ieebsmug: No scheduled reports collection found
[2025-08-16T00:02:30.098Z] [DEBUG] Processing company database: company_ry0iwbpw
[2025-08-16T00:02:30.151Z] [DEBUG] Finding reports to execute in company_ry0iwbpw (current time: 2025-08-16T00:02:30.151Z)
[2025-08-16T00:02:30.217Z] [INFO] Found 0 reports to execute in company_ry0iwbpw
[2025-08-16T00:02:30.217Z] [INFO] Scheduled reports check completed
[2025-08-16T00:02:30.219Z] [DEBUG] MongoDB connection closed
[2025-08-16T00:02:39.183Z] [INFO] Checking for scheduled reports...
[2025-08-16T00:02:39.893Z] [DEBUG] Connected to MongoDB
[2025-08-16T00:02:39.959Z] [INFO] Found 3 company databases
[2025-08-16T00:02:39.960Z] [DEBUG] Processing company database: company_6I22ydwr
[2025-08-16T00:02:40.020Z] [DEBUG] Skipping company_6I22ydwr: No scheduled reports collection found
[2025-08-16T00:02:40.020Z] [DEBUG] Processing company database: company_ieebsmug
[2025-08-16T00:02:40.077Z] [DEBUG] Skipping company_ieebsmug: No scheduled reports collection found
[2025-08-16T00:02:40.079Z] [DEBUG] Processing company database: company_ry0iwbpw
[2025-08-16T00:02:40.149Z] [DEBUG] Finding reports to execute in company_ry0iwbpw (current time: 2025-08-16T00:02:40.149Z)
[2025-08-16T00:02:40.228Z] [INFO] Found 0 reports to execute in company_ry0iwbpw
[2025-08-16T00:02:40.233Z] [INFO] Scheduled reports check completed
[2025-08-16T00:02:40.235Z] [DEBUG] MongoDB connection closed
